Testing broadcast...
[32minfo[39m: Database connection established {"service":"spoken-word-chms","timestamp":"2026-01-24 23:08:01"}
Using announcement ID: d279173a-7275-42b5-9f66-deed148396ef
[32minfo[39m: Africa's Talking SDK initialized successfully {"service":"spoken-word-chms","timestamp":"2026-01-24 23:08:01"}
[32minfo[39m: Queued email for admin@spokenword.com {"service":"spoken-word-chms","timestamp":"2026-01-24 23:08:01"}
[31merror[39m: Request failed with status code 401 {"code":"ERR_BAD_REQUEST","config":{"adapter":["xhr","http","fetch"],"allowAbsoluteUrls":true,"data":"username=sandbox&to=%2B254743912192&message=We+are+excited+to+welcome+our+new+members+who+joined+us+this+month.+Please+introduce+yourself+after+the+service%21&bulkSMSMode=1","env":{},"headers":{"Accept":"application/json","Accept-Encoding":"gzip, compress, deflate, br","Content-Length":"172","Content-Type":"application/x-www-form-urlencoded;charset=utf-8","User-Agent":"axios/1.13.2","apikey":"atsk_14d921f6750ef9bcff13651d3d04cf40d567cbe650659c682114795c03fbea451fb9c889"},"maxBodyLength":-1,"maxContentLength":-1,"method":"post","timeout":0,"transformRequest":[null],"transformResponse":[null],"transitional":{"clarifyTimeoutError":false,"forcedJSONParsing":true,"silentJSONParsing":true},"url":"https://api.sandbox.africastalking.com/version1/messaging","xsrfCookieName":"XSRF-TOKEN","xsrfHeaderName":"X-XSRF-TOKEN"},"name":"AxiosError","request":{"_closed":true,"_contentLength":"172","_defaultKeepAlive":true,"_ended":true,"_events":{},"_eventsCount":7,"_hasBody":true,"_header":"POST /version1/messaging HTTP/1.1\r\nAccept: application/json\r\nContent-Type: application/x-www-form-urlencoded;charset=utf-8\r\napikey: atsk_14d921f6750ef9bcff13651d3d04cf40d567cbe650659c682114795c03fbea451fb9c889\r\nUser-Agent: axios/1.13.2\r\nContent-Length: 172\r\nAccept-Encoding: gzip, compress, deflate, br\r\nHost: api.sandbox.africastalking.com\r\nConnection: keep-alive\r\n\r\n","_headerSent":true,"_keepAliveTimeout":0,"_last":false,"_redirectable":{"_currentRequest":"[Circular]","_currentUrl":"https://api.sandbox.africastalking.com/version1/messaging","_ended":true,"_ending":true,"_events":{"socket":[null,null]},"_eventsCount":3,"_options":{"agents":{},"beforeRedirects":{},"headers":{"Accept":"application/json","Accept-Encoding":"gzip, compress, deflate, br","Content-Length":"172","Content-Type":"application/x-www-form-urlencoded;charset=utf-8","User-Agent":"axios/1.13.2","apikey":"atsk_14d921f6750ef9bcff13651d3d04cf40d567cbe650659c682114795c03fbea451fb9c889"},"hostname":"api.sandbox.africastalking.com","maxBodyLength":null,"maxRedirects":21,"method":"POST","nativeProtocols":{"http:":{"METHODS":["ACL","BIND","CHECKOUT","CONNECT","COPY","DELETE","GET","HEAD","LINK","LOCK","M-SEARCH","MERGE","MKACTIVITY","MKCALENDAR","MKCOL","MOVE","NOTIFY","OPTIONS","PATCH","POST","PROPFIND","PROPPATCH","PURGE","PUT","REBIND","REPORT","SEARCH","SOURCE","SUBSCRIBE","TRACE","UNBIND","UNLINK","UNLOCK","UNSUBSCRIBE"],"STATUS_CODES":{"100":"Continue","101":"Switching Protocols","102":"Processing","103":"Early Hints","200":"OK","201":"Created","202":"Accepted","203":"Non-Authoritative Information","204":"No Content","205":"Reset Content","206":"Partial Content","207":"Multi-Status","208":"Already Reported","226":"IM Used","300":"Multiple Choices","301":"Moved Permanently","302":"Found","303":"See Other","304":"Not Modified","305":"Use Proxy","307":"Temporary Redirect","308":"Permanent Redirect","400":"Bad Request","401":"Unauthorized","402":"Payment Required","403":"Forbidden","404":"Not Found","405":"Method Not Allowed","406":"Not Acceptable","407":"Proxy Authentication Required","408":"Request Timeout","409":"Conflict","410":"Gone","411":"Length Required","412":"Precondition Failed","413":"Payload Too Large","414":"URI Too Long","415":"Unsupported Media Type","416":"Range Not Satisfiable","417":"Expectation Failed","418":"I'm a Teapot","421":"Misdirected Request","422":"Unprocessable Entity","423":"Locked","424":"Failed Dependency","425":"Too Early","426":"Upgrade Required","428":"Precondition Required","429":"Too Many Requests","431":"Request Header Fields Too Large","451":"Unavailable For Legal Reasons","500":"Internal Server Error","501":"Not Implemented","502":"Bad Gateway","503":"Service Unavailable","504":"Gateway Timeout","505":"HTTP Version Not Supported","506":"Variant Also Negotiates","507":"Insufficient Storage","508":"Loop Detected","509":"Bandwidth Limit Exceeded","510":"Not Extended","511":"Network Authentication Required"},"globalAgent":{"_events":{},"_eventsCount":2,"defaultPort":80,"freeSockets":{},"keepAlive":true,"keepAliveMsecs":1000,"maxFreeSockets":256,"maxSockets":null,"maxTotalSockets":null,"options":{"keepAlive":true,"noDelay":true,"path":null,"scheduling":"lifo","timeout":5000},"protocol":"http:","requests":{},"scheduling":"lifo","sockets":{},"totalSocketCount":0},"maxHeaderSize":16384},"https:":{"globalAgent":{"_events":{},"_eventsCount":2,"_sessionCache":{"list":["api.sandbox.africastalking.com:443:::::::::::::::::::::"],"map":{"api.sandbox.africastalking.com:443:::::::::::::::::::::":{"data":[48,130,7,80,2,1,1,2,2,3,4,4,2,19,1,4,32,81,97,50,36,46,230,192,196,15,18,65,248,148,178,8,52,71,42,36,205,124,20,116,246,213,97,118,196,204,218,80,208,4,32,23,196,236,46,128,112,172,107,247,57,84,39,179,105,17,207,202,142,12,212,78,130,100,105,6,36,93,37,215,82,123,93,161,6,2,4,105,117,38,162,162,4,2,2,28,32,163,130,6,97,48,130,6,93,48,130,5,69,160,3,2,1,2,2,16,71,152,108,120,247,108,212,9,146,252,20,154,206,236,55,65,48,13,6,9,42,134,72,134,247,13,1,1,11,5,0,48,129,143,49,11,48,9,6,3,85,4,6,19,2,71,66,49,27,48,25,6,3,85,4,8,19,18,71,114,101,97,116,101,114,32,77,97,110,99,104,101,115,116,101,114,49,16,48,14,6,3,85,4,7,19,7,83,97,108,102,111,114,100,49,24,48,22,6,3,85,4,10,19,15,83,101,99,116,105,103,111,32,76,105,109,105,116,101,100,49,55,48,53,6,3,85,4,3,19,46,83,101,99,116,105,103,111,32,82,83,65,32,68,111,109,97,105,110,32,86,97,108,105,100,97,116,105,111,110,32,83,101,99,117,114,101,32,83,101,114,118,101,114,32,67,65,48,30,23,13,50,53,48,52,50,57,48,48,48,48,48,48,90,23,13,50,54,48,53,51,48,50,51,53,57,53,57,90,48,39,49,37,48,35,6,3,85,4,3,12,28,42,46,115,97,110,100,98,111,120,46,97,102,114,105,99,97,115,116,97,108,107,105,110,103,46,99,111,109,48,130,1,34,48,13,6,9,42,134,72,134,247,13,1,1,1,5,0,3,130,1,15,0,48,130,1,10,2,130,1,1,0,180,197,142,65,200,138,157,238,86,92,149,63,3,60,215,129,8,106,219,121,250,32,228,201,25,171,79,20,88,60,113,170,180,220,203,78,100,129,103,56,33,88,173,202,228,183,52,101,84,220,157,84,26,205,118,154,156,30,117,17,79,44,212,143,223,53,213,99,124,141,239,152,119,197,215,35,170,240,100,173,234,163,8,148,9,1,158,241,253,179,243,37,210,8,239,60,198,112,254,251,185,177,41,226,208,10,27,243,0,87,128,240,149,107,52,173,60,45,122,232,247,142,63,108,168,231,29,183,136,118,15,116,104,74,244,223,59,161,68,127,75,227,130,249,227,118,86,239,0,191,126,103,221,9,250,184,118,171,121,167,102,24,136,61,171,165,223,247,13,199,0,52,250,44,67,21,220,253,163,187,188,180,217,228,154,196,188,252,50,144,92,100,57,158,59,176,217,55,7,156,65,126,157,121,148,166,128,238,76,74,255,118,216,192,132,114,211,227,139,146,60,154,12,131,113,225,174,110,123,119,39,169,26,33,111,122,202,32,60,120,125,214,75,153,248,40,103,138,2,220,75,224,154,199,40,187,2,3,1,0,1,163,130,3,26,48,130,3,22,48,31,6,3,85,29,35,4,24,48,22,128,20,141,140,94,196,84,173,138,225,119,233,155,249,155,5,225,184,1,141,97,225,48,29,6,3,85,29,14,4,22,4,20,254,132,221,220,157,87,125,114,99,219,177,204,43,16,193,53,117,69,165,56,48,14,6,3,85,29,15,1,1,255,4,4,3,2,5,160,48,12,6,3,85,29,19,1,1,255,4,2,48,0,48,29,6,3,85,29,37,4,22,48,20,6,8,43,6,1,5,5,7,3,1,6,8,43,6,1,5,5,7,3,2,48,73,6,3,85,29,32,4,66,48,64,48,52,6,11,43,6,1,4,1,178,49,1,2,2,7,48,37,48,35,6,8,43,6,1,5,5,7,2,1,22,23,104,116,116,112,115,58,47,47,115,101,99,116,105,103,111,46,99,111,109,47,67,80,83,48,8,6,6,103,129,12,1,2,1,48,129,132,6,8,43,6,1,5,5,7,1,1,4,120,48,118,48,79,6,8,43,6,1,5,5,7,48,2,134,67,104,116,116,112,58,47,47,99,114,116,46,115,101,99,116,105,103,111,46,99,111,109,47,83,101,99,116,105,103,111,82,83,65,68,111,109,97,105,110,86,97,108,105,100,97,116,105,111,110,83,101,99,117,114,101,83,101,114,118,101,114,67,65,46,99,114,116,48,35,6,8,43,6,1,5,5,7,48,1,134,23,104,116,116,112,58,47,47,111,99,115,112,46,115,101,99,116,105,103,111,46,99,111,109,48,67,6,3,85,29,17,4,60,48,58,130,28,42,46,115,97,110,100,98,111,120,46,97,102,114,105,99,97,115,116,97,108,107,105,110,103,46,99,111,109,130,26,115,97,110,100,98,111,120,46,97,102,114,105,99,97,115,116,97,108,107,105,110,103,46,99,111,109,48,130,1,126,6,10,43,6,1,4,1,214,121,2,4,2,4,130,1,110,4,130,1,106,1,104,0,118,0,150,151,100,191,85,88,151,173,247,67,135,104,55,8,66,119,233,240,58,213,246,164,243,54,110,70,164,63,15,202,169,198,0,0,1,150,129,69,131,153,0,0,4,3,0,71,48,69,2,33,0,192,113,236,130,106,119,225,21,227,48,108,83,203,105,159,22,117,184,27,85,180,62,205,195,199,195,176,119,15,35,200,225,2,32,79,251,47,115,242,132,249,130,157,90,214,23,119,203,106,154,48,75,159,0,8,38,86,248,36,166,243,119,50,112,78,196,0,118,0,25,134,212,199,40,170,111,254,186,3,111,120,42,77,1,145,170,206,45,114,49,15,174,206,93,112,65,45,37,76,199,212,0,0,1,150,129,69,131,79,0,0,4,3,0,71,48,69,2,33,0,145,137,144,59,202,182,50,64,67,122,201,20,108,168,246,157,242,230,199,16,129,49,229,130,49,89,210,38,38,68,49,227,2,32,82,67,14,34,86,26,59,133,66,104,173,112,219,9,64,73,57,204,47,156,245,60,37,228,171,218,249,255,21,18,23,84,0,118,0,14,87,148,188,243,174,169,62,51,27,44,153,7,179,247,144,223,155,194,61,113,50,37,221,33,169,37,172,97,197,78,33,0,0,1,150,129,69,131,56,0,0,4,3,0,71,48,69,2,33,0,240,251,189,18,156,251,161,204,187,98,251,102,90,87,63,116,50,103,58,197,10,176,157,123,24,16,70,178,197,226,168,218,2,32,61,248,238,159,80,72,238,215,212,144,41,41,1,247,90,188,51,46,238,53,182,4,33,104,103,208,118,26,161,203,164,71,48,13,6,9,42,134,72,134,247,13,1,1,11,5,0,3,130,1,1,0,36,13,72,203,198,213,210,25,162,206,66,193,12,118,32,130,134,195,31,146,240,5,124,54,66,147,79,25,152,192,172,17,208,153,44,145,94,238,93,167,123,162,228,97,155,102,86,12,207,102,122,101,76,14,37,27,19,157,38,96,188,149,173,48,62,108,106,114,181,78,200,103,243,244,106,57,214,219,107,87,37,186,70,84,24,47,155,189,77,146,88,151,97,229,16,112,10,207,75,79,53,237,66,233,152,151,226,88,155,146,207,157,247,72,229,206,145,207,96,2,52,63,112,45,217,36,255,27,241,104,219,230,186,117,106,232,62,71,73,118,1,139,240,115,113,10,14,89,30,22,68,13,195,12,128,59,191,212,174,162,33,70,19,172,122,209,26,45,22,8,249,241,124,251,159,235,118,157,155,164,167,163,62,108,156,228,103,115,145,27,122,241,223,131,52,67,30,48,14,31,94,216,136,92,37,108,20,35,76,16,182,139,196,2,63,199,51,59,244,51,47,21,2,173,83,129,44,189,134,74,67,227,136,71,176,190,236,117,254,131,38,95,45,117,96,183,203,100,157,10,122,94,246,79,151,157,164,2,4,0,169,5,2,3,9,58,128,170,115,4,113,236,53,99,195,104,199,44,68,239,245,153,20,164,1,82,13,140,109,88,74,115,187,106,81,105,142,179,236,200,14,198,189,199,226,157,78,39,213,253,213,13,0,112,36,207,38,45,104,95,111,127,114,61,212,139,70,109,7,239,167,150,10,77,227,124,234,187,34,103,44,24,193,99,138,255,179,51,217,130,237,172,150,177,69,190,174,31,211,98,224,54,170,218,39,147,16,12,70,63,17,152,73,205,233,119,110,137,103,226,69,119,202,213,174,7,2,5,0,136,187,190,81,179,3,2,1,29],"type":"Buffer"}}},"defaultPort":443,"freeSockets":{"api.sandbox.africastalking.com:443:::::::::::::::::::::":[{"_SNICallback":null,"_closeAfterHandlingError":false,"_controlReleased":true,"_events":{"close":[null,null,null],"timeout":[null,null]},"_eventsCount":9,"_hadError":false,"_host":"api.sandbox.africastalking.com","_httpMessage":null,"_newSessionPending":false,"_parent":null,"_pendingData":null,"_pendingEncoding":"","_readableState":{"awaitDrainWriters":null,"buffer":[],"bufferIndex":0,"highWaterMark":16384,"length":0,"pipes":[]},"_rejectUnauthorized":true,"_requestCert":true,"_secureEstablished":true,"_securePending":false,"_server":null,"_sockname":null,"_tlsOptions":{"isServer":false,"pipe":false,"rejectUnauthorized":true,"requestCert":true,"secureContext":{"context":{}}},"_writableState":{"bufferedIndex":0,"corked":0,"highWaterMark":16384,"length":0,"pendingcb":0,"writelen":0},"allowHalfOpen":false,"alpnProtocol":false,"authorizationError":null,"authorized":true,"autoSelectFamilyAttemptedAddresses":["18.169.2.234:443"],"connecting":false,"encrypted":true,"parser":null,"secureConnecting":false,"servername":"api.sandbox.africastalking.com","ssl":{"_parent":{"onconnection":null,"reading":true},"_parentWrap":null,"_secureContext":{"context":{}},"reading":true},"timeout":5000}]},"keepAlive":true,"keepAliveMsecs":1000,"maxCachedSessions":100,"maxFreeSockets":256,"maxSockets":null,"maxTotalSockets":null,"options":{"keepAlive":true,"noDelay":true,"path":null,"scheduling":"lifo","timeout":5000},"protocol":"https:","requests":{},"scheduling":"lifo","sockets":{},"totalSocketCount":1}}},"path":"/version1/messaging","pathname":"/version1/messaging","port":"","protocol":"https:"},"_redirectCount":0,"_redirects":[],"_requestBodyBuffers":[],"_requestBodyLength":172,"_timeout":null,"_writableState":{"bufferedIndex":0,"corked":0,"highWaterMark":16384,"length":0,"pendingcb":0,"writelen":0}},"_removedConnection":false,"_removedContLen":false,"_removedTE":false,"_trailer":"","aborted":false,"agent":{"_events":{},"_eventsCount":2,"_sessionCache":{"list":["api.sandbox.africastalking.com:443:::::::::::::::::::::"],"map":{"api.sandbox.africastalking.com:443:::::::::::::::::::::":{"data":[48,130,7,80,2,1,1,2,2,3,4,4,2,19,1,4,32,81,97,50,36,46,230,192,196,15,18,65,248,148,178,8,52,71,42,36,205,124,20,116,246,213,97,118,196,204,218,80,208,4,32,23,196,236,46,128,112,172,107,247,57,84,39,179,105,17,207,202,142,12,212,78,130,100,105,6,36,93,37,215,82,123,93,161,6,2,4,105,117,38,162,162,4,2,2,28,32,163,130,6,97,48,130,6,93,48,130,5,69,160,3,2,1,2,2,16,71,152,108,120,247,108,212,9,146,252,20,154,206,236,55,65,48,13,6,9,42,134,72,134,247,13,1,1,11,5,0,48,129,143,49,11,48,9,6,3,85,4,6,19,2,71,66,49,27,48,25,6,3,85,4,8,19,18,71,114,101,97,116,101,114,32,77,97,110,99,104,101,115,116,101,114,49,16,48,14,6,3,85,4,7,19,7,83,97,108,102,111,114,100,49,24,48,22,6,3,85,4,10,19,15,83,101,99,116,105,103,111,32,76,105,109,105,116,101,100,49,55,48,53,6,3,85,4,3,19,46,83,101,99,116,105,103,111,32,82,83,65,32,68,111,109,97,105,110,32,86,97,108,105,100,97,116,105,111,110,32,83,101,99,117,114,101,32,83,101,114,118,101,114,32,67,65,48,30,23,13,50,53,48,52,50,57,48,48,48,48,48,48,90,23,13,50,54,48,53,51,48,50,51,53,57,53,57,90,48,39,49,37,48,35,6,3,85,4,3,12,28,42,46,115,97,110,100,98,111,120,46,97,102,114,105,99,97,115,116,97,108,107,105,110,103,46,99,111,109,48,130,1,34,48,13,6,9,42,134,72,134,247,13,1,1,1,5,0,3,130,1,15,0,48,130,1,10,2,130,1,1,0,180,197,142,65,200,138,157,238,86,92,149,63,3,60,215,129,8,106,219,121,250,32,228,201,25,171,79,20,88,60,113,170,180,220,203,78,100,129,103,56,33,88,173,202,228,183,52,101,84,220,157,84,26,205,118,154,156,30,117,17,79,44,212,143,223,53,213,99,124,141,239,152,119,197,215,35,170,240,100,173,234,163,8,148,9,1,158,241,253,179,243,37,210,8,239,60,198,112,254,251,185,177,41,226,208,10,27,243,0,87,128,240,149,107,52,173,60,45,122,232,247,142,63,108,168,231,29,183,136,118,15,116,104,74,244,223,59,161,68,127,75,227,130,249,227,118,86,239,0,191,126,103,221,9,250,184,118,171,121,167,102,24,136,61,171,165,223,247,13,199,0,52,250,44,67,21,220,253,163,187,188,180,217,228,154,196,188,252,50,144,92,100,57,158,59,176,217,55,7,156,65,126,157,121,148,166,128,238,76,74,255,118,216,192,132,114,211,227,139,146,60,154,12,131,113,225,174,110,123,119,39,169,26,33,111,122,202,32,60,120,125,214,75,153,248,40,103,138,2,220,75,224,154,199,40,187,2,3,1,0,1,163,130,3,26,48,130,3,22,48,31,6,3,85,29,35,4,24,48,22,128,20,141,140,94,196,84,173,138,225,119,233,155,249,155,5,225,184,1,141,97,225,48,29,6,3,85,29,14,4,22,4,20,254,132,221,220,157,87,125,114,99,219,177,204,43,16,193,53,117,69,165,56,48,14,6,3,85,29,15,1,1,255,4,4,3,2,5,160,48,12,6,3,85,29,19,1,1,255,4,2,48,0,48,29,6,3,85,29,37,4,22,48,20,6,8,43,6,1,5,5,7,3,1,6,8,43,6,1,5,5,7,3,2,48,73,6,3,85,29,32,4,66,48,64,48,52,6,11,43,6,1,4,1,178,49,1,2,2,7,48,37,48,35,6,8,43,6,1,5,5,7,2,1,22,23,104,116,116,112,115,58,47,47,115,101,99,116,105,103,111,46,99,111,109,47,67,80,83,48,8,6,6,103,129,12,1,2,1,48,129,132,6,8,43,6,1,5,5,7,1,1,4,120,48,118,48,79,6,8,43,6,1,5,5,7,48,2,134,67,104,116,116,112,58,47,47,99,114,116,46,115,101,99,116,105,103,111,46,99,111,109,47,83,101,99,116,105,103,111,82,83,65,68,111,109,97,105,110,86,97,108,105,100,97,116,105,111,110,83,101,99,117,114,101,83,101,114,118,101,114,67,65,46,99,114,116,48,35,6,8,43,6,1,5,5,7,48,1,134,23,104,116,116,112,58,47,47,111,99,115,112,46,115,101,99,116,105,103,111,46,99,111,109,48,67,6,3,85,29,17,4,60,48,58,130,28,42,46,115,97,110,100,98,111,120,46,97,102,114,105,99,97,115,116,97,108,107,105,110,103,46,99,111,109,130,26,115,97,110,100,98,111,120,46,97,102,114,105,99,97,115,116,97,108,107,105,110,103,46,99,111,109,48,130,1,126,6,10,43,6,1,4,1,214,121,2,4,2,4,130,1,110,4,130,1,106,1,104,0,118,0,150,151,100,191,85,88,151,173,247,67,135,104,55,8,66,119,233,240,58,213,246,164,243,54,110,70,164,63,15,202,169,198,0,0,1,150,129,69,131,153,0,0,4,3,0,71,48,69,2,33,0,192,113,236,130,106,119,225,21,227,48,108,83,203,105,159,22,117,184,27,85,180,62,205,195,199,195,176,119,15,35,200,225,2,32,79,251,47,115,242,132,249,130,157,90,214,23,119,203,106,154,48,75,159,0,8,38,86,248,36,166,243,119,50,112,78,196,0,118,0,25,134,212,199,40,170,111,254,186,3,111,120,42,77,1,145,170,206,45,114,49,15,174,206,93,112,65,45,37,76,199,212,0,0,1,150,129,69,131,79,0,0,4,3,0,71,48,69,2,33,0,145,137,144,59,202,182,50,64,67,122,201,20,108,168,246,157,242,230,199,16,129,49,229,130,49,89,210,38,38,68,49,227,2,32,82,67,14,34,86,26,59,133,66,104,173,112,219,9,64,73,57,204,47,156,245,60,37,228,171,218,249,255,21,18,23,84,0,118,0,14,87,148,188,243,174,169,62,51,27,44,153,7,179,247,144,223,155,194,61,113,50,37,221,33,169,37,172,97,197,78,33,0,0,1,150,129,69,131,56,0,0,4,3,0,71,48,69,2,33,0,240,251,189,18,156,251,161,204,187,98,251,102,90,87,63,116,50,103,58,197,10,176,157,123,24,16,70,178,197,226,168,218,2,32,61,248,238,159,80,72,238,215,212,144,41,41,1,247,90,188,51,46,238,53,182,4,33,104,103,208,118,26,161,203,164,71,48,13,6,9,42,134,72,134,247,13,1,1,11,5,0,3,130,1,1,0,36,13,72,203,198,213,210,25,162,206,66,193,12,118,32,130,134,195,31,146,240,5,124,54,66,147,79,25,152,192,172,17,208,153,44,145,94,238,93,167,123,162,228,97,155,102,86,12,207,102,122,101,76,14,37,27,19,157,38,96,188,149,173,48,62,108,106,114,181,78,200,103,243,244,106,57,214,219,107,87,37,186,70,84,24,47,155,189,77,146,88,151,97,229,16,112,10,207,75,79,53,237,66,233,152,151,226,88,155,146,207,157,247,72,229,206,145,207,96,2,52,63,112,45,217,36,255,27,241,104,219,230,186,117,106,232,62,71,73,118,1,139,240,115,113,10,14,89,30,22,68,13,195,12,128,59,191,212,174,162,33,70,19,172,122,209,26,45,22,8,249,241,124,251,159,235,118,157,155,164,167,163,62,108,156,228,103,115,145,27,122,241,223,131,52,67,30,48,14,31,94,216,136,92,37,108,20,35,76,16,182,139,196,2,63,199,51,59,244,51,47,21,2,173,83,129,44,189,134,74,67,227,136,71,176,190,236,117,254,131,38,95,45,117,96,183,203,100,157,10,122,94,246,79,151,157,164,2,4,0,169,5,2,3,9,58,128,170,115,4,113,236,53,99,195,104,199,44,68,239,245,153,20,164,1,82,13,140,109,88,74,115,187,106,81,105,142,179,236,200,14,198,189,199,226,157,78,39,213,253,213,13,0,112,36,207,38,45,104,95,111,127,114,61,212,139,70,109,7,239,167,150,10,77,227,124,234,187,34,103,44,24,193,99,138,255,179,51,217,130,237,172,150,177,69,190,174,31,211,98,224,54,170,218,39,147,16,12,70,63,17,152,73,205,233,119,110,137,103,226,69,119,202,213,174,7,2,5,0,136,187,190,81,179,3,2,1,29],"type":"Buffer"}}},"defaultPort":443,"freeSockets":{"api.sandbox.africastalking.com:443:::::::::::::::::::::":[{"_SNICallback":null,"_closeAfterHandlingError":false,"_controlReleased":true,"_events":{"close":[null,null,null],"timeout":[null,null]},"_eventsCount":9,"_hadError":false,"_host":"api.sandbox.africastalking.com","_httpMessage":null,"_newSessionPending":false,"_parent":null,"_pendingData":null,"_pendingEncoding":"","_readableState":{"awaitDrainWriters":null,"buffer":[],"bufferIndex":0,"highWaterMark":16384,"length":0,"pipes":[]},"_rejectUnauthorized":true,"_requestCert":true,"_secureEstablished":true,"_securePending":false,"_server":null,"_sockname":null,"_tlsOptions":{"isServer":false,"pipe":false,"rejectUnauthorized":true,"requestCert":true,"secureContext":{"context":{}}},"_writableState":{"bufferedIndex":0,"corked":0,"highWaterMark":16384,"length":0,"pendingcb":0,"writelen":0},"allowHalfOpen":false,"alpnProtocol":false,"authorizationError":null,"authorized":true,"autoSelectFamilyAttemptedAddresses":["18.169.2.234:443"],"connecting":false,"encrypted":true,"parser":null,"secureConnecting":false,"servername":"api.sandbox.africastalking.com","ssl":{"_parent":{"onconnection":null,"reading":true},"_parentWrap":null,"_secureContext":{"context":{}},"reading":true},"timeout":5000}]},"keepAlive":true,"keepAliveMsecs":1000,"maxCachedSessions":100,"maxFreeSockets":256,"maxSockets":null,"maxTotalSockets":null,"options":{"keepAlive":true,"noDelay":true,"path":null,"scheduling":"lifo","timeout":5000},"protocol":"https:","requests":{},"scheduling":"lifo","sockets":{},"totalSocketCount":1},"chunkedEncoding":false,"destroyed":true,"finished":true,"host":"api.sandbox.africastalking.com","maxHeadersCount":null,"maxRequestsOnConnectionReached":false,"method":"POST","outputData":[],"outputSize":0,"parser":null,"path":"/version1/messaging","protocol":"https:","res":{"_consuming":false,"_dumped":false,"_events":{"end":[null,null]},"_eventsCount":4,"_readableState":{"awaitDrainWriters":null,"buffer":[],"bufferIndex":0,"highWaterMark":16384,"length":0,"pipes":[]},"aborted":false,"client":{"_SNICallback":null,"_closeAfterHandlingError":false,"_controlReleased":true,"_events":{"close":[null,null,null],"timeout":[null,null]},"_eventsCount":9,"_hadError":false,"_host":"api.sandbox.africastalking.com","_httpMessage":null,"_newSessionPending":false,"_parent":null,"_pendingData":null,"_pendingEncoding":"","_readableState":{"awaitDrainWriters":null,"buffer":[],"bufferIndex":0,"highWaterMark":16384,"length":0,"pipes":[]},"_rejectUnauthorized":true,"_requestCert":true,"_secureEstablished":true,"_securePending":false,"_server":null,"_sockname":null,"_tlsOptions":{"isServer":false,"pipe":false,"rejectUnauthorized":true,"requestCert":true,"secureContext":{"context":{}}},"_writableState":{"bufferedIndex":0,"corked":0,"highWaterMark":16384,"length":0,"pendingcb":0,"writelen":0},"allowHalfOpen":false,"alpnProtocol":false,"authorizationError":null,"authorized":true,"autoSelectFamilyAttemptedAddresses":["18.169.2.234:443"],"connecting":false,"encrypted":true,"parser":null,"secureConnecting":false,"servername":"api.sandbox.africastalking.com","ssl":{"_parent":{"onconnection":null,"reading":true},"_parentWrap":null,"_secureContext":{"context":{}},"reading":true},"timeout":5000},"complete":true,"httpVersion":"1.1","httpVersionMajor":1,"httpVersionMinor":1,"method":null,"rawHeaders":["Content-Length","38","Content-Type","text/plain; charset=UTF-8","Date","Sat, 24 Jan 2026 20:08:03 GMT","Server","akka-http/10.2.10","Www-Authenticate","Basic realm=\"api\",charset=UTF-8"],"rawTrailers":[],"redirects":[],"req":"[Circular]","responseUrl":"https://api.sandbox.africastalking.com/version1/messaging","socket":null,"statusCode":401,"statusMessage":"Unauthorized","upgrade":false,"url":""},"reusedSocket":false,"sendDate":false,"shouldKeepAlive":true,"socket":{"_SNICallback":null,"_closeAfterHandlingError":false,"_controlReleased":true,"_events":{"close":[null,null,null],"timeout":[null,null]},"_eventsCount":9,"_hadError":false,"_host":"api.sandbox.africastalking.com","_httpMessage":null,"_newSessionPending":false,"_parent":null,"_pendingData":null,"_pendingEncoding":"","_readableState":{"awaitDrainWriters":null,"buffer":[],"bufferIndex":0,"highWaterMark":16384,"length":0,"pipes":[]},"_rejectUnauthorized":true,"_requestCert":true,"_secureEstablished":true,"_securePending":false,"_server":null,"_sockname":null,"_tlsOptions":{"isServer":false,"pipe":false,"rejectUnauthorized":true,"requestCert":true,"secureContext":{"context":{}}},"_writableState":{"bufferedIndex":0,"corked":0,"highWaterMark":16384,"length":0,"pendingcb":0,"writelen":0},"allowHalfOpen":false,"alpnProtocol":false,"authorizationError":null,"authorized":true,"autoSelectFamilyAttemptedAddresses":["18.169.2.234:443"],"connecting":false,"encrypted":true,"parser":null,"secureConnecting":false,"servername":"api.sandbox.africastalking.com","ssl":{"_parent":{"onconnection":null,"reading":true},"_parentWrap":null,"_secureContext":{"context":{}},"reading":true},"timeout":5000},"strictContentLength":false,"timeoutCb":null,"upgradeOrConnect":false,"useChunkedEncodingByDefault":true,"writable":true},"response":{"config":{"adapter":["xhr","http","fetch"],"allowAbsoluteUrls":true,"data":"username=sandbox&to=%2B254743912192&message=We+are+excited+to+welcome+our+new+members+who+joined+us+this+month.+Please+introduce+yourself+after+the+service%21&bulkSMSMode=1","env":{},"headers":{"Accept":"application/json","Accept-Encoding":"gzip, compress, deflate, br","Content-Length":"172","Content-Type":"application/x-www-form-urlencoded;charset=utf-8","User-Agent":"axios/1.13.2","apikey":"atsk_14d921f6750ef9bcff13651d3d04cf40d567cbe650659c682114795c03fbea451fb9c889"},"maxBodyLength":-1,"maxContentLength":-1,"method":"post","timeout":0,"transformRequest":[null],"transformResponse":[null],"transitional":{"clarifyTimeoutError":false,"forcedJSONParsing":true,"silentJSONParsing":true},"url":"https://api.sandbox.africastalking.com/version1/messaging","xsrfCookieName":"XSRF-TOKEN","xsrfHeaderName":"X-XSRF-TOKEN"},"data":"The supplied authentication is invalid","headers":{"content-length":"38","content-type":"text/plain; charset=UTF-8","date":"Sat, 24 Jan 2026 20:08:03 GMT","server":"akka-http/10.2.10","www-authenticate":"Basic realm=\"api\",charset=UTF-8"},"request":{"_closed":true,"_contentLength":"172","_defaultKeepAlive":true,"_ended":true,"_events":{},"_eventsCount":7,"_hasBody":true,"_header":"POST /version1/messaging HTTP/1.1\r\nAccept: application/json\r\nContent-Type: application/x-www-form-urlencoded;charset=utf-8\r\napikey: atsk_14d921f6750ef9bcff13651d3d04cf40d567cbe650659c682114795c03fbea451fb9c889\r\nUser-Agent: axios/1.13.2\r\nContent-Length: 172\r\nAccept-Encoding: gzip, compress, deflate, br\r\nHost: api.sandbox.africastalking.com\r\nConnection: keep-alive\r\n\r\n","_headerSent":true,"_keepAliveTimeout":0,"_last":false,"_redirectable":{"_currentRequest":"[Circular]","_currentUrl":"https://api.sandbox.africastalking.com/version1/messaging","_ended":true,"_ending":true,"_events":{"socket":[null,null]},"_eventsCount":3,"_options":{"agents":{},"beforeRedirects":{},"headers":{"Accept":"application/json","Accept-Encoding":"gzip, compress, deflate, br","Content-Length":"172","Content-Type":"application/x-www-form-urlencoded;charset=utf-8","User-Agent":"axios/1.13.2","apikey":"atsk_14d921f6750ef9bcff13651d3d04cf40d567cbe650659c682114795c03fbea451fb9c889"},"hostname":"api.sandbox.africastalking.com","maxBodyLength":null,"maxRedirects":21,"method":"POST","nativeProtocols":{"http:":{"METHODS":["ACL","BIND","CHECKOUT","CONNECT","COPY","DELETE","GET","HEAD","LINK","LOCK","M-SEARCH","MERGE","MKACTIVITY","MKCALENDAR","MKCOL","MOVE","NOTIFY","OPTIONS","PATCH","POST","PROPFIND","PROPPATCH","PURGE","PUT","REBIND","REPORT","SEARCH","SOURCE","SUBSCRIBE","TRACE","UNBIND","UNLINK","UNLOCK","UNSUBSCRIBE"],"STATUS_CODES":{"100":"Continue","101":"Switching Protocols","102":"Processing","103":"Early Hints","200":"OK","201":"Created","202":"Accepted","203":"Non-Authoritative Information","204":"No Content","205":"Reset Content","206":"Partial Content","207":"Multi-Status","208":"Already Reported","226":"IM Used","300":"Multiple Choices","301":"Moved Permanently","302":"Found","303":"See Other","304":"Not Modified","305":"Use Proxy","307":"Temporary Redirect","308":"Permanent Redirect","400":"Bad Request","401":"Unauthorized","402":"Payment Required","403":"Forbidden","404":"Not Found","405":"Method Not Allowed","406":"Not Acceptable","407":"Proxy Authentication Required","408":"Request Timeout","409":"Conflict","410":"Gone","411":"Length Required","412":"Precondition Failed","413":"Payload Too Large","414":"URI Too Long","415":"Unsupported Media Type","416":"Range Not Satisfiable","417":"Expectation Failed","418":"I'm a Teapot","421":"Misdirected Request","422":"Unprocessable Entity","423":"Locked","424":"Failed Dependency","425":"Too Early","426":"Upgrade Required","428":"Precondition Required","429":"Too Many Requests","431":"Request Header Fields Too Large","451":"Unavailable For Legal Reasons","500":"Internal Server Error","501":"Not Implemented","502":"Bad Gateway","503":"Service Unavailable","504":"Gateway Timeout","505":"HTTP Version Not Supported","506":"Variant Also Negotiates","507":"Insufficient Storage","508":"Loop Detected","509":"Bandwidth Limit Exceeded","510":"Not Extended","511":"Network Authentication Required"},"globalAgent":{"_events":{},"_eventsCount":2,"defaultPort":80,"freeSockets":{},"keepAlive":true,"keepAliveMsecs":1000,"maxFreeSockets":256,"maxSockets":null,"maxTotalSockets":null,"options":{"keepAlive":true,"noDelay":true,"path":null,"scheduling":"lifo","timeout":5000},"protocol":"http:","requests":{},"scheduling":"lifo","sockets":{},"totalSocketCount":0},"maxHeaderSize":16384},"https:":{"globalAgent":{"_events":{},"_eventsCount":2,"_sessionCache":{"list":["api.sandbox.africastalking.com:443:::::::::::::::::::::"],"map":{"api.sandbox.africastalking.com:443:::::::::::::::::::::":{"data":[48,130,7,80,2,1,1,2,2,3,4,4,2,19,1,4,32,81,97,50,36,46,230,192,196,15,18,65,248,148,178,8,52,71,42,36,205,124,20,116,246,213,97,118,196,204,218,80,208,4,32,23,196,236,46,128,112,172,107,247,57,84,39,179,105,17,207,202,142,12,212,78,130,100,105,6,36,93,37,215,82,123,93,161,6,2,4,105,117,38,162,162,4,2,2,28,32,163,130,6,97,48,130,6,93,48,130,5,69,160,3,2,1,2,2,16,71,152,108,120,247,108,212,9,146,252,20,154,206,236,55,65,48,13,6,9,42,134,72,134,247,13,1,1,11,5,0,48,129,143,49,11,48,9,6,3,85,4,6,19,2,71,66,49,27,48,25,6,3,85,4,8,19,18,71,114,101,97,116,101,114,32,77,97,110,99,104,101,115,116,101,114,49,16,48,14,6,3,85,4,7,19,7,83,97,108,102,111,114,100,49,24,48,22,6,3,85,4,10,19,15,83,101,99,116,105,103,111,32,76,105,109,105,116,101,100,49,55,48,53,6,3,85,4,3,19,46,83,101,99,116,105,103,111,32,82,83,65,32,68,111,109,97,105,110,32,86,97,108,105,100,97,116,105,111,110,32,83,101,99,117,114,101,32,83,101,114,118,101,114,32,67,65,48,30,23,13,50,53,48,52,50,57,48,48,48,48,48,48,90,23,13,50,54,48,53,51,48,50,51,53,57,53,57,90,48,39,49,37,48,35,6,3,85,4,3,12,28,42,46,115,97,110,100,98,111,120,46,97,102,114,105,99,97,115,116,97,108,107,105,110,103,46,99,111,109,48,130,1,34,48,13,6,9,42,134,72,134,247,13,1,1,1,5,0,3,130,1,15,0,48,130,1,10,2,130,1,1,0,180,197,142,65,200,138,157,238,86,92,149,63,3,60,215,129,8,106,219,121,250,32,228,201,25,171,79,20,88,60,113,170,180,220,203,78,100,129,103,56,33,88,173,202,228,183,52,101,84,220,157,84,26,205,118,154,156,30,117,17,79,44,212,143,223,53,213,99,124,141,239,152,119,197,215,35,170,240,100,173,234,163,8,148,9,1,158,241,253,179,243,37,210,8,239,60,198,112,254,251,185,177,41,226,208,10,27,243,0,87,128,240,149,107,52,173,60,45,122,232,247,142,63,108,168,231,29,183,136,118,15,116,104,74,244,223,59,161,68,127,75,227,130,249,227,118,86,239,0,191,126,103,221,9,250,184,118,171,121,167,102,24,136,61,171,165,223,247,13,199,0,52,250,44,67,21,220,253,163,187,188,180,217,228,154,196,188,252,50,144,92,100,57,158,59,176,217,55,7,156,65,126,157,121,148,166,128,238,76,74,255,118,216,192,132,114,211,227,139,146,60,154,12,131,113,225,174,110,123,119,39,169,26,33,111,122,202,32,60,120,125,214,75,153,248,40,103,138,2,220,75,224,154,199,40,187,2,3,1,0,1,163,130,3,26,48,130,3,22,48,31,6,3,85,29,35,4,24,48,22,128,20,141,140,94,196,84,173,138,225,119,233,155,249,155,5,225,184,1,141,97,225,48,29,6,3,85,29,14,4,22,4,20,254,132,221,220,157,87,125,114,99,219,177,204,43,16,193,53,117,69,165,56,48,14,6,3,85,29,15,1,1,255,4,4,3,2,5,160,48,12,6,3,85,29,19,1,1,255,4,2,48,0,48,29,6,3,85,29,37,4,22,48,20,6,8,43,6,1,5,5,7,3,1,6,8,43,6,1,5,5,7,3,2,48,73,6,3,85,29,32,4,66,48,64,48,52,6,11,43,6,1,4,1,178,49,1,2,2,7,48,37,48,35,6,8,43,6,1,5,5,7,2,1,22,23,104,116,116,112,115,58,47,47,115,101,99,116,105,103,111,46,99,111,109,47,67,80,83,48,8,6,6,103,129,12,1,2,1,48,129,132,6,8,43,6,1,5,5,7,1,1,4,120,48,118,48,79,6,8,43,6,1,5,5,7,48,2,134,67,104,116,116,112,58,47,47,99,114,116,46,115,101,99,116,105,103,111,46,99,111,109,47,83,101,99,116,105,103,111,82,83,65,68,111,109,97,105,110,86,97,108,105,100,97,116,105,111,110,83,101,99,117,114,101,83,101,114,118,101,114,67,65,46,99,114,116,48,35,6,8,43,6,1,5,5,7,48,1,134,23,104,116,116,112,58,47,47,111,99,115,112,46,115,101,99,116,105,103,111,46,99,111,109,48,67,6,3,85,29,17,4,60,48,58,130,28,42,46,115,97,110,100,98,111,120,46,97,102,114,105,99,97,115,116,97,108,107,105,110,103,46,99,111,109,130,26,115,97,110,100,98,111,120,46,97,102,114,105,99,97,115,116,97,108,107,105,110,103,46,99,111,109,48,130,1,126,6,10,43,6,1,4,1,214,121,2,4,2,4,130,1,110,4,130,1,106,1,104,0,118,0,150,151,100,191,85,88,151,173,247,67,135,104,55,8,66,119,233,240,58,213,246,164,243,54,110,70,164,63,15,202,169,198,0,0,1,150,129,69,131,153,0,0,4,3,0,71,48,69,2,33,0,192,113,236,130,106,119,225,21,227,48,108,83,203,105,159,22,117,184,27,85,180,62,205,195,199,195,176,119,15,35,200,225,2,32,79,251,47,115,242,132,249,130,157,90,214,23,119,203,106,154,48,75,159,0,8,38,86,248,36,166,243,119,50,112,78,196,0,118,0,25,134,212,199,40,170,111,254,186,3,111,120,42,77,1,145,170,206,45,114,49,15,174,206,93,112,65,45,37,76,199,212,0,0,1,150,129,69,131,79,0,0,4,3,0,71,48,69,2,33,0,145,137,144,59,202,182,50,64,67,122,201,20,108,168,246,157,242,230,199,16,129,49,229,130,49,89,210,38,38,68,49,227,2,32,82,67,14,34,86,26,59,133,66,104,173,112,219,9,64,73,57,204,47,156,245,60,37,228,171,218,249,255,21,18,23,84,0,118,0,14,87,148,188,243,174,169,62,51,27,44,153,7,179,247,144,223,155,194,61,113,50,37,221,33,169,37,172,97,197,78,33,0,0,1,150,129,69,131,56,0,0,4,3,0,71,48,69,2,33,0,240,251,189,18,156,251,161,204,187,98,251,102,90,87,63,116,50,103,58,197,10,176,157,123,24,16,70,178,197,226,168,218,2,32,61,248,238,159,80,72,238,215,212,144,41,41,1,247,90,188,51,46,238,53,182,4,33,104,103,208,118,26,161,203,164,71,48,13,6,9,42,134,72,134,247,13,1,1,11,5,0,3,130,1,1,0,36,13,72,203,198,213,210,25,162,206,66,193,12,118,32,130,134,195,31,146,240,5,124,54,66,147,79,25,152,192,172,17,208,153,44,145,94,238,93,167,123,162,228,97,155,102,86,12,207,102,122,101,76,14,37,27,19,157,38,96,188,149,173,48,62,108,106,114,181,78,200,103,243,244,106,57,214,219,107,87,37,186,70,84,24,47,155,189,77,146,88,151,97,229,16,112,10,207,75,79,53,237,66,233,152,151,226,88,155,146,207,157,247,72,229,206,145,207,96,2,52,63,112,45,217,36,255,27,241,104,219,230,186,117,106,232,62,71,73,118,1,139,240,115,113,10,14,89,30,22,68,13,195,12,128,59,191,212,174,162,33,70,19,172,122,209,26,45,22,8,249,241,124,251,159,235,118,157,155,164,167,163,62,108,156,228,103,115,145,27,122,241,223,131,52,67,30,48,14,31,94,216,136,92,37,108,20,35,76,16,182,139,196,2,63,199,51,59,244,51,47,21,2,173,83,129,44,189,134,74,67,227,136,71,176,190,236,117,254,131,38,95,45,117,96,183,203,100,157,10,122,94,246,79,151,157,164,2,4,0,169,5,2,3,9,58,128,170,115,4,113,236,53,99,195,104,199,44,68,239,245,153,20,164,1,82,13,140,109,88,74,115,187,106,81,105,142,179,236,200,14,198,189,199,226,157,78,39,213,253,213,13,0,112,36,207,38,45,104,95,111,127,114,61,212,139,70,109,7,239,167,150,10,77,227,124,234,187,34,103,44,24,193,99,138,255,179,51,217,130,237,172,150,177,69,190,174,31,211,98,224,54,170,218,39,147,16,12,70,63,17,152,73,205,233,119,110,137,103,226,69,119,202,213,174,7,2,5,0,136,187,190,81,179,3,2,1,29],"type":"Buffer"}}},"defaultPort":443,"freeSockets":{"api.sandbox.africastalking.com:443:::::::::::::::::::::":[{"_SNICallback":null,"_closeAfterHandlingError":false,"_controlReleased":true,"_events":{"close":[null,null,null],"timeout":[null,null]},"_eventsCount":9,"_hadError":false,"_host":"api.sandbox.africastalking.com","_httpMessage":null,"_newSessionPending":false,"_parent":null,"_pendingData":null,"_pendingEncoding":"","_readableState":{"awaitDrainWriters":null,"buffer":[],"bufferIndex":0,"highWaterMark":16384,"length":0,"pipes":[]},"_rejectUnauthorized":true,"_requestCert":true,"_secureEstablished":true,"_securePending":false,"_server":null,"_sockname":null,"_tlsOptions":{"isServer":false,"pipe":false,"rejectUnauthorized":true,"requestCert":true,"secureContext":{"context":{}}},"_writableState":{"bufferedIndex":0,"corked":0,"highWaterMark":16384,"length":0,"pendingcb":0,"writelen":0},"allowHalfOpen":false,"alpnProtocol":false,"authorizationError":null,"authorized":true,"autoSelectFamilyAttemptedAddresses":["18.169.2.234:443"],"connecting":false,"encrypted":true,"parser":null,"secureConnecting":false,"servername":"api.sandbox.africastalking.com","ssl":{"_parent":{"onconnection":null,"reading":true},"_parentWrap":null,"_secureContext":{"context":{}},"reading":true},"timeout":5000}]},"keepAlive":true,"keepAliveMsecs":1000,"maxCachedSessions":100,"maxFreeSockets":256,"maxSockets":null,"maxTotalSockets":null,"options":{"keepAlive":true,"noDelay":true,"path":null,"scheduling":"lifo","timeout":5000},"protocol":"https:","requests":{},"scheduling":"lifo","sockets":{},"totalSocketCount":1}}},"path":"/version1/messaging","pathname":"/version1/messaging","port":"","protocol":"https:"},"_redirectCount":0,"_redirects":[],"_requestBodyBuffers":[],"_requestBodyLength":172,"_timeout":null,"_writableState":{"bufferedIndex":0,"corked":0,"highWaterMark":16384,"length":0,"pendingcb":0,"writelen":0}},"_removedConnection":false,"_removedContLen":false,"_removedTE":false,"_trailer":"","aborted":false,"agent":{"_events":{},"_eventsCount":2,"_sessionCache":{"list":["api.sandbox.africastalking.com:443:::::::::::::::::::::"],"map":{"api.sandbox.africastalking.com:443:::::::::::::::::::::":{"data":[48,130,7,80,2,1,1,2,2,3,4,4,2,19,1,4,32,81,97,50,36,46,230,192,196,15,18,65,248,148,178,8,52,71,42,36,205,124,20,116,246,213,97,118,196,204,218,80,208,4,32,23,196,236,46,128,112,172,107,247,57,84,39,179,105,17,207,202,142,12,212,78,130,100,105,6,36,93,37,215,82,123,93,161,6,2,4,105,117,38,162,162,4,2,2,28,32,163,130,6,97,48,130,6,93,48,130,5,69,160,3,2,1,2,2,16,71,152,108,120,247,108,212,9,146,252,20,154,206,236,55,65,48,13,6,9,42,134,72,134,247,13,1,1,11,5,0,48,129,143,49,11,48,9,6,3,85,4,6,19,2,71,66,49,27,48,25,6,3,85,4,8,19,18,71,114,101,97,116,101,114,32,77,97,110,99,104,101,115,116,101,114,49,16,48,14,6,3,85,4,7,19,7,83,97,108,102,111,114,100,49,24,48,22,6,3,85,4,10,19,15,83,101,99,116,105,103,111,32,76,105,109,105,116,101,100,49,55,48,53,6,3,85,4,3,19,46,83,101,99,116,105,103,111,32,82,83,65,32,68,111,109,97,105,110,32,86,97,108,105,100,97,116,105,111,110,32,83,101,99,117,114,101,32,83,101,114,118,101,114,32,67,65,48,30,23,13,50,53,48,52,50,57,48,48,48,48,48,48,90,23,13,50,54,48,53,51,48,50,51,53,57,53,57,90,48,39,49,37,48,35,6,3,85,4,3,12,28,42,46,115,97,110,100,98,111,120,46,97,102,114,105,99,97,115,116,97,108,107,105,110,103,46,99,111,109,48,130,1,34,48,13,6,9,42,134,72,134,247,13,1,1,1,5,0,3,130,1,15,0,48,130,1,10,2,130,1,1,0,180,197,142,65,200,138,157,238,86,92,149,63,3,60,215,129,8,106,219,121,250,32,228,201,25,171,79,20,88,60,113,170,180,220,203,78,100,129,103,56,33,88,173,202,228,183,52,101,84,220,157,84,26,205,118,154,156,30,117,17,79,44,212,143,223,53,213,99,124,141,239,152,119,197,215,35,170,240,100,173,234,163,8,148,9,1,158,241,253,179,243,37,210,8,239,60,198,112,254,251,185,177,41,226,208,10,27,243,0,87,128,240,149,107,52,173,60,45,122,232,247,142,63,108,168,231,29,183,136,118,15,116,104,74,244,223,59,161,68,127,75,227,130,249,227,118,86,239,0,191,126,103,221,9,250,184,118,171,121,167,102,24,136,61,171,165,223,247,13,199,0,52,250,44,67,21,220,253,163,187,188,180,217,228,154,196,188,252,50,144,92,100,57,158,59,176,217,55,7,156,65,126,157,121,148,166,128,238,76,74,255,118,216,192,132,114,211,227,139,146,60,154,12,131,113,225,174,110,123,119,39,169,26,33,111,122,202,32,60,120,125,214,75,153,248,40,103,138,2,220,75,224,154,199,40,187,2,3,1,0,1,163,130,3,26,48,130,3,22,48,31,6,3,85,29,35,4,24,48,22,128,20,141,140,94,196,84,173,138,225,119,233,155,249,155,5,225,184,1,141,97,225,48,29,6,3,85,29,14,4,22,4,20,254,132,221,220,157,87,125,114,99,219,177,204,43,16,193,53,117,69,165,56,48,14,6,3,85,29,15,1,1,255,4,4,3,2,5,160,48,12,6,3,85,29,19,1,1,255,4,2,48,0,48,29,6,3,85,29,37,4,22,48,20,6,8,43,6,1,5,5,7,3,1,6,8,43,6,1,5,5,7,3,2,48,73,6,3,85,29,32,4,66,48,64,48,52,6,11,43,6,1,4,1,178,49,1,2,2,7,48,37,48,35,6,8,43,6,1,5,5,7,2,1,22,23,104,116,116,112,115,58,47,47,115,101,99,116,105,103,111,46,99,111,109,47,67,80,83,48,8,6,6,103,129,12,1,2,1,48,129,132,6,8,43,6,1,5,5,7,1,1,4,120,48,118,48,79,6,8,43,6,1,5,5,7,48,2,134,67,104,116,116,112,58,47,47,99,114,116,46,115,101,99,116,105,103,111,46,99,111,109,47,83,101,99,116,105,103,111,82,83,65,68,111,109,97,105,110,86,97,108,105,100,97,116,105,111,110,83,101,99,117,114,101,83,101,114,118,101,114,67,65,46,99,114,116,48,35,6,8,43,6,1,5,5,7,48,1,134,23,104,116,116,112,58,47,47,111,99,115,112,46,115,101,99,116,105,103,111,46,99,111,109,48,67,6,3,85,29,17,4,60,48,58,130,28,42,46,115,97,110,100,98,111,120,46,97,102,114,105,99,97,115,116,97,108,107,105,110,103,46,99,111,109,130,26,115,97,110,100,98,111,120,46,97,102,114,105,99,97,115,116,97,108,107,105,110,103,46,99,111,109,48,130,1,126,6,10,43,6,1,4,1,214,121,2,4,2,4,130,1,110,4,130,1,106,1,104,0,118,0,150,151,100,191,85,88,151,173,247,67,135,104,55,8,66,119,233,240,58,213,246,164,243,54,110,70,164,63,15,202,169,198,0,0,1,150,129,69,131,153,0,0,4,3,0,71,48,69,2,33,0,192,113,236,130,106,119,225,21,227,48,108,83,203,105,159,22,117,184,27,85,180,62,205,195,199,195,176,119,15,35,200,225,2,32,79,251,47,115,242,132,249,130,157,90,214,23,119,203,106,154,48,75,159,0,8,38,86,248,36,166,243,119,50,112,78,196,0,118,0,25,134,212,199,40,170,111,254,186,3,111,120,42,77,1,145,170,206,45,114,49,15,174,206,93,112,65,45,37,76,199,212,0,0,1,150,129,69,131,79,0,0,4,3,0,71,48,69,2,33,0,145,137,144,59,202,182,50,64,67,122,201,20,108,168,246,157,242,230,199,16,129,49,229,130,49,89,210,38,38,68,49,227,2,32,82,67,14,34,86,26,59,133,66,104,173,112,219,9,64,73,57,204,47,156,245,60,37,228,171,218,249,255,21,18,23,84,0,118,0,14,87,148,188,243,174,169,62,51,27,44,153,7,179,247,144,223,155,194,61,113,50,37,221,33,169,37,172,97,197,78,33,0,0,1,150,129,69,131,56,0,0,4,3,0,71,48,69,2,33,0,240,251,189,18,156,251,161,204,187,98,251,102,90,87,63,116,50,103,58,197,10,176,157,123,24,16,70,178,197,226,168,218,2,32,61,248,238,159,80,72,238,215,212,144,41,41,1,247,90,188,51,46,238,53,182,4,33,104,103,208,118,26,161,203,164,71,48,13,6,9,42,134,72,134,247,13,1,1,11,5,0,3,130,1,1,0,36,13,72,203,198,213,210,25,162,206,66,193,12,118,32,130,134,195,31,146,240,5,124,54,66,147,79,25,152,192,172,17,208,153,44,145,94,238,93,167,123,162,228,97,155,102,86,12,207,102,122,101,76,14,37,27,19,157,38,96,188,149,173,48,62,108,106,114,181,78,200,103,243,244,106,57,214,219,107,87,37,186,70,84,24,47,155,189,77,146,88,151,97,229,16,112,10,207,75,79,53,237,66,233,152,151,226,88,155,146,207,157,247,72,229,206,145,207,96,2,52,63,112,45,217,36,255,27,241,104,219,230,186,117,106,232,62,71,73,118,1,139,240,115,113,10,14,89,30,22,68,13,195,12,128,59,191,212,174,162,33,70,19,172,122,209,26,45,22,8,249,241,124,251,159,235,118,157,155,164,167,163,62,108,156,228,103,115,145,27,122,241,223,131,52,67,30,48,14,31,94,216,136,92,37,108,20,35,76,16,182,139,196,2,63,199,51,59,244,51,47,21,2,173,83,129,44,189,134,74,67,227,136,71,176,190,236,117,254,131,38,95,45,117,96,183,203,100,157,10,122,94,246,79,151,157,164,2,4,0,169,5,2,3,9,58,128,170,115,4,113,236,53,99,195,104,199,44,68,239,245,153,20,164,1,82,13,140,109,88,74,115,187,106,81,105,142,179,236,200,14,198,189,199,226,157,78,39,213,253,213,13,0,112,36,207,38,45,104,95,111,127,114,61,212,139,70,109,7,239,167,150,10,77,227,124,234,187,34,103,44,24,193,99,138,255,179,51,217,130,237,172,150,177,69,190,174,31,211,98,224,54,170,218,39,147,16,12,70,63,17,152,73,205,233,119,110,137,103,226,69,119,202,213,174,7,2,5,0,136,187,190,81,179,3,2,1,29],"type":"Buffer"}}},"defaultPort":443,"freeSockets":{"api.sandbox.africastalking.com:443:::::::::::::::::::::":[{"_SNICallback":null,"_closeAfterHandlingError":false,"_controlReleased":true,"_events":{"close":[null,null,null],"timeout":[null,null]},"_eventsCount":9,"_hadError":false,"_host":"api.sandbox.africastalking.com","_httpMessage":null,"_newSessionPending":false,"_parent":null,"_pendingData":null,"_pendingEncoding":"","_readableState":{"awaitDrainWriters":null,"buffer":[],"bufferIndex":0,"highWaterMark":16384,"length":0,"pipes":[]},"_rejectUnauthorized":true,"_requestCert":true,"_secureEstablished":true,"_securePending":false,"_server":null,"_sockname":null,"_tlsOptions":{"isServer":false,"pipe":false,"rejectUnauthorized":true,"requestCert":true,"secureContext":{"context":{}}},"_writableState":{"bufferedIndex":0,"corked":0,"highWaterMark":16384,"length":0,"pendingcb":0,"writelen":0},"allowHalfOpen":false,"alpnProtocol":false,"authorizationError":null,"authorized":true,"autoSelectFamilyAttemptedAddresses":["18.169.2.234:443"],"connecting":false,"encrypted":true,"parser":null,"secureConnecting":false,"servername":"api.sandbox.africastalking.com","ssl":{"_parent":{"onconnection":null,"reading":true},"_parentWrap":null,"_secureContext":{"context":{}},"reading":true},"timeout":5000}]},"keepAlive":true,"keepAliveMsecs":1000,"maxCachedSessions":100,"maxFreeSockets":256,"maxSockets":null,"maxTotalSockets":null,"options":{"keepAlive":true,"noDelay":true,"path":null,"scheduling":"lifo","timeout":5000},"protocol":"https:","requests":{},"scheduling":"lifo","sockets":{},"totalSocketCount":1},"chunkedEncoding":false,"destroyed":true,"finished":true,"host":"api.sandbox.africastalking.com","maxHeadersCount":null,"maxRequestsOnConnectionReached":false,"method":"POST","outputData":[],"outputSize":0,"parser":null,"path":"/version1/messaging","protocol":"https:","res":{"_consuming":false,"_dumped":false,"_events":{"end":[null,null]},"_eventsCount":4,"_readableState":{"awaitDrainWriters":null,"buffer":[],"bufferIndex":0,"highWaterMark":16384,"length":0,"pipes":[]},"aborted":false,"client":{"_SNICallback":null,"_closeAfterHandlingError":false,"_controlReleased":true,"_events":{"close":[null,null,null],"timeout":[null,null]},"_eventsCount":9,"_hadError":false,"_host":"api.sandbox.africastalking.com","_httpMessage":null,"_newSessionPending":false,"_parent":null,"_pendingData":null,"_pendingEncoding":"","_readableState":{"awaitDrainWriters":null,"buffer":[],"bufferIndex":0,"highWaterMark":16384,"length":0,"pipes":[]},"_rejectUnauthorized":true,"_requestCert":true,"_secureEstablished":true,"_securePending":false,"_server":null,"_sockname":null,"_tlsOptions":{"isServer":false,"pipe":false,"rejectUnauthorized":true,"requestCert":true,"secureContext":{"context":{}}},"_writableState":{"bufferedIndex":0,"corked":0,"highWaterMark":16384,"length":0,"pendingcb":0,"writelen":0},"allowHalfOpen":false,"alpnProtocol":false,"authorizationError":null,"authorized":true,"autoSelectFamilyAttemptedAddresses":["18.169.2.234:443"],"connecting":false,"encrypted":true,"parser":null,"secureConnecting":false,"servername":"api.sandbox.africastalking.com","ssl":{"_parent":{"onconnection":null,"reading":true},"_parentWrap":null,"_secureContext":{"context":{}},"reading":true},"timeout":5000},"complete":true,"httpVersion":"1.1","httpVersionMajor":1,"httpVersionMinor":1,"method":null,"rawHeaders":["Content-Length","38","Content-Type","text/plain; charset=UTF-8","Date","Sat, 24 Jan 2026 20:08:03 GMT","Server","akka-http/10.2.10","Www-Authenticate","Basic realm=\"api\",charset=UTF-8"],"rawTrailers":[],"redirects":[],"req":"[Circular]","responseUrl":"https://api.sandbox.africastalking.com/version1/messaging","socket":null,"statusCode":401,"statusMessage":"Unauthorized","upgrade":false,"url":""},"reusedSocket":false,"sendDate":false,"shouldKeepAlive":true,"socket":{"_SNICallback":null,"_closeAfterHandlingError":false,"_controlReleased":true,"_events":{"close":[null,null,null],"timeout":[null,null]},"_eventsCount":9,"_hadError":false,"_host":"api.sandbox.africastalking.com","_httpMessage":null,"_newSessionPending":false,"_parent":null,"_pendingData":null,"_pendingEncoding":"","_readableState":{"awaitDrainWriters":null,"buffer":[],"bufferIndex":0,"highWaterMark":16384,"length":0,"pipes":[]},"_rejectUnauthorized":true,"_requestCert":true,"_secureEstablished":true,"_securePending":false,"_server":null,"_sockname":null,"_tlsOptions":{"isServer":false,"pipe":false,"rejectUnauthorized":true,"requestCert":true,"secureContext":{"context":{}}},"_writableState":{"bufferedIndex":0,"corked":0,"highWaterMark":16384,"length":0,"pendingcb":0,"writelen":0},"allowHalfOpen":false,"alpnProtocol":false,"authorizationError":null,"authorized":true,"autoSelectFamilyAttemptedAddresses":["18.169.2.234:443"],"connecting":false,"encrypted":true,"parser":null,"secureConnecting":false,"servername":"api.sandbox.africastalking.com","ssl":{"_parent":{"onconnection":null,"reading":true},"_parentWrap":null,"_secureContext":{"context":{}},"reading":true},"timeout":5000},"strictContentLength":false,"timeoutCb":null,"upgradeOrConnect":false,"useChunkedEncodingByDefault":true,"writable":true},"status":401,"statusText":"Unauthorized"},"service":"spoken-word-chms","stack":"AxiosError: Request failed with status code 401\n    at settle (C:\\Users\\USER\\OneDrive\\Desktop\\2026 WORK\\SPOKEN\\backend\\node_modules\\axios\\dist\\node\\axios.cjs:2106:12)\n    at IncomingMessage.handleStreamEnd (C:\\Users\\USER\\OneDrive\\Desktop\\2026 WORK\\SPOKEN\\backend\\node_modules\\axios\\dist\\node\\axios.cjs:3491:11)\n    at IncomingMessage.emit (node:events:531:35)\n    at endReadableNT (node:internal/streams/readable:1696:12)\n    at process.processTicksAndRejections (node:internal/process/task_queues:82:21)\n    at Axios.request (C:\\Users\\USER\\OneDrive\\Desktop\\2026 WORK\\SPOKEN\\backend\\node_modules\\axios\\dist\\node\\axios.cjs:4731:41)\n    at process.processTicksAndRejections (node:internal/process/task_queues:95:5)","status":401,"timestamp":"2026-01-24 23:08:02"}
[31merror[39m: Request failed with status code 401 {"code":"ERR_BAD_REQUEST","config":{"adapter":["xhr","http","fetch"],"allowAbsoluteUrls":true,"data":"username=sandbox&to=%2B254743912192&message=We+are+excited+to+welcome+our+new+members+who+joined+us+this+month.+Please+introduce+yourself+after+the+service%21&bulkSMSMode=1","env":{},"headers":{"Accept":"application/json","Accept-Encoding":"gzip, compress, deflate, br","Content-Length":"172","Content-Type":"application/x-www-form-urlencoded;charset=utf-8","User-Agent":"axios/1.13.2","apikey":"atsk_14d921f6750ef9bcff13651d3d04cf40d567cbe650659c682114795c03fbea451fb9c889"},"maxBodyLength":-1,"maxContentLength":-1,"method":"post","timeout":0,"transformRequest":[null],"transformResponse":[null],"transitional":{"clarifyTimeoutError":false,"forcedJSONParsing":true,"silentJSONParsing":true},"url":"https://api.sandbox.africastalking.com/version1/messaging","xsrfCookieName":"XSRF-TOKEN","xsrfHeaderName":"X-XSRF-TOKEN"},"name":"AxiosError","request":{"_closed":true,"_contentLength":"172","_defaultKeepAlive":true,"_ended":true,"_events":{},"_eventsCount":7,"_hasBody":true,"_header":"POST /version1/messaging HTTP/1.1\r\nAccept: application/json\r\nContent-Type: application/x-www-form-urlencoded;charset=utf-8\r\napikey: atsk_14d921f6750ef9bcff13651d3d04cf40d567cbe650659c682114795c03fbea451fb9c889\r\nUser-Agent: axios/1.13.2\r\nContent-Length: 172\r\nAccept-Encoding: gzip, compress, deflate, br\r\nHost: api.sandbox.africastalking.com\r\nConnection: keep-alive\r\n\r\n","_headerSent":true,"_keepAliveTimeout":0,"_last":false,"_redirectable":{"_currentRequest":"[Circular]","_currentUrl":"https://api.sandbox.africastalking.com/version1/messaging","_ended":true,"_ending":true,"_events":{"socket":[null,null]},"_eventsCount":3,"_options":{"agents":{},"beforeRedirects":{},"headers":{"Accept":"application/json","Accept-Encoding":"gzip, compress, deflate, br","Content-Length":"172","Content-Type":"application/x-www-form-urlencoded;charset=utf-8","User-Agent":"axios/1.13.2","apikey":"atsk_14d921f6750ef9bcff13651d3d04cf40d567cbe650659c682114795c03fbea451fb9c889"},"hostname":"api.sandbox.africastalking.com","maxBodyLength":null,"maxRedirects":21,"method":"POST","nativeProtocols":{"http:":{"METHODS":["ACL","BIND","CHECKOUT","CONNECT","COPY","DELETE","GET","HEAD","LINK","LOCK","M-SEARCH","MERGE","MKACTIVITY","MKCALENDAR","MKCOL","MOVE","NOTIFY","OPTIONS","PATCH","POST","PROPFIND","PROPPATCH","PURGE","PUT","REBIND","REPORT","SEARCH","SOURCE","SUBSCRIBE","TRACE","UNBIND","UNLINK","UNLOCK","UNSUBSCRIBE"],"STATUS_CODES":{"100":"Continue","101":"Switching Protocols","102":"Processing","103":"Early Hints","200":"OK","201":"Created","202":"Accepted","203":"Non-Authoritative Information","204":"No Content","205":"Reset Content","206":"Partial Content","207":"Multi-Status","208":"Already Reported","226":"IM Used","300":"Multiple Choices","301":"Moved Permanently","302":"Found","303":"See Other","304":"Not Modified","305":"Use Proxy","307":"Temporary Redirect","308":"Permanent Redirect","400":"Bad Request","401":"Unauthorized","402":"Payment Required","403":"Forbidden","404":"Not Found","405":"Method Not Allowed","406":"Not Acceptable","407":"Proxy Authentication Required","408":"Request Timeout","409":"Conflict","410":"Gone","411":"Length Required","412":"Precondition Failed","413":"Payload Too Large","414":"URI Too Long","415":"Unsupported Media Type","416":"Range Not Satisfiable","417":"Expectation Failed","418":"I'm a Teapot","421":"Misdirected Request","422":"Unprocessable Entity","423":"Locked","424":"Failed Dependency","425":"Too Early","426":"Upgrade Required","428":"Precondition Required","429":"Too Many Requests","431":"Request Header Fields Too Large","451":"Unavailable For Legal Reasons","500":"Internal Server Error","501":"Not Implemented","502":"Bad Gateway","503":"Service Unavailable","504":"Gateway Timeout","505":"HTTP Version Not Supported","506":"Variant Also Negotiates","507":"Insufficient Storage","508":"Loop Detected","509":"Bandwidth Limit Exceeded","510":"Not Extended","511":"Network Authentication Required"},"globalAgent":{"_events":{},"_eventsCount":2,"defaultPort":80,"freeSockets":{},"keepAlive":true,"keepAliveMsecs":1000,"maxFreeSockets":256,"maxSockets":null,"maxTotalSockets":null,"options":{"keepAlive":true,"noDelay":true,"path":null,"scheduling":"lifo","timeout":5000},"protocol":"http:","requests":{},"scheduling":"lifo","sockets":{},"totalSocketCount":0},"maxHeaderSize":16384},"https:":{"globalAgent":{"_events":{},"_eventsCount":2,"_sessionCache":{"list":["api.sandbox.africastalking.com:443:::::::::::::::::::::"],"map":{"api.sandbox.africastalking.com:443:::::::::::::::::::::":{"data":[48,130,7,80,2,1,1,2,2,3,4,4,2,19,1,4,32,81,97,50,36,46,230,192,196,15,18,65,248,148,178,8,52,71,42,36,205,124,20,116,246,213,97,118,196,204,218,80,208,4,32,23,196,236,46,128,112,172,107,247,57,84,39,179,105,17,207,202,142,12,212,78,130,100,105,6,36,93,37,215,82,123,93,161,6,2,4,105,117,38,162,162,4,2,2,28,32,163,130,6,97,48,130,6,93,48,130,5,69,160,3,2,1,2,2,16,71,152,108,120,247,108,212,9,146,252,20,154,206,236,55,65,48,13,6,9,42,134,72,134,247,13,1,1,11,5,0,48,129,143,49,11,48,9,6,3,85,4,6,19,2,71,66,49,27,48,25,6,3,85,4,8,19,18,71,114,101,97,116,101,114,32,77,97,110,99,104,101,115,116,101,114,49,16,48,14,6,3,85,4,7,19,7,83,97,108,102,111,114,100,49,24,48,22,6,3,85,4,10,19,15,83,101,99,116,105,103,111,32,76,105,109,105,116,101,100,49,55,48,53,6,3,85,4,3,19,46,83,101,99,116,105,103,111,32,82,83,65,32,68,111,109,97,105,110,32,86,97,108,105,100,97,116,105,111,110,32,83,101,99,117,114,101,32,83,101,114,118,101,114,32,67,65,48,30,23,13,50,53,48,52,50,57,48,48,48,48,48,48,90,23,13,50,54,48,53,51,48,50,51,53,57,53,57,90,48,39,49,37,48,35,6,3,85,4,3,12,28,42,46,115,97,110,100,98,111,120,46,97,102,114,105,99,97,115,116,97,108,107,105,110,103,46,99,111,109,48,130,1,34,48,13,6,9,42,134,72,134,247,13,1,1,1,5,0,3,130,1,15,0,48,130,1,10,2,130,1,1,0,180,197,142,65,200,138,157,238,86,92,149,63,3,60,215,129,8,106,219,121,250,32,228,201,25,171,79,20,88,60,113,170,180,220,203,78,100,129,103,56,33,88,173,202,228,183,52,101,84,220,157,84,26,205,118,154,156,30,117,17,79,44,212,143,223,53,213,99,124,141,239,152,119,197,215,35,170,240,100,173,234,163,8,148,9,1,158,241,253,179,243,37,210,8,239,60,198,112,254,251,185,177,41,226,208,10,27,243,0,87,128,240,149,107,52,173,60,45,122,232,247,142,63,108,168,231,29,183,136,118,15,116,104,74,244,223,59,161,68,127,75,227,130,249,227,118,86,239,0,191,126,103,221,9,250,184,118,171,121,167,102,24,136,61,171,165,223,247,13,199,0,52,250,44,67,21,220,253,163,187,188,180,217,228,154,196,188,252,50,144,92,100,57,158,59,176,217,55,7,156,65,126,157,121,148,166,128,238,76,74,255,118,216,192,132,114,211,227,139,146,60,154,12,131,113,225,174,110,123,119,39,169,26,33,111,122,202,32,60,120,125,214,75,153,248,40,103,138,2,220,75,224,154,199,40,187,2,3,1,0,1,163,130,3,26,48,130,3,22,48,31,6,3,85,29,35,4,24,48,22,128,20,141,140,94,196,84,173,138,225,119,233,155,249,155,5,225,184,1,141,97,225,48,29,6,3,85,29,14,4,22,4,20,254,132,221,220,157,87,125,114,99,219,177,204,43,16,193,53,117,69,165,56,48,14,6,3,85,29,15,1,1,255,4,4,3,2,5,160,48,12,6,3,85,29,19,1,1,255,4,2,48,0,48,29,6,3,85,29,37,4,22,48,20,6,8,43,6,1,5,5,7,3,1,6,8,43,6,1,5,5,7,3,2,48,73,6,3,85,29,32,4,66,48,64,48,52,6,11,43,6,1,4,1,178,49,1,2,2,7,48,37,48,35,6,8,43,6,1,5,5,7,2,1,22,23,104,116,116,112,115,58,47,47,115,101,99,116,105,103,111,46,99,111,109,47,67,80,83,48,8,6,6,103,129,12,1,2,1,48,129,132,6,8,43,6,1,5,5,7,1,1,4,120,48,118,48,79,6,8,43,6,1,5,5,7,48,2,134,67,104,116,116,112,58,47,47,99,114,116,46,115,101,99,116,105,103,111,46,99,111,109,47,83,101,99,116,105,103,111,82,83,65,68,111,109,97,105,110,86,97,108,105,100,97,116,105,111,110,83,101,99,117,114,101,83,101,114,118,101,114,67,65,46,99,114,116,48,35,6,8,43,6,1,5,5,7,48,1,134,23,104,116,116,112,58,47,47,111,99,115,112,46,115,101,99,116,105,103,111,46,99,111,109,48,67,6,3,85,29,17,4,60,48,58,130,28,42,46,115,97,110,100,98,111,120,46,97,102,114,105,99,97,115,116,97,108,107,105,110,103,46,99,111,109,130,26,115,97,110,100,98,111,120,46,97,102,114,105,99,97,115,116,97,108,107,105,110,103,46,99,111,109,48,130,1,126,6,10,43,6,1,4,1,214,121,2,4,2,4,130,1,110,4,130,1,106,1,104,0,118,0,150,151,100,191,85,88,151,173,247,67,135,104,55,8,66,119,233,240,58,213,246,164,243,54,110,70,164,63,15,202,169,198,0,0,1,150,129,69,131,153,0,0,4,3,0,71,48,69,2,33,0,192,113,236,130,106,119,225,21,227,48,108,83,203,105,159,22,117,184,27,85,180,62,205,195,199,195,176,119,15,35,200,225,2,32,79,251,47,115,242,132,249,130,157,90,214,23,119,203,106,154,48,75,159,0,8,38,86,248,36,166,243,119,50,112,78,196,0,118,0,25,134,212,199,40,170,111,254,186,3,111,120,42,77,1,145,170,206,45,114,49,15,174,206,93,112,65,45,37,76,199,212,0,0,1,150,129,69,131,79,0,0,4,3,0,71,48,69,2,33,0,145,137,144,59,202,182,50,64,67,122,201,20,108,168,246,157,242,230,199,16,129,49,229,130,49,89,210,38,38,68,49,227,2,32,82,67,14,34,86,26,59,133,66,104,173,112,219,9,64,73,57,204,47,156,245,60,37,228,171,218,249,255,21,18,23,84,0,118,0,14,87,148,188,243,174,169,62,51,27,44,153,7,179,247,144,223,155,194,61,113,50,37,221,33,169,37,172,97,197,78,33,0,0,1,150,129,69,131,56,0,0,4,3,0,71,48,69,2,33,0,240,251,189,18,156,251,161,204,187,98,251,102,90,87,63,116,50,103,58,197,10,176,157,123,24,16,70,178,197,226,168,218,2,32,61,248,238,159,80,72,238,215,212,144,41,41,1,247,90,188,51,46,238,53,182,4,33,104,103,208,118,26,161,203,164,71,48,13,6,9,42,134,72,134,247,13,1,1,11,5,0,3,130,1,1,0,36,13,72,203,198,213,210,25,162,206,66,193,12,118,32,130,134,195,31,146,240,5,124,54,66,147,79,25,152,192,172,17,208,153,44,145,94,238,93,167,123,162,228,97,155,102,86,12,207,102,122,101,76,14,37,27,19,157,38,96,188,149,173,48,62,108,106,114,181,78,200,103,243,244,106,57,214,219,107,87,37,186,70,84,24,47,155,189,77,146,88,151,97,229,16,112,10,207,75,79,53,237,66,233,152,151,226,88,155,146,207,157,247,72,229,206,145,207,96,2,52,63,112,45,217,36,255,27,241,104,219,230,186,117,106,232,62,71,73,118,1,139,240,115,113,10,14,89,30,22,68,13,195,12,128,59,191,212,174,162,33,70,19,172,122,209,26,45,22,8,249,241,124,251,159,235,118,157,155,164,167,163,62,108,156,228,103,115,145,27,122,241,223,131,52,67,30,48,14,31,94,216,136,92,37,108,20,35,76,16,182,139,196,2,63,199,51,59,244,51,47,21,2,173,83,129,44,189,134,74,67,227,136,71,176,190,236,117,254,131,38,95,45,117,96,183,203,100,157,10,122,94,246,79,151,157,164,2,4,0,169,5,2,3,9,58,128,170,115,4,113,236,53,99,195,104,199,44,68,239,245,153,20,164,1,82,13,140,109,88,74,115,187,106,81,105,142,179,236,200,14,198,189,199,226,157,78,39,213,253,213,13,0,112,36,207,38,45,104,95,111,127,114,61,212,139,70,109,7,239,167,150,10,77,227,124,234,187,34,103,44,24,193,99,138,255,179,51,217,130,237,172,150,177,69,190,174,31,211,98,224,54,170,218,39,147,16,12,70,63,17,152,73,205,233,119,110,137,103,226,69,119,202,213,174,7,2,5,0,136,187,190,81,179,3,2,1,29],"type":"Buffer"}}},"defaultPort":443,"freeSockets":{"api.sandbox.africastalking.com:443:::::::::::::::::::::":[{"_SNICallback":null,"_closeAfterHandlingError":false,"_controlReleased":true,"_events":{"close":[null,null,null],"timeout":[null,null]},"_eventsCount":9,"_hadError":false,"_host":"api.sandbox.africastalking.com","_httpMessage":null,"_newSessionPending":false,"_parent":null,"_pendingData":null,"_pendingEncoding":"","_readableState":{"awaitDrainWriters":null,"buffer":[],"bufferIndex":0,"highWaterMark":16384,"length":0,"pipes":[]},"_rejectUnauthorized":true,"_requestCert":true,"_secureEstablished":true,"_securePending":false,"_server":null,"_sockname":null,"_tlsOptions":{"isServer":false,"pipe":false,"rejectUnauthorized":true,"requestCert":true,"secureContext":{"context":{}}},"_writableState":{"bufferedIndex":0,"corked":0,"highWaterMark":16384,"length":0,"pendingcb":0,"writelen":0},"allowHalfOpen":false,"alpnProtocol":false,"authorizationError":null,"authorized":true,"autoSelectFamilyAttemptedAddresses":["18.169.2.234:443"],"connecting":false,"encrypted":true,"parser":null,"secureConnecting":false,"servername":"api.sandbox.africastalking.com","ssl":{"_parent":{"onconnection":null,"reading":true},"_parentWrap":null,"_secureContext":{"context":{}},"reading":true},"timeout":5000}]},"keepAlive":true,"keepAliveMsecs":1000,"maxCachedSessions":100,"maxFreeSockets":256,"maxSockets":null,"maxTotalSockets":null,"options":{"keepAlive":true,"noDelay":true,"path":null,"scheduling":"lifo","timeout":5000},"protocol":"https:","requests":{},"scheduling":"lifo","sockets":{},"totalSocketCount":1}}},"path":"/version1/messaging","pathname":"/version1/messaging","port":"","protocol":"https:"},"_redirectCount":0,"_redirects":[],"_requestBodyBuffers":[],"_requestBodyLength":172,"_timeout":null,"_writableState":{"bufferedIndex":0,"corked":0,"highWaterMark":16384,"length":0,"pendingcb":0,"writelen":0}},"_removedConnection":false,"_removedContLen":false,"_removedTE":false,"_trailer":"","aborted":false,"agent":{"_events":{},"_eventsCount":2,"_sessionCache":{"list":["api.sandbox.africastalking.com:443:::::::::::::::::::::"],"map":{"api.sandbox.africastalking.com:443:::::::::::::::::::::":{"data":[48,130,7,80,2,1,1,2,2,3,4,4,2,19,1,4,32,81,97,50,36,46,230,192,196,15,18,65,248,148,178,8,52,71,42,36,205,124,20,116,246,213,97,118,196,204,218,80,208,4,32,23,196,236,46,128,112,172,107,247,57,84,39,179,105,17,207,202,142,12,212,78,130,100,105,6,36,93,37,215,82,123,93,161,6,2,4,105,117,38,162,162,4,2,2,28,32,163,130,6,97,48,130,6,93,48,130,5,69,160,3,2,1,2,2,16,71,152,108,120,247,108,212,9,146,252,20,154,206,236,55,65,48,13,6,9,42,134,72,134,247,13,1,1,11,5,0,48,129,143,49,11,48,9,6,3,85,4,6,19,2,71,66,49,27,48,25,6,3,85,4,8,19,18,71,114,101,97,116,101,114,32,77,97,110,99,104,101,115,116,101,114,49,16,48,14,6,3,85,4,7,19,7,83,97,108,102,111,114,100,49,24,48,22,6,3,85,4,10,19,15,83,101,99,116,105,103,111,32,76,105,109,105,116,101,100,49,55,48,53,6,3,85,4,3,19,46,83,101,99,116,105,103,111,32,82,83,65,32,68,111,109,97,105,110,32,86,97,108,105,100,97,116,105,111,110,32,83,101,99,117,114,101,32,83,101,114,118,101,114,32,67,65,48,30,23,13,50,53,48,52,50,57,48,48,48,48,48,48,90,23,13,50,54,48,53,51,48,50,51,53,57,53,57,90,48,39,49,37,48,35,6,3,85,4,3,12,28,42,46,115,97,110,100,98,111,120,46,97,102,114,105,99,97,115,116,97,108,107,105,110,103,46,99,111,109,48,130,1,34,48,13,6,9,42,134,72,134,247,13,1,1,1,5,0,3,130,1,15,0,48,130,1,10,2,130,1,1,0,180,197,142,65,200,138,157,238,86,92,149,63,3,60,215,129,8,106,219,121,250,32,228,201,25,171,79,20,88,60,113,170,180,220,203,78,100,129,103,56,33,88,173,202,228,183,52,101,84,220,157,84,26,205,118,154,156,30,117,17,79,44,212,143,223,53,213,99,124,141,239,152,119,197,215,35,170,240,100,173,234,163,8,148,9,1,158,241,253,179,243,37,210,8,239,60,198,112,254,251,185,177,41,226,208,10,27,243,0,87,128,240,149,107,52,173,60,45,122,232,247,142,63,108,168,231,29,183,136,118,15,116,104,74,244,223,59,161,68,127,75,227,130,249,227,118,86,239,0,191,126,103,221,9,250,184,118,171,121,167,102,24,136,61,171,165,223,247,13,199,0,52,250,44,67,21,220,253,163,187,188,180,217,228,154,196,188,252,50,144,92,100,57,158,59,176,217,55,7,156,65,126,157,121,148,166,128,238,76,74,255,118,216,192,132,114,211,227,139,146,60,154,12,131,113,225,174,110,123,119,39,169,26,33,111,122,202,32,60,120,125,214,75,153,248,40,103,138,2,220,75,224,154,199,40,187,2,3,1,0,1,163,130,3,26,48,130,3,22,48,31,6,3,85,29,35,4,24,48,22,128,20,141,140,94,196,84,173,138,225,119,233,155,249,155,5,225,184,1,141,97,225,48,29,6,3,85,29,14,4,22,4,20,254,132,221,220,157,87,125,114,99,219,177,204,43,16,193,53,117,69,165,56,48,14,6,3,85,29,15,1,1,255,4,4,3,2,5,160,48,12,6,3,85,29,19,1,1,255,4,2,48,0,48,29,6,3,85,29,37,4,22,48,20,6,8,43,6,1,5,5,7,3,1,6,8,43,6,1,5,5,7,3,2,48,73,6,3,85,29,32,4,66,48,64,48,52,6,11,43,6,1,4,1,178,49,1,2,2,7,48,37,48,35,6,8,43,6,1,5,5,7,2,1,22,23,104,116,116,112,115,58,47,47,115,101,99,116,105,103,111,46,99,111,109,47,67,80,83,48,8,6,6,103,129,12,1,2,1,48,129,132,6,8,43,6,1,5,5,7,1,1,4,120,48,118,48,79,6,8,43,6,1,5,5,7,48,2,134,67,104,116,116,112,58,47,47,99,114,116,46,115,101,99,116,105,103,111,46,99,111,109,47,83,101,99,116,105,103,111,82,83,65,68,111,109,97,105,110,86,97,108,105,100,97,116,105,111,110,83,101,99,117,114,101,83,101,114,118,101,114,67,65,46,99,114,116,48,35,6,8,43,6,1,5,5,7,48,1,134,23,104,116,116,112,58,47,47,111,99,115,112,46,115,101,99,116,105,103,111,46,99,111,109,48,67,6,3,85,29,17,4,60,48,58,130,28,42,46,115,97,110,100,98,111,120,46,97,102,114,105,99,97,115,116,97,108,107,105,110,103,46,99,111,109,130,26,115,97,110,100,98,111,120,46,97,102,114,105,99,97,115,116,97,108,107,105,110,103,46,99,111,109,48,130,1,126,6,10,43,6,1,4,1,214,121,2,4,2,4,130,1,110,4,130,1,106,1,104,0,118,0,150,151,100,191,85,88,151,173,247,67,135,104,55,8,66,119,233,240,58,213,246,164,243,54,110,70,164,63,15,202,169,198,0,0,1,150,129,69,131,153,0,0,4,3,0,71,48,69,2,33,0,192,113,236,130,106,119,225,21,227,48,108,83,203,105,159,22,117,184,27,85,180,62,205,195,199,195,176,119,15,35,200,225,2,32,79,251,47,115,242,132,249,130,157,90,214,23,119,203,106,154,48,75,159,0,8,38,86,248,36,166,243,119,50,112,78,196,0,118,0,25,134,212,199,40,170,111,254,186,3,111,120,42,77,1,145,170,206,45,114,49,15,174,206,93,112,65,45,37,76,199,212,0,0,1,150,129,69,131,79,0,0,4,3,0,71,48,69,2,33,0,145,137,144,59,202,182,50,64,67,122,201,20,108,168,246,157,242,230,199,16,129,49,229,130,49,89,210,38,38,68,49,227,2,32,82,67,14,34,86,26,59,133,66,104,173,112,219,9,64,73,57,204,47,156,245,60,37,228,171,218,249,255,21,18,23,84,0,118,0,14,87,148,188,243,174,169,62,51,27,44,153,7,179,247,144,223,155,194,61,113,50,37,221,33,169,37,172,97,197,78,33,0,0,1,150,129,69,131,56,0,0,4,3,0,71,48,69,2,33,0,240,251,189,18,156,251,161,204,187,98,251,102,90,87,63,116,50,103,58,197,10,176,157,123,24,16,70,178,197,226,168,218,2,32,61,248,238,159,80,72,238,215,212,144,41,41,1,247,90,188,51,46,238,53,182,4,33,104,103,208,118,26,161,203,164,71,48,13,6,9,42,134,72,134,247,13,1,1,11,5,0,3,130,1,1,0,36,13,72,203,198,213,210,25,162,206,66,193,12,118,32,130,134,195,31,146,240,5,124,54,66,147,79,25,152,192,172,17,208,153,44,145,94,238,93,167,123,162,228,97,155,102,86,12,207,102,122,101,76,14,37,27,19,157,38,96,188,149,173,48,62,108,106,114,181,78,200,103,243,244,106,57,214,219,107,87,37,186,70,84,24,47,155,189,77,146,88,151,97,229,16,112,10,207,75,79,53,237,66,233,152,151,226,88,155,146,207,157,247,72,229,206,145,207,96,2,52,63,112,45,217,36,255,27,241,104,219,230,186,117,106,232,62,71,73,118,1,139,240,115,113,10,14,89,30,22,68,13,195,12,128,59,191,212,174,162,33,70,19,172,122,209,26,45,22,8,249,241,124,251,159,235,118,157,155,164,167,163,62,108,156,228,103,115,145,27,122,241,223,131,52,67,30,48,14,31,94,216,136,92,37,108,20,35,76,16,182,139,196,2,63,199,51,59,244,51,47,21,2,173,83,129,44,189,134,74,67,227,136,71,176,190,236,117,254,131,38,95,45,117,96,183,203,100,157,10,122,94,246,79,151,157,164,2,4,0,169,5,2,3,9,58,128,170,115,4,113,236,53,99,195,104,199,44,68,239,245,153,20,164,1,82,13,140,109,88,74,115,187,106,81,105,142,179,236,200,14,198,189,199,226,157,78,39,213,253,213,13,0,112,36,207,38,45,104,95,111,127,114,61,212,139,70,109,7,239,167,150,10,77,227,124,234,187,34,103,44,24,193,99,138,255,179,51,217,130,237,172,150,177,69,190,174,31,211,98,224,54,170,218,39,147,16,12,70,63,17,152,73,205,233,119,110,137,103,226,69,119,202,213,174,7,2,5,0,136,187,190,81,179,3,2,1,29],"type":"Buffer"}}},"defaultPort":443,"freeSockets":{"api.sandbox.africastalking.com:443:::::::::::::::::::::":[{"_SNICallback":null,"_closeAfterHandlingError":false,"_controlReleased":true,"_events":{"close":[null,null,null],"timeout":[null,null]},"_eventsCount":9,"_hadError":false,"_host":"api.sandbox.africastalking.com","_httpMessage":null,"_newSessionPending":false,"_parent":null,"_pendingData":null,"_pendingEncoding":"","_readableState":{"awaitDrainWriters":null,"buffer":[],"bufferIndex":0,"highWaterMark":16384,"length":0,"pipes":[]},"_rejectUnauthorized":true,"_requestCert":true,"_secureEstablished":true,"_securePending":false,"_server":null,"_sockname":null,"_tlsOptions":{"isServer":false,"pipe":false,"rejectUnauthorized":true,"requestCert":true,"secureContext":{"context":{}}},"_writableState":{"bufferedIndex":0,"corked":0,"highWaterMark":16384,"length":0,"pendingcb":0,"writelen":0},"allowHalfOpen":false,"alpnProtocol":false,"authorizationError":null,"authorized":true,"autoSelectFamilyAttemptedAddresses":["18.169.2.234:443"],"connecting":false,"encrypted":true,"parser":null,"secureConnecting":false,"servername":"api.sandbox.africastalking.com","ssl":{"_parent":{"onconnection":null,"reading":true},"_parentWrap":null,"_secureContext":{"context":{}},"reading":true},"timeout":5000}]},"keepAlive":true,"keepAliveMsecs":1000,"maxCachedSessions":100,"maxFreeSockets":256,"maxSockets":null,"maxTotalSockets":null,"options":{"keepAlive":true,"noDelay":true,"path":null,"scheduling":"lifo","timeout":5000},"protocol":"https:","requests":{},"scheduling":"lifo","sockets":{},"totalSocketCount":1},"chunkedEncoding":false,"destroyed":true,"finished":true,"host":"api.sandbox.africastalking.com","maxHeadersCount":null,"maxRequestsOnConnectionReached":false,"method":"POST","outputData":[],"outputSize":0,"parser":null,"path":"/version1/messaging","protocol":"https:","res":{"_consuming":false,"_dumped":false,"_events":{"end":[null,null]},"_eventsCount":4,"_readableState":{"awaitDrainWriters":null,"buffer":[],"bufferIndex":0,"highWaterMark":16384,"length":0,"pipes":[]},"aborted":false,"client":{"_SNICallback":null,"_closeAfterHandlingError":false,"_controlReleased":true,"_events":{"close":[null,null,null],"timeout":[null,null]},"_eventsCount":9,"_hadError":false,"_host":"api.sandbox.africastalking.com","_httpMessage":null,"_newSessionPending":false,"_parent":null,"_pendingData":null,"_pendingEncoding":"","_readableState":{"awaitDrainWriters":null,"buffer":[],"bufferIndex":0,"highWaterMark":16384,"length":0,"pipes":[]},"_rejectUnauthorized":true,"_requestCert":true,"_secureEstablished":true,"_securePending":false,"_server":null,"_sockname":null,"_tlsOptions":{"isServer":false,"pipe":false,"rejectUnauthorized":true,"requestCert":true,"secureContext":{"context":{}}},"_writableState":{"bufferedIndex":0,"corked":0,"highWaterMark":16384,"length":0,"pendingcb":0,"writelen":0},"allowHalfOpen":false,"alpnProtocol":false,"authorizationError":null,"authorized":true,"autoSelectFamilyAttemptedAddresses":["18.169.2.234:443"],"connecting":false,"encrypted":true,"parser":null,"secureConnecting":false,"servername":"api.sandbox.africastalking.com","ssl":{"_parent":{"onconnection":null,"reading":true},"_parentWrap":null,"_secureContext":{"context":{}},"reading":true},"timeout":5000},"complete":true,"httpVersion":"1.1","httpVersionMajor":1,"httpVersionMinor":1,"method":null,"rawHeaders":["Content-Length","38","Content-Type","text/plain; charset=UTF-8","Date","Sat, 24 Jan 2026 20:08:03 GMT","Server","akka-http/10.2.10","Www-Authenticate","Basic realm=\"api\",charset=UTF-8"],"rawTrailers":[],"redirects":[],"req":"[Circular]","responseUrl":"https://api.sandbox.africastalking.com/version1/messaging","socket":null,"statusCode":401,"statusMessage":"Unauthorized","upgrade":false,"url":""},"reusedSocket":false,"sendDate":false,"shouldKeepAlive":true,"socket":{"_SNICallback":null,"_closeAfterHandlingError":false,"_controlReleased":true,"_events":{"close":[null,null,null],"timeout":[null,null]},"_eventsCount":9,"_hadError":false,"_host":"api.sandbox.africastalking.com","_httpMessage":null,"_newSessionPending":false,"_parent":null,"_pendingData":null,"_pendingEncoding":"","_readableState":{"awaitDrainWriters":null,"buffer":[],"bufferIndex":0,"highWaterMark":16384,"length":0,"pipes":[]},"_rejectUnauthorized":true,"_requestCert":true,"_secureEstablished":true,"_securePending":false,"_server":null,"_sockname":null,"_tlsOptions":{"isServer":false,"pipe":false,"rejectUnauthorized":true,"requestCert":true,"secureContext":{"context":{}}},"_writableState":{"bufferedIndex":0,"corked":0,"highWaterMark":16384,"length":0,"pendingcb":0,"writelen":0},"allowHalfOpen":false,"alpnProtocol":false,"authorizationError":null,"authorized":true,"autoSelectFamilyAttemptedAddresses":["18.169.2.234:443"],"connecting":false,"encrypted":true,"parser":null,"secureConnecting":false,"servername":"api.sandbox.africastalking.com","ssl":{"_parent":{"onconnection":null,"reading":true},"_parentWrap":null,"_secureContext":{"context":{}},"reading":true},"timeout":5000},"strictContentLength":false,"timeoutCb":null,"upgradeOrConnect":false,"useChunkedEncodingByDefault":true,"writable":true},"response":{"config":{"adapter":["xhr","http","fetch"],"allowAbsoluteUrls":true,"data":"username=sandbox&to=%2B254743912192&message=We+are+excited+to+welcome+our+new+members+who+joined+us+this+month.+Please+introduce+yourself+after+the+service%21&bulkSMSMode=1","env":{},"headers":{"Accept":"application/json","Accept-Encoding":"gzip, compress, deflate, br","Content-Length":"172","Content-Type":"application/x-www-form-urlencoded;charset=utf-8","User-Agent":"axios/1.13.2","apikey":"atsk_14d921f6750ef9bcff13651d3d04cf40d567cbe650659c682114795c03fbea451fb9c889"},"maxBodyLength":-1,"maxContentLength":-1,"method":"post","timeout":0,"transformRequest":[null],"transformResponse":[null],"transitional":{"clarifyTimeoutError":false,"forcedJSONParsing":true,"silentJSONParsing":true},"url":"https://api.sandbox.africastalking.com/version1/messaging","xsrfCookieName":"XSRF-TOKEN","xsrfHeaderName":"X-XSRF-TOKEN"},"data":"The supplied authentication is invalid","headers":{"content-length":"38","content-type":"text/plain; charset=UTF-8","date":"Sat, 24 Jan 2026 20:08:03 GMT","server":"akka-http/10.2.10","www-authenticate":"Basic realm=\"api\",charset=UTF-8"},"request":{"_closed":true,"_contentLength":"172","_defaultKeepAlive":true,"_ended":true,"_events":{},"_eventsCount":7,"_hasBody":true,"_header":"POST /version1/messaging HTTP/1.1\r\nAccept: application/json\r\nContent-Type: application/x-www-form-urlencoded;charset=utf-8\r\napikey: atsk_14d921f6750ef9bcff13651d3d04cf40d567cbe650659c682114795c03fbea451fb9c889\r\nUser-Agent: axios/1.13.2\r\nContent-Length: 172\r\nAccept-Encoding: gzip, compress, deflate, br\r\nHost: api.sandbox.africastalking.com\r\nConnection: keep-alive\r\n\r\n","_headerSent":true,"_keepAliveTimeout":0,"_last":false,"_redirectable":{"_currentRequest":"[Circular]","_currentUrl":"https://api.sandbox.africastalking.com/version1/messaging","_ended":true,"_ending":true,"_events":{"socket":[null,null]},"_eventsCount":3,"_options":{"agents":{},"beforeRedirects":{},"headers":{"Accept":"application/json","Accept-Encoding":"gzip, compress, deflate, br","Content-Length":"172","Content-Type":"application/x-www-form-urlencoded;charset=utf-8","User-Agent":"axios/1.13.2","apikey":"atsk_14d921f6750ef9bcff13651d3d04cf40d567cbe650659c682114795c03fbea451fb9c889"},"hostname":"api.sandbox.africastalking.com","maxBodyLength":null,"maxRedirects":21,"method":"POST","nativeProtocols":{"http:":{"METHODS":["ACL","BIND","CHECKOUT","CONNECT","COPY","DELETE","GET","HEAD","LINK","LOCK","M-SEARCH","MERGE","MKACTIVITY","MKCALENDAR","MKCOL","MOVE","NOTIFY","OPTIONS","PATCH","POST","PROPFIND","PROPPATCH","PURGE","PUT","REBIND","REPORT","SEARCH","SOURCE","SUBSCRIBE","TRACE","UNBIND","UNLINK","UNLOCK","UNSUBSCRIBE"],"STATUS_CODES":{"100":"Continue","101":"Switching Protocols","102":"Processing","103":"Early Hints","200":"OK","201":"Created","202":"Accepted","203":"Non-Authoritative Information","204":"No Content","205":"Reset Content","206":"Partial Content","207":"Multi-Status","208":"Already Reported","226":"IM Used","300":"Multiple Choices","301":"Moved Permanently","302":"Found","303":"See Other","304":"Not Modified","305":"Use Proxy","307":"Temporary Redirect","308":"Permanent Redirect","400":"Bad Request","401":"Unauthorized","402":"Payment Required","403":"Forbidden","404":"Not Found","405":"Method Not Allowed","406":"Not Acceptable","407":"Proxy Authentication Required","408":"Request Timeout","409":"Conflict","410":"Gone","411":"Length Required","412":"Precondition Failed","413":"Payload Too Large","414":"URI Too Long","415":"Unsupported Media Type","416":"Range Not Satisfiable","417":"Expectation Failed","418":"I'm a Teapot","421":"Misdirected Request","422":"Unprocessable Entity","423":"Locked","424":"Failed Dependency","425":"Too Early","426":"Upgrade Required","428":"Precondition Required","429":"Too Many Requests","431":"Request Header Fields Too Large","451":"Unavailable For Legal Reasons","500":"Internal Server Error","501":"Not Implemented","502":"Bad Gateway","503":"Service Unavailable","504":"Gateway Timeout","505":"HTTP Version Not Supported","506":"Variant Also Negotiates","507":"Insufficient Storage","508":"Loop Detected","509":"Bandwidth Limit Exceeded","510":"Not Extended","511":"Network Authentication Required"},"globalAgent":{"_events":{},"_eventsCount":2,"defaultPort":80,"freeSockets":{},"keepAlive":true,"keepAliveMsecs":1000,"maxFreeSockets":256,"maxSockets":null,"maxTotalSockets":null,"options":{"keepAlive":true,"noDelay":true,"path":null,"scheduling":"lifo","timeout":5000},"protocol":"http:","requests":{},"scheduling":"lifo","sockets":{},"totalSocketCount":0},"maxHeaderSize":16384},"https:":{"globalAgent":{"_events":{},"_eventsCount":2,"_sessionCache":{"list":["api.sandbox.africastalking.com:443:::::::::::::::::::::"],"map":{"api.sandbox.africastalking.com:443:::::::::::::::::::::":{"data":[48,130,7,80,2,1,1,2,2,3,4,4,2,19,1,4,32,81,97,50,36,46,230,192,196,15,18,65,248,148,178,8,52,71,42,36,205,124,20,116,246,213,97,118,196,204,218,80,208,4,32,23,196,236,46,128,112,172,107,247,57,84,39,179,105,17,207,202,142,12,212,78,130,100,105,6,36,93,37,215,82,123,93,161,6,2,4,105,117,38,162,162,4,2,2,28,32,163,130,6,97,48,130,6,93,48,130,5,69,160,3,2,1,2,2,16,71,152,108,120,247,108,212,9,146,252,20,154,206,236,55,65,48,13,6,9,42,134,72,134,247,13,1,1,11,5,0,48,129,143,49,11,48,9,6,3,85,4,6,19,2,71,66,49,27,48,25,6,3,85,4,8,19,18,71,114,101,97,116,101,114,32,77,97,110,99,104,101,115,116,101,114,49,16,48,14,6,3,85,4,7,19,7,83,97,108,102,111,114,100,49,24,48,22,6,3,85,4,10,19,15,83,101,99,116,105,103,111,32,76,105,109,105,116,101,100,49,55,48,53,6,3,85,4,3,19,46,83,101,99,116,105,103,111,32,82,83,65,32,68,111,109,97,105,110,32,86,97,108,105,100,97,116,105,111,110,32,83,101,99,117,114,101,32,83,101,114,118,101,114,32,67,65,48,30,23,13,50,53,48,52,50,57,48,48,48,48,48,48,90,23,13,50,54,48,53,51,48,50,51,53,57,53,57,90,48,39,49,37,48,35,6,3,85,4,3,12,28,42,46,115,97,110,100,98,111,120,46,97,102,114,105,99,97,115,116,97,108,107,105,110,103,46,99,111,109,48,130,1,34,48,13,6,9,42,134,72,134,247,13,1,1,1,5,0,3,130,1,15,0,48,130,1,10,2,130,1,1,0,180,197,142,65,200,138,157,238,86,92,149,63,3,60,215,129,8,106,219,121,250,32,228,201,25,171,79,20,88,60,113,170,180,220,203,78,100,129,103,56,33,88,173,202,228,183,52,101,84,220,157,84,26,205,118,154,156,30,117,17,79,44,212,143,223,53,213,99,124,141,239,152,119,197,215,35,170,240,100,173,234,163,8,148,9,1,158,241,253,179,243,37,210,8,239,60,198,112,254,251,185,177,41,226,208,10,27,243,0,87,128,240,149,107,52,173,60,45,122,232,247,142,63,108,168,231,29,183,136,118,15,116,104,74,244,223,59,161,68,127,75,227,130,249,227,118,86,239,0,191,126,103,221,9,250,184,118,171,121,167,102,24,136,61,171,165,223,247,13,199,0,52,250,44,67,21,220,253,163,187,188,180,217,228,154,196,188,252,50,144,92,100,57,158,59,176,217,55,7,156,65,126,157,121,148,166,128,238,76,74,255,118,216,192,132,114,211,227,139,146,60,154,12,131,113,225,174,110,123,119,39,169,26,33,111,122,202,32,60,120,125,214,75,153,248,40,103,138,2,220,75,224,154,199,40,187,2,3,1,0,1,163,130,3,26,48,130,3,22,48,31,6,3,85,29,35,4,24,48,22,128,20,141,140,94,196,84,173,138,225,119,233,155,249,155,5,225,184,1,141,97,225,48,29,6,3,85,29,14,4,22,4,20,254,132,221,220,157,87,125,114,99,219,177,204,43,16,193,53,117,69,165,56,48,14,6,3,85,29,15,1,1,255,4,4,3,2,5,160,48,12,6,3,85,29,19,1,1,255,4,2,48,0,48,29,6,3,85,29,37,4,22,48,20,6,8,43,6,1,5,5,7,3,1,6,8,43,6,1,5,5,7,3,2,48,73,6,3,85,29,32,4,66,48,64,48,52,6,11,43,6,1,4,1,178,49,1,2,2,7,48,37,48,35,6,8,43,6,1,5,5,7,2,1,22,23,104,116,116,112,115,58,47,47,115,101,99,116,105,103,111,46,99,111,109,47,67,80,83,48,8,6,6,103,129,12,1,2,1,48,129,132,6,8,43,6,1,5,5,7,1,1,4,120,48,118,48,79,6,8,43,6,1,5,5,7,48,2,134,67,104,116,116,112,58,47,47,99,114,116,46,115,101,99,116,105,103,111,46,99,111,109,47,83,101,99,116,105,103,111,82,83,65,68,111,109,97,105,110,86,97,108,105,100,97,116,105,111,110,83,101,99,117,114,101,83,101,114,118,101,114,67,65,46,99,114,116,48,35,6,8,43,6,1,5,5,7,48,1,134,23,104,116,116,112,58,47,47,111,99,115,112,46,115,101,99,116,105,103,111,46,99,111,109,48,67,6,3,85,29,17,4,60,48,58,130,28,42,46,115,97,110,100,98,111,120,46,97,102,114,105,99,97,115,116,97,108,107,105,110,103,46,99,111,109,130,26,115,97,110,100,98,111,120,46,97,102,114,105,99,97,115,116,97,108,107,105,110,103,46,99,111,109,48,130,1,126,6,10,43,6,1,4,1,214,121,2,4,2,4,130,1,110,4,130,1,106,1,104,0,118,0,150,151,100,191,85,88,151,173,247,67,135,104,55,8,66,119,233,240,58,213,246,164,243,54,110,70,164,63,15,202,169,198,0,0,1,150,129,69,131,153,0,0,4,3,0,71,48,69,2,33,0,192,113,236,130,106,119,225,21,227,48,108,83,203,105,159,22,117,184,27,85,180,62,205,195,199,195,176,119,15,35,200,225,2,32,79,251,47,115,242,132,249,130,157,90,214,23,119,203,106,154,48,75,159,0,8,38,86,248,36,166,243,119,50,112,78,196,0,118,0,25,134,212,199,40,170,111,254,186,3,111,120,42,77,1,145,170,206,45,114,49,15,174,206,93,112,65,45,37,76,199,212,0,0,1,150,129,69,131,79,0,0,4,3,0,71,48,69,2,33,0,145,137,144,59,202,182,50,64,67,122,201,20,108,168,246,157,242,230,199,16,129,49,229,130,49,89,210,38,38,68,49,227,2,32,82,67,14,34,86,26,59,133,66,104,173,112,219,9,64,73,57,204,47,156,245,60,37,228,171,218,249,255,21,18,23,84,0,118,0,14,87,148,188,243,174,169,62,51,27,44,153,7,179,247,144,223,155,194,61,113,50,37,221,33,169,37,172,97,197,78,33,0,0,1,150,129,69,131,56,0,0,4,3,0,71,48,69,2,33,0,240,251,189,18,156,251,161,204,187,98,251,102,90,87,63,116,50,103,58,197,10,176,157,123,24,16,70,178,197,226,168,218,2,32,61,248,238,159,80,72,238,215,212,144,41,41,1,247,90,188,51,46,238,53,182,4,33,104,103,208,118,26,161,203,164,71,48,13,6,9,42,134,72,134,247,13,1,1,11,5,0,3,130,1,1,0,36,13,72,203,198,213,210,25,162,206,66,193,12,118,32,130,134,195,31,146,240,5,124,54,66,147,79,25,152,192,172,17,208,153,44,145,94,238,93,167,123,162,228,97,155,102,86,12,207,102,122,101,76,14,37,27,19,157,38,96,188,149,173,48,62,108,106,114,181,78,200,103,243,244,106,57,214,219,107,87,37,186,70,84,24,47,155,189,77,146,88,151,97,229,16,112,10,207,75,79,53,237,66,233,152,151,226,88,155,146,207,157,247,72,229,206,145,207,96,2,52,63,112,45,217,36,255,27,241,104,219,230,186,117,106,232,62,71,73,118,1,139,240,115,113,10,14,89,30,22,68,13,195,12,128,59,191,212,174,162,33,70,19,172,122,209,26,45,22,8,249,241,124,251,159,235,118,157,155,164,167,163,62,108,156,228,103,115,145,27,122,241,223,131,52,67,30,48,14,31,94,216,136,92,37,108,20,35,76,16,182,139,196,2,63,199,51,59,244,51,47,21,2,173,83,129,44,189,134,74,67,227,136,71,176,190,236,117,254,131,38,95,45,117,96,183,203,100,157,10,122,94,246,79,151,157,164,2,4,0,169,5,2,3,9,58,128,170,115,4,113,236,53,99,195,104,199,44,68,239,245,153,20,164,1,82,13,140,109,88,74,115,187,106,81,105,142,179,236,200,14,198,189,199,226,157,78,39,213,253,213,13,0,112,36,207,38,45,104,95,111,127,114,61,212,139,70,109,7,239,167,150,10,77,227,124,234,187,34,103,44,24,193,99,138,255,179,51,217,130,237,172,150,177,69,190,174,31,211,98,224,54,170,218,39,147,16,12,70,63,17,152,73,205,233,119,110,137,103,226,69,119,202,213,174,7,2,5,0,136,187,190,81,179,3,2,1,29],"type":"Buffer"}}},"defaultPort":443,"freeSockets":{"api.sandbox.africastalking.com:443:::::::::::::::::::::":[{"_SNICallback":null,"_closeAfterHandlingError":false,"_controlReleased":true,"_events":{"close":[null,null,null],"timeout":[null,null]},"_eventsCount":9,"_hadError":false,"_host":"api.sandbox.africastalking.com","_httpMessage":null,"_newSessionPending":false,"_parent":null,"_pendingData":null,"_pendingEncoding":"","_readableState":{"awaitDrainWriters":null,"buffer":[],"bufferIndex":0,"highWaterMark":16384,"length":0,"pipes":[]},"_rejectUnauthorized":true,"_requestCert":true,"_secureEstablished":true,"_securePending":false,"_server":null,"_sockname":null,"_tlsOptions":{"isServer":false,"pipe":false,"rejectUnauthorized":true,"requestCert":true,"secureContext":{"context":{}}},"_writableState":{"bufferedIndex":0,"corked":0,"highWaterMark":16384,"length":0,"pendingcb":0,"writelen":0},"allowHalfOpen":false,"alpnProtocol":false,"authorizationError":null,"authorized":true,"autoSelectFamilyAttemptedAddresses":["18.169.2.234:443"],"connecting":false,"encrypted":true,"parser":null,"secureConnecting":false,"servername":"api.sandbox.africastalking.com","ssl":{"_parent":{"onconnection":null,"reading":true},"_parentWrap":null,"_secureContext":{"context":{}},"reading":true},"timeout":5000}]},"keepAlive":true,"keepAliveMsecs":1000,"maxCachedSessions":100,"maxFreeSockets":256,"maxSockets":null,"maxTotalSockets":null,"options":{"keepAlive":true,"noDelay":true,"path":null,"scheduling":"lifo","timeout":5000},"protocol":"https:","requests":{},"scheduling":"lifo","sockets":{},"totalSocketCount":1}}},"path":"/version1/messaging","pathname":"/version1/messaging","port":"","protocol":"https:"},"_redirectCount":0,"_redirects":[],"_requestBodyBuffers":[],"_requestBodyLength":172,"_timeout":null,"_writableState":{"bufferedIndex":0,"corked":0,"highWaterMark":16384,"length":0,"pendingcb":0,"writelen":0}},"_removedConnection":false,"_removedContLen":false,"_removedTE":false,"_trailer":"","aborted":false,"agent":{"_events":{},"_eventsCount":2,"_sessionCache":{"list":["api.sandbox.africastalking.com:443:::::::::::::::::::::"],"map":{"api.sandbox.africastalking.com:443:::::::::::::::::::::":{"data":[48,130,7,80,2,1,1,2,2,3,4,4,2,19,1,4,32,81,97,50,36,46,230,192,196,15,18,65,248,148,178,8,52,71,42,36,205,124,20,116,246,213,97,118,196,204,218,80,208,4,32,23,196,236,46,128,112,172,107,247,57,84,39,179,105,17,207,202,142,12,212,78,130,100,105,6,36,93,37,215,82,123,93,161,6,2,4,105,117,38,162,162,4,2,2,28,32,163,130,6,97,48,130,6,93,48,130,5,69,160,3,2,1,2,2,16,71,152,108,120,247,108,212,9,146,252,20,154,206,236,55,65,48,13,6,9,42,134,72,134,247,13,1,1,11,5,0,48,129,143,49,11,48,9,6,3,85,4,6,19,2,71,66,49,27,48,25,6,3,85,4,8,19,18,71,114,101,97,116,101,114,32,77,97,110,99,104,101,115,116,101,114,49,16,48,14,6,3,85,4,7,19,7,83,97,108,102,111,114,100,49,24,48,22,6,3,85,4,10,19,15,83,101,99,116,105,103,111,32,76,105,109,105,116,101,100,49,55,48,53,6,3,85,4,3,19,46,83,101,99,116,105,103,111,32,82,83,65,32,68,111,109,97,105,110,32,86,97,108,105,100,97,116,105,111,110,32,83,101,99,117,114,101,32,83,101,114,118,101,114,32,67,65,48,30,23,13,50,53,48,52,50,57,48,48,48,48,48,48,90,23,13,50,54,48,53,51,48,50,51,53,57,53,57,90,48,39,49,37,48,35,6,3,85,4,3,12,28,42,46,115,97,110,100,98,111,120,46,97,102,114,105,99,97,115,116,97,108,107,105,110,103,46,99,111,109,48,130,1,34,48,13,6,9,42,134,72,134,247,13,1,1,1,5,0,3,130,1,15,0,48,130,1,10,2,130,1,1,0,180,197,142,65,200,138,157,238,86,92,149,63,3,60,215,129,8,106,219,121,250,32,228,201,25,171,79,20,88,60,113,170,180,220,203,78,100,129,103,56,33,88,173,202,228,183,52,101,84,220,157,84,26,205,118,154,156,30,117,17,79,44,212,143,223,53,213,99,124,141,239,152,119,197,215,35,170,240,100,173,234,163,8,148,9,1,158,241,253,179,243,37,210,8,239,60,198,112,254,251,185,177,41,226,208,10,27,243,0,87,128,240,149,107,52,173,60,45,122,232,247,142,63,108,168,231,29,183,136,118,15,116,104,74,244,223,59,161,68,127,75,227,130,249,227,118,86,239,0,191,126,103,221,9,250,184,118,171,121,167,102,24,136,61,171,165,223,247,13,199,0,52,250,44,67,21,220,253,163,187,188,180,217,228,154,196,188,252,50,144,92,100,57,158,59,176,217,55,7,156,65,126,157,121,148,166,128,238,76,74,255,118,216,192,132,114,211,227,139,146,60,154,12,131,113,225,174,110,123,119,39,169,26,33,111,122,202,32,60,120,125,214,75,153,248,40,103,138,2,220,75,224,154,199,40,187,2,3,1,0,1,163,130,3,26,48,130,3,22,48,31,6,3,85,29,35,4,24,48,22,128,20,141,140,94,196,84,173,138,225,119,233,155,249,155,5,225,184,1,141,97,225,48,29,6,3,85,29,14,4,22,4,20,254,132,221,220,157,87,125,114,99,219,177,204,43,16,193,53,117,69,165,56,48,14,6,3,85,29,15,1,1,255,4,4,3,2,5,160,48,12,6,3,85,29,19,1,1,255,4,2,48,0,48,29,6,3,85,29,37,4,22,48,20,6,8,43,6,1,5,5,7,3,1,6,8,43,6,1,5,5,7,3,2,48,73,6,3,85,29,32,4,66,48,64,48,52,6,11,43,6,1,4,1,178,49,1,2,2,7,48,37,48,35,6,8,43,6,1,5,5,7,2,1,22,23,104,116,116,112,115,58,47,47,115,101,99,116,105,103,111,46,99,111,109,47,67,80,83,48,8,6,6,103,129,12,1,2,1,48,129,132,6,8,43,6,1,5,5,7,1,1,4,120,48,118,48,79,6,8,43,6,1,5,5,7,48,2,134,67,104,116,116,112,58,47,47,99,114,116,46,115,101,99,116,105,103,111,46,99,111,109,47,83,101,99,116,105,103,111,82,83,65,68,111,109,97,105,110,86,97,108,105,100,97,116,105,111,110,83,101,99,117,114,101,83,101,114,118,101,114,67,65,46,99,114,116,48,35,6,8,43,6,1,5,5,7,48,1,134,23,104,116,116,112,58,47,47,111,99,115,112,46,115,101,99,116,105,103,111,46,99,111,109,48,67,6,3,85,29,17,4,60,48,58,130,28,42,46,115,97,110,100,98,111,120,46,97,102,114,105,99,97,115,116,97,108,107,105,110,103,46,99,111,109,130,26,115,97,110,100,98,111,120,46,97,102,114,105,99,97,115,116,97,108,107,105,110,103,46,99,111,109,48,130,1,126,6,10,43,6,1,4,1,214,121,2,4,2,4,130,1,110,4,130,1,106,1,104,0,118,0,150,151,100,191,85,88,151,173,247,67,135,104,55,8,66,119,233,240,58,213,246,164,243,54,110,70,164,63,15,202,169,198,0,0,1,150,129,69,131,153,0,0,4,3,0,71,48,69,2,33,0,192,113,236,130,106,119,225,21,227,48,108,83,203,105,159,22,117,184,27,85,180,62,205,195,199,195,176,119,15,35,200,225,2,32,79,251,47,115,242,132,249,130,157,90,214,23,119,203,106,154,48,75,159,0,8,38,86,248,36,166,243,119,50,112,78,196,0,118,0,25,134,212,199,40,170,111,254,186,3,111,120,42,77,1,145,170,206,45,114,49,15,174,206,93,112,65,45,37,76,199,212,0,0,1,150,129,69,131,79,0,0,4,3,0,71,48,69,2,33,0,145,137,144,59,202,182,50,64,67,122,201,20,108,168,246,157,242,230,199,16,129,49,229,130,49,89,210,38,38,68,49,227,2,32,82,67,14,34,86,26,59,133,66,104,173,112,219,9,64,73,57,204,47,156,245,60,37,228,171,218,249,255,21,18,23,84,0,118,0,14,87,148,188,243,174,169,62,51,27,44,153,7,179,247,144,223,155,194,61,113,50,37,221,33,169,37,172,97,197,78,33,0,0,1,150,129,69,131,56,0,0,4,3,0,71,48,69,2,33,0,240,251,189,18,156,251,161,204,187,98,251,102,90,87,63,116,50,103,58,197,10,176,157,123,24,16,70,178,197,226,168,218,2,32,61,248,238,159,80,72,238,215,212,144,41,41,1,247,90,188,51,46,238,53,182,4,33,104,103,208,118,26,161,203,164,71,48,13,6,9,42,134,72,134,247,13,1,1,11,5,0,3,130,1,1,0,36,13,72,203,198,213,210,25,162,206,66,193,12,118,32,130,134,195,31,146,240,5,124,54,66,147,79,25,152,192,172,17,208,153,44,145,94,238,93,167,123,162,228,97,155,102,86,12,207,102,122,101,76,14,37,27,19,157,38,96,188,149,173,48,62,108,106,114,181,78,200,103,243,244,106,57,214,219,107,87,37,186,70,84,24,47,155,189,77,146,88,151,97,229,16,112,10,207,75,79,53,237,66,233,152,151,226,88,155,146,207,157,247,72,229,206,145,207,96,2,52,63,112,45,217,36,255,27,241,104,219,230,186,117,106,232,62,71,73,118,1,139,240,115,113,10,14,89,30,22,68,13,195,12,128,59,191,212,174,162,33,70,19,172,122,209,26,45,22,8,249,241,124,251,159,235,118,157,155,164,167,163,62,108,156,228,103,115,145,27,122,241,223,131,52,67,30,48,14,31,94,216,136,92,37,108,20,35,76,16,182,139,196,2,63,199,51,59,244,51,47,21,2,173,83,129,44,189,134,74,67,227,136,71,176,190,236,117,254,131,38,95,45,117,96,183,203,100,157,10,122,94,246,79,151,157,164,2,4,0,169,5,2,3,9,58,128,170,115,4,113,236,53,99,195,104,199,44,68,239,245,153,20,164,1,82,13,140,109,88,74,115,187,106,81,105,142,179,236,200,14,198,189,199,226,157,78,39,213,253,213,13,0,112,36,207,38,45,104,95,111,127,114,61,212,139,70,109,7,239,167,150,10,77,227,124,234,187,34,103,44,24,193,99,138,255,179,51,217,130,237,172,150,177,69,190,174,31,211,98,224,54,170,218,39,147,16,12,70,63,17,152,73,205,233,119,110,137,103,226,69,119,202,213,174,7,2,5,0,136,187,190,81,179,3,2,1,29],"type":"Buffer"}}},"defaultPort":443,"freeSockets":{"api.sandbox.africastalking.com:443:::::::::::::::::::::":[{"_SNICallback":null,"_closeAfterHandlingError":false,"_controlReleased":true,"_events":{"close":[null,null,null],"timeout":[null,null]},"_eventsCount":9,"_hadError":false,"_host":"api.sandbox.africastalking.com","_httpMessage":null,"_newSessionPending":false,"_parent":null,"_pendingData":null,"_pendingEncoding":"","_readableState":{"awaitDrainWriters":null,"buffer":[],"bufferIndex":0,"highWaterMark":16384,"length":0,"pipes":[]},"_rejectUnauthorized":true,"_requestCert":true,"_secureEstablished":true,"_securePending":false,"_server":null,"_sockname":null,"_tlsOptions":{"isServer":false,"pipe":false,"rejectUnauthorized":true,"requestCert":true,"secureContext":{"context":{}}},"_writableState":{"bufferedIndex":0,"corked":0,"highWaterMark":16384,"length":0,"pendingcb":0,"writelen":0},"allowHalfOpen":false,"alpnProtocol":false,"authorizationError":null,"authorized":true,"autoSelectFamilyAttemptedAddresses":["18.169.2.234:443"],"connecting":false,"encrypted":true,"parser":null,"secureConnecting":false,"servername":"api.sandbox.africastalking.com","ssl":{"_parent":{"onconnection":null,"reading":true},"_parentWrap":null,"_secureContext":{"context":{}},"reading":true},"timeout":5000}]},"keepAlive":true,"keepAliveMsecs":1000,"maxCachedSessions":100,"maxFreeSockets":256,"maxSockets":null,"maxTotalSockets":null,"options":{"keepAlive":true,"noDelay":true,"path":null,"scheduling":"lifo","timeout":5000},"protocol":"https:","requests":{},"scheduling":"lifo","sockets":{},"totalSocketCount":1},"chunkedEncoding":false,"destroyed":true,"finished":true,"host":"api.sandbox.africastalking.com","maxHeadersCount":null,"maxRequestsOnConnectionReached":false,"method":"POST","outputData":[],"outputSize":0,"parser":null,"path":"/version1/messaging","protocol":"https:","res":{"_consuming":false,"_dumped":false,"_events":{"end":[null,null]},"_eventsCount":4,"_readableState":{"awaitDrainWriters":null,"buffer":[],"bufferIndex":0,"highWaterMark":16384,"length":0,"pipes":[]},"aborted":false,"client":{"_SNICallback":null,"_closeAfterHandlingError":false,"_controlReleased":true,"_events":{"close":[null,null,null],"timeout":[null,null]},"_eventsCount":9,"_hadError":false,"_host":"api.sandbox.africastalking.com","_httpMessage":null,"_newSessionPending":false,"_parent":null,"_pendingData":null,"_pendingEncoding":"","_readableState":{"awaitDrainWriters":null,"buffer":[],"bufferIndex":0,"highWaterMark":16384,"length":0,"pipes":[]},"_rejectUnauthorized":true,"_requestCert":true,"_secureEstablished":true,"_securePending":false,"_server":null,"_sockname":null,"_tlsOptions":{"isServer":false,"pipe":false,"rejectUnauthorized":true,"requestCert":true,"secureContext":{"context":{}}},"_writableState":{"bufferedIndex":0,"corked":0,"highWaterMark":16384,"length":0,"pendingcb":0,"writelen":0},"allowHalfOpen":false,"alpnProtocol":false,"authorizationError":null,"authorized":true,"autoSelectFamilyAttemptedAddresses":["18.169.2.234:443"],"connecting":false,"encrypted":true,"parser":null,"secureConnecting":false,"servername":"api.sandbox.africastalking.com","ssl":{"_parent":{"onconnection":null,"reading":true},"_parentWrap":null,"_secureContext":{"context":{}},"reading":true},"timeout":5000},"complete":true,"httpVersion":"1.1","httpVersionMajor":1,"httpVersionMinor":1,"method":null,"rawHeaders":["Content-Length","38","Content-Type","text/plain; charset=UTF-8","Date","Sat, 24 Jan 2026 20:08:03 GMT","Server","akka-http/10.2.10","Www-Authenticate","Basic realm=\"api\",charset=UTF-8"],"rawTrailers":[],"redirects":[],"req":"[Circular]","responseUrl":"https://api.sandbox.africastalking.com/version1/messaging","socket":null,"statusCode":401,"statusMessage":"Unauthorized","upgrade":false,"url":""},"reusedSocket":false,"sendDate":false,"shouldKeepAlive":true,"socket":{"_SNICallback":null,"_closeAfterHandlingError":false,"_controlReleased":true,"_events":{"close":[null,null,null],"timeout":[null,null]},"_eventsCount":9,"_hadError":false,"_host":"api.sandbox.africastalking.com","_httpMessage":null,"_newSessionPending":false,"_parent":null,"_pendingData":null,"_pendingEncoding":"","_readableState":{"awaitDrainWriters":null,"buffer":[],"bufferIndex":0,"highWaterMark":16384,"length":0,"pipes":[]},"_rejectUnauthorized":true,"_requestCert":true,"_secureEstablished":true,"_securePending":false,"_server":null,"_sockname":null,"_tlsOptions":{"isServer":false,"pipe":false,"rejectUnauthorized":true,"requestCert":true,"secureContext":{"context":{}}},"_writableState":{"bufferedIndex":0,"corked":0,"highWaterMark":16384,"length":0,"pendingcb":0,"writelen":0},"allowHalfOpen":false,"alpnProtocol":false,"authorizationError":null,"authorized":true,"autoSelectFamilyAttemptedAddresses":["18.169.2.234:443"],"connecting":false,"encrypted":true,"parser":null,"secureConnecting":false,"servername":"api.sandbox.africastalking.com","ssl":{"_parent":{"onconnection":null,"reading":true},"_parentWrap":null,"_secureContext":{"context":{}},"reading":true},"timeout":5000},"strictContentLength":false,"timeoutCb":null,"upgradeOrConnect":false,"useChunkedEncodingByDefault":true,"writable":true},"status":401,"statusText":"Unauthorized"},"service":"spoken-word-chms","stack":"AxiosError: Request failed with status code 401\n    at settle (C:\\Users\\USER\\OneDrive\\Desktop\\2026 WORK\\SPOKEN\\backend\\node_modules\\axios\\dist\\node\\axios.cjs:2106:12)\n    at IncomingMessage.handleStreamEnd (C:\\Users\\USER\\OneDrive\\Desktop\\2026 WORK\\SPOKEN\\backend\\node_modules\\axios\\dist\\node\\axios.cjs:3491:11)\n    at IncomingMessage.emit (node:events:531:35)\n    at endReadableNT (node:internal/streams/readable:1696:12)\n    at process.processTicksAndRejections (node:internal/process/task_queues:82:21)\n    at Axios.request (C:\\Users\\USER\\OneDrive\\Desktop\\2026 WORK\\SPOKEN\\backend\\node_modules\\axios\\dist\\node\\axios.cjs:4731:41)\n    at process.processTicksAndRejections (node:internal/process/task_queues:95:5)","status":401,"timestamp":"2026-01-24 23:08:02"}
[32minfo[39m: Queued email for romanojuma15@gmail.com {"service":"spoken-word-chms","timestamp":"2026-01-24 23:08:02"}
[31merror[39m: Request failed with status code 401 {"code":"ERR_BAD_REQUEST","config":{"adapter":["xhr","http","fetch"],"allowAbsoluteUrls":true,"data":"username=sandbox&to=%2B254743912192&message=We+are+excited+to+welcome+our+new+members+who+joined+us+this+month.+Please+introduce+yourself+after+the+service%21&bulkSMSMode=1","env":{},"headers":{"Accept":"application/json","Accept-Encoding":"gzip, compress, deflate, br","Content-Length":"172","Content-Type":"application/x-www-form-urlencoded;charset=utf-8","User-Agent":"axios/1.13.2","apikey":"atsk_14d921f6750ef9bcff13651d3d04cf40d567cbe650659c682114795c03fbea451fb9c889"},"maxBodyLength":-1,"maxContentLength":-1,"method":"post","timeout":0,"transformRequest":[null],"transformResponse":[null],"transitional":{"clarifyTimeoutError":false,"forcedJSONParsing":true,"silentJSONParsing":true},"url":"https://api.sandbox.africastalking.com/version1/messaging","xsrfCookieName":"XSRF-TOKEN","xsrfHeaderName":"X-XSRF-TOKEN"},"name":"AxiosError","request":{"_closed":true,"_contentLength":"172","_defaultKeepAlive":true,"_ended":true,"_events":{},"_eventsCount":7,"_hasBody":true,"_header":"POST /version1/messaging HTTP/1.1\r\nAccept: application/json\r\nContent-Type: application/x-www-form-urlencoded;charset=utf-8\r\napikey: atsk_14d921f6750ef9bcff13651d3d04cf40d567cbe650659c682114795c03fbea451fb9c889\r\nUser-Agent: axios/1.13.2\r\nContent-Length: 172\r\nAccept-Encoding: gzip, compress, deflate, br\r\nHost: api.sandbox.africastalking.com\r\nConnection: keep-alive\r\n\r\n","_headerSent":true,"_keepAliveTimeout":0,"_last":false,"_redirectable":{"_currentRequest":"[Circular]","_currentUrl":"https://api.sandbox.africastalking.com/version1/messaging","_ended":true,"_ending":true,"_events":{"socket":[null,null]},"_eventsCount":3,"_options":{"agents":{},"beforeRedirects":{},"headers":{"Accept":"application/json","Accept-Encoding":"gzip, compress, deflate, br","Content-Length":"172","Content-Type":"application/x-www-form-urlencoded;charset=utf-8","User-Agent":"axios/1.13.2","apikey":"atsk_14d921f6750ef9bcff13651d3d04cf40d567cbe650659c682114795c03fbea451fb9c889"},"hostname":"api.sandbox.africastalking.com","maxBodyLength":null,"maxRedirects":21,"method":"POST","nativeProtocols":{"http:":{"METHODS":["ACL","BIND","CHECKOUT","CONNECT","COPY","DELETE","GET","HEAD","LINK","LOCK","M-SEARCH","MERGE","MKACTIVITY","MKCALENDAR","MKCOL","MOVE","NOTIFY","OPTIONS","PATCH","POST","PROPFIND","PROPPATCH","PURGE","PUT","REBIND","REPORT","SEARCH","SOURCE","SUBSCRIBE","TRACE","UNBIND","UNLINK","UNLOCK","UNSUBSCRIBE"],"STATUS_CODES":{"100":"Continue","101":"Switching Protocols","102":"Processing","103":"Early Hints","200":"OK","201":"Created","202":"Accepted","203":"Non-Authoritative Information","204":"No Content","205":"Reset Content","206":"Partial Content","207":"Multi-Status","208":"Already Reported","226":"IM Used","300":"Multiple Choices","301":"Moved Permanently","302":"Found","303":"See Other","304":"Not Modified","305":"Use Proxy","307":"Temporary Redirect","308":"Permanent Redirect","400":"Bad Request","401":"Unauthorized","402":"Payment Required","403":"Forbidden","404":"Not Found","405":"Method Not Allowed","406":"Not Acceptable","407":"Proxy Authentication Required","408":"Request Timeout","409":"Conflict","410":"Gone","411":"Length Required","412":"Precondition Failed","413":"Payload Too Large","414":"URI Too Long","415":"Unsupported Media Type","416":"Range Not Satisfiable","417":"Expectation Failed","418":"I'm a Teapot","421":"Misdirected Request","422":"Unprocessable Entity","423":"Locked","424":"Failed Dependency","425":"Too Early","426":"Upgrade Required","428":"Precondition Required","429":"Too Many Requests","431":"Request Header Fields Too Large","451":"Unavailable For Legal Reasons","500":"Internal Server Error","501":"Not Implemented","502":"Bad Gateway","503":"Service Unavailable","504":"Gateway Timeout","505":"HTTP Version Not Supported","506":"Variant Also Negotiates","507":"Insufficient Storage","508":"Loop Detected","509":"Bandwidth Limit Exceeded","510":"Not Extended","511":"Network Authentication Required"},"globalAgent":{"_events":{},"_eventsCount":2,"defaultPort":80,"freeSockets":{},"keepAlive":true,"keepAliveMsecs":1000,"maxFreeSockets":256,"maxSockets":null,"maxTotalSockets":null,"options":{"keepAlive":true,"noDelay":true,"path":null,"scheduling":"lifo","timeout":5000},"protocol":"http:","requests":{},"scheduling":"lifo","sockets":{},"totalSocketCount":0},"maxHeaderSize":16384},"https:":{"globalAgent":{"_events":{},"_eventsCount":2,"_sessionCache":{"list":["api.sandbox.africastalking.com:443:::::::::::::::::::::"],"map":{"api.sandbox.africastalking.com:443:::::::::::::::::::::":{"data":[48,130,7,80,2,1,1,2,2,3,4,4,2,19,1,4,32,81,97,50,36,46,230,192,196,15,18,65,248,148,178,8,52,71,42,36,205,124,20,116,246,213,97,118,196,204,218,80,208,4,32,23,196,236,46,128,112,172,107,247,57,84,39,179,105,17,207,202,142,12,212,78,130,100,105,6,36,93,37,215,82,123,93,161,6,2,4,105,117,38,162,162,4,2,2,28,32,163,130,6,97,48,130,6,93,48,130,5,69,160,3,2,1,2,2,16,71,152,108,120,247,108,212,9,146,252,20,154,206,236,55,65,48,13,6,9,42,134,72,134,247,13,1,1,11,5,0,48,129,143,49,11,48,9,6,3,85,4,6,19,2,71,66,49,27,48,25,6,3,85,4,8,19,18,71,114,101,97,116,101,114,32,77,97,110,99,104,101,115,116,101,114,49,16,48,14,6,3,85,4,7,19,7,83,97,108,102,111,114,100,49,24,48,22,6,3,85,4,10,19,15,83,101,99,116,105,103,111,32,76,105,109,105,116,101,100,49,55,48,53,6,3,85,4,3,19,46,83,101,99,116,105,103,111,32,82,83,65,32,68,111,109,97,105,110,32,86,97,108,105,100,97,116,105,111,110,32,83,101,99,117,114,101,32,83,101,114,118,101,114,32,67,65,48,30,23,13,50,53,48,52,50,57,48,48,48,48,48,48,90,23,13,50,54,48,53,51,48,50,51,53,57,53,57,90,48,39,49,37,48,35,6,3,85,4,3,12,28,42,46,115,97,110,100,98,111,120,46,97,102,114,105,99,97,115,116,97,108,107,105,110,103,46,99,111,109,48,130,1,34,48,13,6,9,42,134,72,134,247,13,1,1,1,5,0,3,130,1,15,0,48,130,1,10,2,130,1,1,0,180,197,142,65,200,138,157,238,86,92,149,63,3,60,215,129,8,106,219,121,250,32,228,201,25,171,79,20,88,60,113,170,180,220,203,78,100,129,103,56,33,88,173,202,228,183,52,101,84,220,157,84,26,205,118,154,156,30,117,17,79,44,212,143,223,53,213,99,124,141,239,152,119,197,215,35,170,240,100,173,234,163,8,148,9,1,158,241,253,179,243,37,210,8,239,60,198,112,254,251,185,177,41,226,208,10,27,243,0,87,128,240,149,107,52,173,60,45,122,232,247,142,63,108,168,231,29,183,136,118,15,116,104,74,244,223,59,161,68,127,75,227,130,249,227,118,86,239,0,191,126,103,221,9,250,184,118,171,121,167,102,24,136,61,171,165,223,247,13,199,0,52,250,44,67,21,220,253,163,187,188,180,217,228,154,196,188,252,50,144,92,100,57,158,59,176,217,55,7,156,65,126,157,121,148,166,128,238,76,74,255,118,216,192,132,114,211,227,139,146,60,154,12,131,113,225,174,110,123,119,39,169,26,33,111,122,202,32,60,120,125,214,75,153,248,40,103,138,2,220,75,224,154,199,40,187,2,3,1,0,1,163,130,3,26,48,130,3,22,48,31,6,3,85,29,35,4,24,48,22,128,20,141,140,94,196,84,173,138,225,119,233,155,249,155,5,225,184,1,141,97,225,48,29,6,3,85,29,14,4,22,4,20,254,132,221,220,157,87,125,114,99,219,177,204,43,16,193,53,117,69,165,56,48,14,6,3,85,29,15,1,1,255,4,4,3,2,5,160,48,12,6,3,85,29,19,1,1,255,4,2,48,0,48,29,6,3,85,29,37,4,22,48,20,6,8,43,6,1,5,5,7,3,1,6,8,43,6,1,5,5,7,3,2,48,73,6,3,85,29,32,4,66,48,64,48,52,6,11,43,6,1,4,1,178,49,1,2,2,7,48,37,48,35,6,8,43,6,1,5,5,7,2,1,22,23,104,116,116,112,115,58,47,47,115,101,99,116,105,103,111,46,99,111,109,47,67,80,83,48,8,6,6,103,129,12,1,2,1,48,129,132,6,8,43,6,1,5,5,7,1,1,4,120,48,118,48,79,6,8,43,6,1,5,5,7,48,2,134,67,104,116,116,112,58,47,47,99,114,116,46,115,101,99,116,105,103,111,46,99,111,109,47,83,101,99,116,105,103,111,82,83,65,68,111,109,97,105,110,86,97,108,105,100,97,116,105,111,110,83,101,99,117,114,101,83,101,114,118,101,114,67,65,46,99,114,116,48,35,6,8,43,6,1,5,5,7,48,1,134,23,104,116,116,112,58,47,47,111,99,115,112,46,115,101,99,116,105,103,111,46,99,111,109,48,67,6,3,85,29,17,4,60,48,58,130,28,42,46,115,97,110,100,98,111,120,46,97,102,114,105,99,97,115,116,97,108,107,105,110,103,46,99,111,109,130,26,115,97,110,100,98,111,120,46,97,102,114,105,99,97,115,116,97,108,107,105,110,103,46,99,111,109,48,130,1,126,6,10,43,6,1,4,1,214,121,2,4,2,4,130,1,110,4,130,1,106,1,104,0,118,0,150,151,100,191,85,88,151,173,247,67,135,104,55,8,66,119,233,240,58,213,246,164,243,54,110,70,164,63,15,202,169,198,0,0,1,150,129,69,131,153,0,0,4,3,0,71,48,69,2,33,0,192,113,236,130,106,119,225,21,227,48,108,83,203,105,159,22,117,184,27,85,180,62,205,195,199,195,176,119,15,35,200,225,2,32,79,251,47,115,242,132,249,130,157,90,214,23,119,203,106,154,48,75,159,0,8,38,86,248,36,166,243,119,50,112,78,196,0,118,0,25,134,212,199,40,170,111,254,186,3,111,120,42,77,1,145,170,206,45,114,49,15,174,206,93,112,65,45,37,76,199,212,0,0,1,150,129,69,131,79,0,0,4,3,0,71,48,69,2,33,0,145,137,144,59,202,182,50,64,67,122,201,20,108,168,246,157,242,230,199,16,129,49,229,130,49,89,210,38,38,68,49,227,2,32,82,67,14,34,86,26,59,133,66,104,173,112,219,9,64,73,57,204,47,156,245,60,37,228,171,218,249,255,21,18,23,84,0,118,0,14,87,148,188,243,174,169,62,51,27,44,153,7,179,247,144,223,155,194,61,113,50,37,221,33,169,37,172,97,197,78,33,0,0,1,150,129,69,131,56,0,0,4,3,0,71,48,69,2,33,0,240,251,189,18,156,251,161,204,187,98,251,102,90,87,63,116,50,103,58,197,10,176,157,123,24,16,70,178,197,226,168,218,2,32,61,248,238,159,80,72,238,215,212,144,41,41,1,247,90,188,51,46,238,53,182,4,33,104,103,208,118,26,161,203,164,71,48,13,6,9,42,134,72,134,247,13,1,1,11,5,0,3,130,1,1,0,36,13,72,203,198,213,210,25,162,206,66,193,12,118,32,130,134,195,31,146,240,5,124,54,66,147,79,25,152,192,172,17,208,153,44,145,94,238,93,167,123,162,228,97,155,102,86,12,207,102,122,101,76,14,37,27,19,157,38,96,188,149,173,48,62,108,106,114,181,78,200,103,243,244,106,57,214,219,107,87,37,186,70,84,24,47,155,189,77,146,88,151,97,229,16,112,10,207,75,79,53,237,66,233,152,151,226,88,155,146,207,157,247,72,229,206,145,207,96,2,52,63,112,45,217,36,255,27,241,104,219,230,186,117,106,232,62,71,73,118,1,139,240,115,113,10,14,89,30,22,68,13,195,12,128,59,191,212,174,162,33,70,19,172,122,209,26,45,22,8,249,241,124,251,159,235,118,157,155,164,167,163,62,108,156,228,103,115,145,27,122,241,223,131,52,67,30,48,14,31,94,216,136,92,37,108,20,35,76,16,182,139,196,2,63,199,51,59,244,51,47,21,2,173,83,129,44,189,134,74,67,227,136,71,176,190,236,117,254,131,38,95,45,117,96,183,203,100,157,10,122,94,246,79,151,157,164,2,4,0,169,5,2,3,9,58,128,170,115,4,113,236,53,99,195,104,199,44,68,239,245,153,20,164,1,82,13,140,109,88,74,115,187,106,81,105,142,179,236,200,14,198,189,199,226,157,78,39,213,253,213,13,0,112,36,207,38,45,104,95,111,127,114,61,212,139,70,109,7,239,167,150,10,77,227,124,234,187,34,103,44,24,193,99,138,255,179,51,217,130,237,172,150,177,69,190,174,31,211,98,224,54,170,218,39,147,16,12,70,63,17,152,73,205,233,119,110,137,103,226,69,119,202,213,174,7,2,5,0,136,187,190,81,179,3,2,1,29],"type":"Buffer"}}},"defaultPort":443,"freeSockets":{"api.sandbox.africastalking.com:443:::::::::::::::::::::":[{"_SNICallback":null,"_closeAfterHandlingError":false,"_controlReleased":true,"_events":{"close":[null,null,null],"timeout":[null,null]},"_eventsCount":9,"_hadError":false,"_host":"api.sandbox.africastalking.com","_httpMessage":null,"_newSessionPending":false,"_parent":null,"_pendingData":null,"_pendingEncoding":"","_readableState":{"awaitDrainWriters":null,"buffer":[],"bufferIndex":0,"highWaterMark":16384,"length":0,"pipes":[]},"_rejectUnauthorized":true,"_requestCert":true,"_secureEstablished":true,"_securePending":false,"_server":null,"_sockname":null,"_tlsOptions":{"isServer":false,"pipe":false,"rejectUnauthorized":true,"requestCert":true,"secureContext":{"context":{}}},"_writableState":{"bufferedIndex":0,"corked":0,"highWaterMark":16384,"length":0,"pendingcb":0,"writelen":0},"allowHalfOpen":false,"alpnProtocol":false,"authorizationError":null,"authorized":true,"autoSelectFamilyAttemptedAddresses":["18.169.2.234:443"],"connecting":false,"encrypted":true,"parser":null,"secureConnecting":false,"servername":"api.sandbox.africastalking.com","ssl":{"_parent":{"onconnection":null,"reading":true},"_parentWrap":null,"_secureContext":{"context":{}},"reading":true},"timeout":5000}]},"keepAlive":true,"keepAliveMsecs":1000,"maxCachedSessions":100,"maxFreeSockets":256,"maxSockets":null,"maxTotalSockets":null,"options":{"keepAlive":true,"noDelay":true,"path":null,"scheduling":"lifo","timeout":5000},"protocol":"https:","requests":{},"scheduling":"lifo","sockets":{},"totalSocketCount":1}}},"path":"/version1/messaging","pathname":"/version1/messaging","port":"","protocol":"https:"},"_redirectCount":0,"_redirects":[],"_requestBodyBuffers":[],"_requestBodyLength":172,"_timeout":null,"_writableState":{"bufferedIndex":0,"corked":0,"highWaterMark":16384,"length":0,"pendingcb":0,"writelen":0}},"_removedConnection":false,"_removedContLen":false,"_removedTE":false,"_trailer":"","aborted":false,"agent":{"_events":{},"_eventsCount":2,"_sessionCache":{"list":["api.sandbox.africastalking.com:443:::::::::::::::::::::"],"map":{"api.sandbox.africastalking.com:443:::::::::::::::::::::":{"data":[48,130,7,80,2,1,1,2,2,3,4,4,2,19,1,4,32,81,97,50,36,46,230,192,196,15,18,65,248,148,178,8,52,71,42,36,205,124,20,116,246,213,97,118,196,204,218,80,208,4,32,23,196,236,46,128,112,172,107,247,57,84,39,179,105,17,207,202,142,12,212,78,130,100,105,6,36,93,37,215,82,123,93,161,6,2,4,105,117,38,162,162,4,2,2,28,32,163,130,6,97,48,130,6,93,48,130,5,69,160,3,2,1,2,2,16,71,152,108,120,247,108,212,9,146,252,20,154,206,236,55,65,48,13,6,9,42,134,72,134,247,13,1,1,11,5,0,48,129,143,49,11,48,9,6,3,85,4,6,19,2,71,66,49,27,48,25,6,3,85,4,8,19,18,71,114,101,97,116,101,114,32,77,97,110,99,104,101,115,116,101,114,49,16,48,14,6,3,85,4,7,19,7,83,97,108,102,111,114,100,49,24,48,22,6,3,85,4,10,19,15,83,101,99,116,105,103,111,32,76,105,109,105,116,101,100,49,55,48,53,6,3,85,4,3,19,46,83,101,99,116,105,103,111,32,82,83,65,32,68,111,109,97,105,110,32,86,97,108,105,100,97,116,105,111,110,32,83,101,99,117,114,101,32,83,101,114,118,101,114,32,67,65,48,30,23,13,50,53,48,52,50,57,48,48,48,48,48,48,90,23,13,50,54,48,53,51,48,50,51,53,57,53,57,90,48,39,49,37,48,35,6,3,85,4,3,12,28,42,46,115,97,110,100,98,111,120,46,97,102,114,105,99,97,115,116,97,108,107,105,110,103,46,99,111,109,48,130,1,34,48,13,6,9,42,134,72,134,247,13,1,1,1,5,0,3,130,1,15,0,48,130,1,10,2,130,1,1,0,180,197,142,65,200,138,157,238,86,92,149,63,3,60,215,129,8,106,219,121,250,32,228,201,25,171,79,20,88,60,113,170,180,220,203,78,100,129,103,56,33,88,173,202,228,183,52,101,84,220,157,84,26,205,118,154,156,30,117,17,79,44,212,143,223,53,213,99,124,141,239,152,119,197,215,35,170,240,100,173,234,163,8,148,9,1,158,241,253,179,243,37,210,8,239,60,198,112,254,251,185,177,41,226,208,10,27,243,0,87,128,240,149,107,52,173,60,45,122,232,247,142,63,108,168,231,29,183,136,118,15,116,104,74,244,223,59,161,68,127,75,227,130,249,227,118,86,239,0,191,126,103,221,9,250,184,118,171,121,167,102,24,136,61,171,165,223,247,13,199,0,52,250,44,67,21,220,253,163,187,188,180,217,228,154,196,188,252,50,144,92,100,57,158,59,176,217,55,7,156,65,126,157,121,148,166,128,238,76,74,255,118,216,192,132,114,211,227,139,146,60,154,12,131,113,225,174,110,123,119,39,169,26,33,111,122,202,32,60,120,125,214,75,153,248,40,103,138,2,220,75,224,154,199,40,187,2,3,1,0,1,163,130,3,26,48,130,3,22,48,31,6,3,85,29,35,4,24,48,22,128,20,141,140,94,196,84,173,138,225,119,233,155,249,155,5,225,184,1,141,97,225,48,29,6,3,85,29,14,4,22,4,20,254,132,221,220,157,87,125,114,99,219,177,204,43,16,193,53,117,69,165,56,48,14,6,3,85,29,15,1,1,255,4,4,3,2,5,160,48,12,6,3,85,29,19,1,1,255,4,2,48,0,48,29,6,3,85,29,37,4,22,48,20,6,8,43,6,1,5,5,7,3,1,6,8,43,6,1,5,5,7,3,2,48,73,6,3,85,29,32,4,66,48,64,48,52,6,11,43,6,1,4,1,178,49,1,2,2,7,48,37,48,35,6,8,43,6,1,5,5,7,2,1,22,23,104,116,116,112,115,58,47,47,115,101,99,116,105,103,111,46,99,111,109,47,67,80,83,48,8,6,6,103,129,12,1,2,1,48,129,132,6,8,43,6,1,5,5,7,1,1,4,120,48,118,48,79,6,8,43,6,1,5,5,7,48,2,134,67,104,116,116,112,58,47,47,99,114,116,46,115,101,99,116,105,103,111,46,99,111,109,47,83,101,99,116,105,103,111,82,83,65,68,111,109,97,105,110,86,97,108,105,100,97,116,105,111,110,83,101,99,117,114,101,83,101,114,118,101,114,67,65,46,99,114,116,48,35,6,8,43,6,1,5,5,7,48,1,134,23,104,116,116,112,58,47,47,111,99,115,112,46,115,101,99,116,105,103,111,46,99,111,109,48,67,6,3,85,29,17,4,60,48,58,130,28,42,46,115,97,110,100,98,111,120,46,97,102,114,105,99,97,115,116,97,108,107,105,110,103,46,99,111,109,130,26,115,97,110,100,98,111,120,46,97,102,114,105,99,97,115,116,97,108,107,105,110,103,46,99,111,109,48,130,1,126,6,10,43,6,1,4,1,214,121,2,4,2,4,130,1,110,4,130,1,106,1,104,0,118,0,150,151,100,191,85,88,151,173,247,67,135,104,55,8,66,119,233,240,58,213,246,164,243,54,110,70,164,63,15,202,169,198,0,0,1,150,129,69,131,153,0,0,4,3,0,71,48,69,2,33,0,192,113,236,130,106,119,225,21,227,48,108,83,203,105,159,22,117,184,27,85,180,62,205,195,199,195,176,119,15,35,200,225,2,32,79,251,47,115,242,132,249,130,157,90,214,23,119,203,106,154,48,75,159,0,8,38,86,248,36,166,243,119,50,112,78,196,0,118,0,25,134,212,199,40,170,111,254,186,3,111,120,42,77,1,145,170,206,45,114,49,15,174,206,93,112,65,45,37,76,199,212,0,0,1,150,129,69,131,79,0,0,4,3,0,71,48,69,2,33,0,145,137,144,59,202,182,50,64,67,122,201,20,108,168,246,157,242,230,199,16,129,49,229,130,49,89,210,38,38,68,49,227,2,32,82,67,14,34,86,26,59,133,66,104,173,112,219,9,64,73,57,204,47,156,245,60,37,228,171,218,249,255,21,18,23,84,0,118,0,14,87,148,188,243,174,169,62,51,27,44,153,7,179,247,144,223,155,194,61,113,50,37,221,33,169,37,172,97,197,78,33,0,0,1,150,129,69,131,56,0,0,4,3,0,71,48,69,2,33,0,240,251,189,18,156,251,161,204,187,98,251,102,90,87,63,116,50,103,58,197,10,176,157,123,24,16,70,178,197,226,168,218,2,32,61,248,238,159,80,72,238,215,212,144,41,41,1,247,90,188,51,46,238,53,182,4,33,104,103,208,118,26,161,203,164,71,48,13,6,9,42,134,72,134,247,13,1,1,11,5,0,3,130,1,1,0,36,13,72,203,198,213,210,25,162,206,66,193,12,118,32,130,134,195,31,146,240,5,124,54,66,147,79,25,152,192,172,17,208,153,44,145,94,238,93,167,123,162,228,97,155,102,86,12,207,102,122,101,76,14,37,27,19,157,38,96,188,149,173,48,62,108,106,114,181,78,200,103,243,244,106,57,214,219,107,87,37,186,70,84,24,47,155,189,77,146,88,151,97,229,16,112,10,207,75,79,53,237,66,233,152,151,226,88,155,146,207,157,247,72,229,206,145,207,96,2,52,63,112,45,217,36,255,27,241,104,219,230,186,117,106,232,62,71,73,118,1,139,240,115,113,10,14,89,30,22,68,13,195,12,128,59,191,212,174,162,33,70,19,172,122,209,26,45,22,8,249,241,124,251,159,235,118,157,155,164,167,163,62,108,156,228,103,115,145,27,122,241,223,131,52,67,30,48,14,31,94,216,136,92,37,108,20,35,76,16,182,139,196,2,63,199,51,59,244,51,47,21,2,173,83,129,44,189,134,74,67,227,136,71,176,190,236,117,254,131,38,95,45,117,96,183,203,100,157,10,122,94,246,79,151,157,164,2,4,0,169,5,2,3,9,58,128,170,115,4,113,236,53,99,195,104,199,44,68,239,245,153,20,164,1,82,13,140,109,88,74,115,187,106,81,105,142,179,236,200,14,198,189,199,226,157,78,39,213,253,213,13,0,112,36,207,38,45,104,95,111,127,114,61,212,139,70,109,7,239,167,150,10,77,227,124,234,187,34,103,44,24,193,99,138,255,179,51,217,130,237,172,150,177,69,190,174,31,211,98,224,54,170,218,39,147,16,12,70,63,17,152,73,205,233,119,110,137,103,226,69,119,202,213,174,7,2,5,0,136,187,190,81,179,3,2,1,29],"type":"Buffer"}}},"defaultPort":443,"freeSockets":{"api.sandbox.africastalking.com:443:::::::::::::::::::::":[{"_SNICallback":null,"_closeAfterHandlingError":false,"_controlReleased":true,"_events":{"close":[null,null,null],"timeout":[null,null]},"_eventsCount":9,"_hadError":false,"_host":"api.sandbox.africastalking.com","_httpMessage":null,"_newSessionPending":false,"_parent":null,"_pendingData":null,"_pendingEncoding":"","_readableState":{"awaitDrainWriters":null,"buffer":[],"bufferIndex":0,"highWaterMark":16384,"length":0,"pipes":[]},"_rejectUnauthorized":true,"_requestCert":true,"_secureEstablished":true,"_securePending":false,"_server":null,"_sockname":null,"_tlsOptions":{"isServer":false,"pipe":false,"rejectUnauthorized":true,"requestCert":true,"secureContext":{"context":{}}},"_writableState":{"bufferedIndex":0,"corked":0,"highWaterMark":16384,"length":0,"pendingcb":0,"writelen":0},"allowHalfOpen":false,"alpnProtocol":false,"authorizationError":null,"authorized":true,"autoSelectFamilyAttemptedAddresses":["18.169.2.234:443"],"connecting":false,"encrypted":true,"parser":null,"secureConnecting":false,"servername":"api.sandbox.africastalking.com","ssl":{"_parent":{"onconnection":null,"reading":true},"_parentWrap":null,"_secureContext":{"context":{}},"reading":true},"timeout":5000}]},"keepAlive":true,"keepAliveMsecs":1000,"maxCachedSessions":100,"maxFreeSockets":256,"maxSockets":null,"maxTotalSockets":null,"options":{"keepAlive":true,"noDelay":true,"path":null,"scheduling":"lifo","timeout":5000},"protocol":"https:","requests":{},"scheduling":"lifo","sockets":{},"totalSocketCount":1},"chunkedEncoding":false,"destroyed":true,"finished":true,"host":"api.sandbox.africastalking.com","maxHeadersCount":null,"maxRequestsOnConnectionReached":false,"method":"POST","outputData":[],"outputSize":0,"parser":null,"path":"/version1/messaging","protocol":"https:","res":{"_consuming":false,"_dumped":false,"_events":{"end":[null,null]},"_eventsCount":4,"_readableState":{"awaitDrainWriters":null,"buffer":[],"bufferIndex":0,"highWaterMark":16384,"length":0,"pipes":[]},"aborted":false,"client":{"_SNICallback":null,"_closeAfterHandlingError":false,"_controlReleased":true,"_events":{"close":[null,null,null],"timeout":[null,null]},"_eventsCount":9,"_hadError":false,"_host":"api.sandbox.africastalking.com","_httpMessage":null,"_newSessionPending":false,"_parent":null,"_pendingData":null,"_pendingEncoding":"","_readableState":{"awaitDrainWriters":null,"buffer":[],"bufferIndex":0,"highWaterMark":16384,"length":0,"pipes":[]},"_rejectUnauthorized":true,"_requestCert":true,"_secureEstablished":true,"_securePending":false,"_server":null,"_sockname":null,"_tlsOptions":{"isServer":false,"pipe":false,"rejectUnauthorized":true,"requestCert":true,"secureContext":{"context":{}}},"_writableState":{"bufferedIndex":0,"corked":0,"highWaterMark":16384,"length":0,"pendingcb":0,"writelen":0},"allowHalfOpen":false,"alpnProtocol":false,"authorizationError":null,"authorized":true,"autoSelectFamilyAttemptedAddresses":["18.169.2.234:443"],"connecting":false,"encrypted":true,"parser":null,"secureConnecting":false,"servername":"api.sandbox.africastalking.com","ssl":{"_parent":{"onconnection":null,"reading":true},"_parentWrap":null,"_secureContext":{"context":{}},"reading":true},"timeout":5000},"complete":true,"httpVersion":"1.1","httpVersionMajor":1,"httpVersionMinor":1,"method":null,"rawHeaders":["Content-Length","38","Content-Type","text/plain; charset=UTF-8","Date","Sat, 24 Jan 2026 20:08:04 GMT","Server","akka-http/10.2.10","Www-Authenticate","Basic realm=\"api\",charset=UTF-8"],"rawTrailers":[],"redirects":[],"req":"[Circular]","responseUrl":"https://api.sandbox.africastalking.com/version1/messaging","socket":null,"statusCode":401,"statusMessage":"Unauthorized","upgrade":false,"url":""},"reusedSocket":true,"sendDate":false,"shouldKeepAlive":true,"socket":{"_SNICallback":null,"_closeAfterHandlingError":false,"_controlReleased":true,"_events":{"close":[null,null,null],"timeout":[null,null]},"_eventsCount":9,"_hadError":false,"_host":"api.sandbox.africastalking.com","_httpMessage":null,"_newSessionPending":false,"_parent":null,"_pendingData":null,"_pendingEncoding":"","_readableState":{"awaitDrainWriters":null,"buffer":[],"bufferIndex":0,"highWaterMark":16384,"length":0,"pipes":[]},"_rejectUnauthorized":true,"_requestCert":true,"_secureEstablished":true,"_securePending":false,"_server":null,"_sockname":null,"_tlsOptions":{"isServer":false,"pipe":false,"rejectUnauthorized":true,"requestCert":true,"secureContext":{"context":{}}},"_writableState":{"bufferedIndex":0,"corked":0,"highWaterMark":16384,"length":0,"pendingcb":0,"writelen":0},"allowHalfOpen":false,"alpnProtocol":false,"authorizationError":null,"authorized":true,"autoSelectFamilyAttemptedAddresses":["18.169.2.234:443"],"connecting":false,"encrypted":true,"parser":null,"secureConnecting":false,"servername":"api.sandbox.africastalking.com","ssl":{"_parent":{"onconnection":null,"reading":true},"_parentWrap":null,"_secureContext":{"context":{}},"reading":true},"timeout":5000},"strictContentLength":false,"timeoutCb":null,"upgradeOrConnect":false,"useChunkedEncodingByDefault":true,"writable":true},"response":{"config":{"adapter":["xhr","http","fetch"],"allowAbsoluteUrls":true,"data":"username=sandbox&to=%2B254743912192&message=We+are+excited+to+welcome+our+new+members+who+joined+us+this+month.+Please+introduce+yourself+after+the+service%21&bulkSMSMode=1","env":{},"headers":{"Accept":"application/json","Accept-Encoding":"gzip, compress, deflate, br","Content-Length":"172","Content-Type":"application/x-www-form-urlencoded;charset=utf-8","User-Agent":"axios/1.13.2","apikey":"atsk_14d921f6750ef9bcff13651d3d04cf40d567cbe650659c682114795c03fbea451fb9c889"},"maxBodyLength":-1,"maxContentLength":-1,"method":"post","timeout":0,"transformRequest":[null],"transformResponse":[null],"transitional":{"clarifyTimeoutError":false,"forcedJSONParsing":true,"silentJSONParsing":true},"url":"https://api.sandbox.africastalking.com/version1/messaging","xsrfCookieName":"XSRF-TOKEN","xsrfHeaderName":"X-XSRF-TOKEN"},"data":"The supplied authentication is invalid","headers":{"content-length":"38","content-type":"text/plain; charset=UTF-8","date":"Sat, 24 Jan 2026 20:08:04 GMT","server":"akka-http/10.2.10","www-authenticate":"Basic realm=\"api\",charset=UTF-8"},"request":{"_closed":true,"_contentLength":"172","_defaultKeepAlive":true,"_ended":true,"_events":{},"_eventsCount":7,"_hasBody":true,"_header":"POST /version1/messaging HTTP/1.1\r\nAccept: application/json\r\nContent-Type: application/x-www-form-urlencoded;charset=utf-8\r\napikey: atsk_14d921f6750ef9bcff13651d3d04cf40d567cbe650659c682114795c03fbea451fb9c889\r\nUser-Agent: axios/1.13.2\r\nContent-Length: 172\r\nAccept-Encoding: gzip, compress, deflate, br\r\nHost: api.sandbox.africastalking.com\r\nConnection: keep-alive\r\n\r\n","_headerSent":true,"_keepAliveTimeout":0,"_last":false,"_redirectable":{"_currentRequest":"[Circular]","_currentUrl":"https://api.sandbox.africastalking.com/version1/messaging","_ended":true,"_ending":true,"_events":{"socket":[null,null]},"_eventsCount":3,"_options":{"agents":{},"beforeRedirects":{},"headers":{"Accept":"application/json","Accept-Encoding":"gzip, compress, deflate, br","Content-Length":"172","Content-Type":"application/x-www-form-urlencoded;charset=utf-8","User-Agent":"axios/1.13.2","apikey":"atsk_14d921f6750ef9bcff13651d3d04cf40d567cbe650659c682114795c03fbea451fb9c889"},"hostname":"api.sandbox.africastalking.com","maxBodyLength":null,"maxRedirects":21,"method":"POST","nativeProtocols":{"http:":{"METHODS":["ACL","BIND","CHECKOUT","CONNECT","COPY","DELETE","GET","HEAD","LINK","LOCK","M-SEARCH","MERGE","MKACTIVITY","MKCALENDAR","MKCOL","MOVE","NOTIFY","OPTIONS","PATCH","POST","PROPFIND","PROPPATCH","PURGE","PUT","REBIND","REPORT","SEARCH","SOURCE","SUBSCRIBE","TRACE","UNBIND","UNLINK","UNLOCK","UNSUBSCRIBE"],"STATUS_CODES":{"100":"Continue","101":"Switching Protocols","102":"Processing","103":"Early Hints","200":"OK","201":"Created","202":"Accepted","203":"Non-Authoritative Information","204":"No Content","205":"Reset Content","206":"Partial Content","207":"Multi-Status","208":"Already Reported","226":"IM Used","300":"Multiple Choices","301":"Moved Permanently","302":"Found","303":"See Other","304":"Not Modified","305":"Use Proxy","307":"Temporary Redirect","308":"Permanent Redirect","400":"Bad Request","401":"Unauthorized","402":"Payment Required","403":"Forbidden","404":"Not Found","405":"Method Not Allowed","406":"Not Acceptable","407":"Proxy Authentication Required","408":"Request Timeout","409":"Conflict","410":"Gone","411":"Length Required","412":"Precondition Failed","413":"Payload Too Large","414":"URI Too Long","415":"Unsupported Media Type","416":"Range Not Satisfiable","417":"Expectation Failed","418":"I'm a Teapot","421":"Misdirected Request","422":"Unprocessable Entity","423":"Locked","424":"Failed Dependency","425":"Too Early","426":"Upgrade Required","428":"Precondition Required","429":"Too Many Requests","431":"Request Header Fields Too Large","451":"Unavailable For Legal Reasons","500":"Internal Server Error","501":"Not Implemented","502":"Bad Gateway","503":"Service Unavailable","504":"Gateway Timeout","505":"HTTP Version Not Supported","506":"Variant Also Negotiates","507":"Insufficient Storage","508":"Loop Detected","509":"Bandwidth Limit Exceeded","510":"Not Extended","511":"Network Authentication Required"},"globalAgent":{"_events":{},"_eventsCount":2,"defaultPort":80,"freeSockets":{},"keepAlive":true,"keepAliveMsecs":1000,"maxFreeSockets":256,"maxSockets":null,"maxTotalSockets":null,"options":{"keepAlive":true,"noDelay":true,"path":null,"scheduling":"lifo","timeout":5000},"protocol":"http:","requests":{},"scheduling":"lifo","sockets":{},"totalSocketCount":0},"maxHeaderSize":16384},"https:":{"globalAgent":{"_events":{},"_eventsCount":2,"_sessionCache":{"list":["api.sandbox.africastalking.com:443:::::::::::::::::::::"],"map":{"api.sandbox.africastalking.com:443:::::::::::::::::::::":{"data":[48,130,7,80,2,1,1,2,2,3,4,4,2,19,1,4,32,81,97,50,36,46,230,192,196,15,18,65,248,148,178,8,52,71,42,36,205,124,20,116,246,213,97,118,196,204,218,80,208,4,32,23,196,236,46,128,112,172,107,247,57,84,39,179,105,17,207,202,142,12,212,78,130,100,105,6,36,93,37,215,82,123,93,161,6,2,4,105,117,38,162,162,4,2,2,28,32,163,130,6,97,48,130,6,93,48,130,5,69,160,3,2,1,2,2,16,71,152,108,120,247,108,212,9,146,252,20,154,206,236,55,65,48,13,6,9,42,134,72,134,247,13,1,1,11,5,0,48,129,143,49,11,48,9,6,3,85,4,6,19,2,71,66,49,27,48,25,6,3,85,4,8,19,18,71,114,101,97,116,101,114,32,77,97,110,99,104,101,115,116,101,114,49,16,48,14,6,3,85,4,7,19,7,83,97,108,102,111,114,100,49,24,48,22,6,3,85,4,10,19,15,83,101,99,116,105,103,111,32,76,105,109,105,116,101,100,49,55,48,53,6,3,85,4,3,19,46,83,101,99,116,105,103,111,32,82,83,65,32,68,111,109,97,105,110,32,86,97,108,105,100,97,116,105,111,110,32,83,101,99,117,114,101,32,83,101,114,118,101,114,32,67,65,48,30,23,13,50,53,48,52,50,57,48,48,48,48,48,48,90,23,13,50,54,48,53,51,48,50,51,53,57,53,57,90,48,39,49,37,48,35,6,3,85,4,3,12,28,42,46,115,97,110,100,98,111,120,46,97,102,114,105,99,97,115,116,97,108,107,105,110,103,46,99,111,109,48,130,1,34,48,13,6,9,42,134,72,134,247,13,1,1,1,5,0,3,130,1,15,0,48,130,1,10,2,130,1,1,0,180,197,142,65,200,138,157,238,86,92,149,63,3,60,215,129,8,106,219,121,250,32,228,201,25,171,79,20,88,60,113,170,180,220,203,78,100,129,103,56,33,88,173,202,228,183,52,101,84,220,157,84,26,205,118,154,156,30,117,17,79,44,212,143,223,53,213,99,124,141,239,152,119,197,215,35,170,240,100,173,234,163,8,148,9,1,158,241,253,179,243,37,210,8,239,60,198,112,254,251,185,177,41,226,208,10,27,243,0,87,128,240,149,107,52,173,60,45,122,232,247,142,63,108,168,231,29,183,136,118,15,116,104,74,244,223,59,161,68,127,75,227,130,249,227,118,86,239,0,191,126,103,221,9,250,184,118,171,121,167,102,24,136,61,171,165,223,247,13,199,0,52,250,44,67,21,220,253,163,187,188,180,217,228,154,196,188,252,50,144,92,100,57,158,59,176,217,55,7,156,65,126,157,121,148,166,128,238,76,74,255,118,216,192,132,114,211,227,139,146,60,154,12,131,113,225,174,110,123,119,39,169,26,33,111,122,202,32,60,120,125,214,75,153,248,40,103,138,2,220,75,224,154,199,40,187,2,3,1,0,1,163,130,3,26,48,130,3,22,48,31,6,3,85,29,35,4,24,48,22,128,20,141,140,94,196,84,173,138,225,119,233,155,249,155,5,225,184,1,141,97,225,48,29,6,3,85,29,14,4,22,4,20,254,132,221,220,157,87,125,114,99,219,177,204,43,16,193,53,117,69,165,56,48,14,6,3,85,29,15,1,1,255,4,4,3,2,5,160,48,12,6,3,85,29,19,1,1,255,4,2,48,0,48,29,6,3,85,29,37,4,22,48,20,6,8,43,6,1,5,5,7,3,1,6,8,43,6,1,5,5,7,3,2,48,73,6,3,85,29,32,4,66,48,64,48,52,6,11,43,6,1,4,1,178,49,1,2,2,7,48,37,48,35,6,8,43,6,1,5,5,7,2,1,22,23,104,116,116,112,115,58,47,47,115,101,99,116,105,103,111,46,99,111,109,47,67,80,83,48,8,6,6,103,129,12,1,2,1,48,129,132,6,8,43,6,1,5,5,7,1,1,4,120,48,118,48,79,6,8,43,6,1,5,5,7,48,2,134,67,104,116,116,112,58,47,47,99,114,116,46,115,101,99,116,105,103,111,46,99,111,109,47,83,101,99,116,105,103,111,82,83,65,68,111,109,97,105,110,86,97,108,105,100,97,116,105,111,110,83,101,99,117,114,101,83,101,114,118,101,114,67,65,46,99,114,116,48,35,6,8,43,6,1,5,5,7,48,1,134,23,104,116,116,112,58,47,47,111,99,115,112,46,115,101,99,116,105,103,111,46,99,111,109,48,67,6,3,85,29,17,4,60,48,58,130,28,42,46,115,97,110,100,98,111,120,46,97,102,114,105,99,97,115,116,97,108,107,105,110,103,46,99,111,109,130,26,115,97,110,100,98,111,120,46,97,102,114,105,99,97,115,116,97,108,107,105,110,103,46,99,111,109,48,130,1,126,6,10,43,6,1,4,1,214,121,2,4,2,4,130,1,110,4,130,1,106,1,104,0,118,0,150,151,100,191,85,88,151,173,247,67,135,104,55,8,66,119,233,240,58,213,246,164,243,54,110,70,164,63,15,202,169,198,0,0,1,150,129,69,131,153,0,0,4,3,0,71,48,69,2,33,0,192,113,236,130,106,119,225,21,227,48,108,83,203,105,159,22,117,184,27,85,180,62,205,195,199,195,176,119,15,35,200,225,2,32,79,251,47,115,242,132,249,130,157,90,214,23,119,203,106,154,48,75,159,0,8,38,86,248,36,166,243,119,50,112,78,196,0,118,0,25,134,212,199,40,170,111,254,186,3,111,120,42,77,1,145,170,206,45,114,49,15,174,206,93,112,65,45,37,76,199,212,0,0,1,150,129,69,131,79,0,0,4,3,0,71,48,69,2,33,0,145,137,144,59,202,182,50,64,67,122,201,20,108,168,246,157,242,230,199,16,129,49,229,130,49,89,210,38,38,68,49,227,2,32,82,67,14,34,86,26,59,133,66,104,173,112,219,9,64,73,57,204,47,156,245,60,37,228,171,218,249,255,21,18,23,84,0,118,0,14,87,148,188,243,174,169,62,51,27,44,153,7,179,247,144,223,155,194,61,113,50,37,221,33,169,37,172,97,197,78,33,0,0,1,150,129,69,131,56,0,0,4,3,0,71,48,69,2,33,0,240,251,189,18,156,251,161,204,187,98,251,102,90,87,63,116,50,103,58,197,10,176,157,123,24,16,70,178,197,226,168,218,2,32,61,248,238,159,80,72,238,215,212,144,41,41,1,247,90,188,51,46,238,53,182,4,33,104,103,208,118,26,161,203,164,71,48,13,6,9,42,134,72,134,247,13,1,1,11,5,0,3,130,1,1,0,36,13,72,203,198,213,210,25,162,206,66,193,12,118,32,130,134,195,31,146,240,5,124,54,66,147,79,25,152,192,172,17,208,153,44,145,94,238,93,167,123,162,228,97,155,102,86,12,207,102,122,101,76,14,37,27,19,157,38,96,188,149,173,48,62,108,106,114,181,78,200,103,243,244,106,57,214,219,107,87,37,186,70,84,24,47,155,189,77,146,88,151,97,229,16,112,10,207,75,79,53,237,66,233,152,151,226,88,155,146,207,157,247,72,229,206,145,207,96,2,52,63,112,45,217,36,255,27,241,104,219,230,186,117,106,232,62,71,73,118,1,139,240,115,113,10,14,89,30,22,68,13,195,12,128,59,191,212,174,162,33,70,19,172,122,209,26,45,22,8,249,241,124,251,159,235,118,157,155,164,167,163,62,108,156,228,103,115,145,27,122,241,223,131,52,67,30,48,14,31,94,216,136,92,37,108,20,35,76,16,182,139,196,2,63,199,51,59,244,51,47,21,2,173,83,129,44,189,134,74,67,227,136,71,176,190,236,117,254,131,38,95,45,117,96,183,203,100,157,10,122,94,246,79,151,157,164,2,4,0,169,5,2,3,9,58,128,170,115,4,113,236,53,99,195,104,199,44,68,239,245,153,20,164,1,82,13,140,109,88,74,115,187,106,81,105,142,179,236,200,14,198,189,199,226,157,78,39,213,253,213,13,0,112,36,207,38,45,104,95,111,127,114,61,212,139,70,109,7,239,167,150,10,77,227,124,234,187,34,103,44,24,193,99,138,255,179,51,217,130,237,172,150,177,69,190,174,31,211,98,224,54,170,218,39,147,16,12,70,63,17,152,73,205,233,119,110,137,103,226,69,119,202,213,174,7,2,5,0,136,187,190,81,179,3,2,1,29],"type":"Buffer"}}},"defaultPort":443,"freeSockets":{"api.sandbox.africastalking.com:443:::::::::::::::::::::":[{"_SNICallback":null,"_closeAfterHandlingError":false,"_controlReleased":true,"_events":{"close":[null,null,null],"timeout":[null,null]},"_eventsCount":9,"_hadError":false,"_host":"api.sandbox.africastalking.com","_httpMessage":null,"_newSessionPending":false,"_parent":null,"_pendingData":null,"_pendingEncoding":"","_readableState":{"awaitDrainWriters":null,"buffer":[],"bufferIndex":0,"highWaterMark":16384,"length":0,"pipes":[]},"_rejectUnauthorized":true,"_requestCert":true,"_secureEstablished":true,"_securePending":false,"_server":null,"_sockname":null,"_tlsOptions":{"isServer":false,"pipe":false,"rejectUnauthorized":true,"requestCert":true,"secureContext":{"context":{}}},"_writableState":{"bufferedIndex":0,"corked":0,"highWaterMark":16384,"length":0,"pendingcb":0,"writelen":0},"allowHalfOpen":false,"alpnProtocol":false,"authorizationError":null,"authorized":true,"autoSelectFamilyAttemptedAddresses":["18.169.2.234:443"],"connecting":false,"encrypted":true,"parser":null,"secureConnecting":false,"servername":"api.sandbox.africastalking.com","ssl":{"_parent":{"onconnection":null,"reading":true},"_parentWrap":null,"_secureContext":{"context":{}},"reading":true},"timeout":5000}]},"keepAlive":true,"keepAliveMsecs":1000,"maxCachedSessions":100,"maxFreeSockets":256,"maxSockets":null,"maxTotalSockets":null,"options":{"keepAlive":true,"noDelay":true,"path":null,"scheduling":"lifo","timeout":5000},"protocol":"https:","requests":{},"scheduling":"lifo","sockets":{},"totalSocketCount":1}}},"path":"/version1/messaging","pathname":"/version1/messaging","port":"","protocol":"https:"},"_redirectCount":0,"_redirects":[],"_requestBodyBuffers":[],"_requestBodyLength":172,"_timeout":null,"_writableState":{"bufferedIndex":0,"corked":0,"highWaterMark":16384,"length":0,"pendingcb":0,"writelen":0}},"_removedConnection":false,"_removedContLen":false,"_removedTE":false,"_trailer":"","aborted":false,"agent":{"_events":{},"_eventsCount":2,"_sessionCache":{"list":["api.sandbox.africastalking.com:443:::::::::::::::::::::"],"map":{"api.sandbox.africastalking.com:443:::::::::::::::::::::":{"data":[48,130,7,80,2,1,1,2,2,3,4,4,2,19,1,4,32,81,97,50,36,46,230,192,196,15,18,65,248,148,178,8,52,71,42,36,205,124,20,116,246,213,97,118,196,204,218,80,208,4,32,23,196,236,46,128,112,172,107,247,57,84,39,179,105,17,207,202,142,12,212,78,130,100,105,6,36,93,37,215,82,123,93,161,6,2,4,105,117,38,162,162,4,2,2,28,32,163,130,6,97,48,130,6,93,48,130,5,69,160,3,2,1,2,2,16,71,152,108,120,247,108,212,9,146,252,20,154,206,236,55,65,48,13,6,9,42,134,72,134,247,13,1,1,11,5,0,48,129,143,49,11,48,9,6,3,85,4,6,19,2,71,66,49,27,48,25,6,3,85,4,8,19,18,71,114,101,97,116,101,114,32,77,97,110,99,104,101,115,116,101,114,49,16,48,14,6,3,85,4,7,19,7,83,97,108,102,111,114,100,49,24,48,22,6,3,85,4,10,19,15,83,101,99,116,105,103,111,32,76,105,109,105,116,101,100,49,55,48,53,6,3,85,4,3,19,46,83,101,99,116,105,103,111,32,82,83,65,32,68,111,109,97,105,110,32,86,97,108,105,100,97,116,105,111,110,32,83,101,99,117,114,101,32,83,101,114,118,101,114,32,67,65,48,30,23,13,50,53,48,52,50,57,48,48,48,48,48,48,90,23,13,50,54,48,53,51,48,50,51,53,57,53,57,90,48,39,49,37,48,35,6,3,85,4,3,12,28,42,46,115,97,110,100,98,111,120,46,97,102,114,105,99,97,115,116,97,108,107,105,110,103,46,99,111,109,48,130,1,34,48,13,6,9,42,134,72,134,247,13,1,1,1,5,0,3,130,1,15,0,48,130,1,10,2,130,1,1,0,180,197,142,65,200,138,157,238,86,92,149,63,3,60,215,129,8,106,219,121,250,32,228,201,25,171,79,20,88,60,113,170,180,220,203,78,100,129,103,56,33,88,173,202,228,183,52,101,84,220,157,84,26,205,118,154,156,30,117,17,79,44,212,143,223,53,213,99,124,141,239,152,119,197,215,35,170,240,100,173,234,163,8,148,9,1,158,241,253,179,243,37,210,8,239,60,198,112,254,251,185,177,41,226,208,10,27,243,0,87,128,240,149,107,52,173,60,45,122,232,247,142,63,108,168,231,29,183,136,118,15,116,104,74,244,223,59,161,68,127,75,227,130,249,227,118,86,239,0,191,126,103,221,9,250,184,118,171,121,167,102,24,136,61,171,165,223,247,13,199,0,52,250,44,67,21,220,253,163,187,188,180,217,228,154,196,188,252,50,144,92,100,57,158,59,176,217,55,7,156,65,126,157,121,148,166,128,238,76,74,255,118,216,192,132,114,211,227,139,146,60,154,12,131,113,225,174,110,123,119,39,169,26,33,111,122,202,32,60,120,125,214,75,153,248,40,103,138,2,220,75,224,154,199,40,187,2,3,1,0,1,163,130,3,26,48,130,3,22,48,31,6,3,85,29,35,4,24,48,22,128,20,141,140,94,196,84,173,138,225,119,233,155,249,155,5,225,184,1,141,97,225,48,29,6,3,85,29,14,4,22,4,20,254,132,221,220,157,87,125,114,99,219,177,204,43,16,193,53,117,69,165,56,48,14,6,3,85,29,15,1,1,255,4,4,3,2,5,160,48,12,6,3,85,29,19,1,1,255,4,2,48,0,48,29,6,3,85,29,37,4,22,48,20,6,8,43,6,1,5,5,7,3,1,6,8,43,6,1,5,5,7,3,2,48,73,6,3,85,29,32,4,66,48,64,48,52,6,11,43,6,1,4,1,178,49,1,2,2,7,48,37,48,35,6,8,43,6,1,5,5,7,2,1,22,23,104,116,116,112,115,58,47,47,115,101,99,116,105,103,111,46,99,111,109,47,67,80,83,48,8,6,6,103,129,12,1,2,1,48,129,132,6,8,43,6,1,5,5,7,1,1,4,120,48,118,48,79,6,8,43,6,1,5,5,7,48,2,134,67,104,116,116,112,58,47,47,99,114,116,46,115,101,99,116,105,103,111,46,99,111,109,47,83,101,99,116,105,103,111,82,83,65,68,111,109,97,105,110,86,97,108,105,100,97,116,105,111,110,83,101,99,117,114,101,83,101,114,118,101,114,67,65,46,99,114,116,48,35,6,8,43,6,1,5,5,7,48,1,134,23,104,116,116,112,58,47,47,111,99,115,112,46,115,101,99,116,105,103,111,46,99,111,109,48,67,6,3,85,29,17,4,60,48,58,130,28,42,46,115,97,110,100,98,111,120,46,97,102,114,105,99,97,115,116,97,108,107,105,110,103,46,99,111,109,130,26,115,97,110,100,98,111,120,46,97,102,114,105,99,97,115,116,97,108,107,105,110,103,46,99,111,109,48,130,1,126,6,10,43,6,1,4,1,214,121,2,4,2,4,130,1,110,4,130,1,106,1,104,0,118,0,150,151,100,191,85,88,151,173,247,67,135,104,55,8,66,119,233,240,58,213,246,164,243,54,110,70,164,63,15,202,169,198,0,0,1,150,129,69,131,153,0,0,4,3,0,71,48,69,2,33,0,192,113,236,130,106,119,225,21,227,48,108,83,203,105,159,22,117,184,27,85,180,62,205,195,199,195,176,119,15,35,200,225,2,32,79,251,47,115,242,132,249,130,157,90,214,23,119,203,106,154,48,75,159,0,8,38,86,248,36,166,243,119,50,112,78,196,0,118,0,25,134,212,199,40,170,111,254,186,3,111,120,42,77,1,145,170,206,45,114,49,15,174,206,93,112,65,45,37,76,199,212,0,0,1,150,129,69,131,79,0,0,4,3,0,71,48,69,2,33,0,145,137,144,59,202,182,50,64,67,122,201,20,108,168,246,157,242,230,199,16,129,49,229,130,49,89,210,38,38,68,49,227,2,32,82,67,14,34,86,26,59,133,66,104,173,112,219,9,64,73,57,204,47,156,245,60,37,228,171,218,249,255,21,18,23,84,0,118,0,14,87,148,188,243,174,169,62,51,27,44,153,7,179,247,144,223,155,194,61,113,50,37,221,33,169,37,172,97,197,78,33,0,0,1,150,129,69,131,56,0,0,4,3,0,71,48,69,2,33,0,240,251,189,18,156,251,161,204,187,98,251,102,90,87,63,116,50,103,58,197,10,176,157,123,24,16,70,178,197,226,168,218,2,32,61,248,238,159,80,72,238,215,212,144,41,41,1,247,90,188,51,46,238,53,182,4,33,104,103,208,118,26,161,203,164,71,48,13,6,9,42,134,72,134,247,13,1,1,11,5,0,3,130,1,1,0,36,13,72,203,198,213,210,25,162,206,66,193,12,118,32,130,134,195,31,146,240,5,124,54,66,147,79,25,152,192,172,17,208,153,44,145,94,238,93,167,123,162,228,97,155,102,86,12,207,102,122,101,76,14,37,27,19,157,38,96,188,149,173,48,62,108,106,114,181,78,200,103,243,244,106,57,214,219,107,87,37,186,70,84,24,47,155,189,77,146,88,151,97,229,16,112,10,207,75,79,53,237,66,233,152,151,226,88,155,146,207,157,247,72,229,206,145,207,96,2,52,63,112,45,217,36,255,27,241,104,219,230,186,117,106,232,62,71,73,118,1,139,240,115,113,10,14,89,30,22,68,13,195,12,128,59,191,212,174,162,33,70,19,172,122,209,26,45,22,8,249,241,124,251,159,235,118,157,155,164,167,163,62,108,156,228,103,115,145,27,122,241,223,131,52,67,30,48,14,31,94,216,136,92,37,108,20,35,76,16,182,139,196,2,63,199,51,59,244,51,47,21,2,173,83,129,44,189,134,74,67,227,136,71,176,190,236,117,254,131,38,95,45,117,96,183,203,100,157,10,122,94,246,79,151,157,164,2,4,0,169,5,2,3,9,58,128,170,115,4,113,236,53,99,195,104,199,44,68,239,245,153,20,164,1,82,13,140,109,88,74,115,187,106,81,105,142,179,236,200,14,198,189,199,226,157,78,39,213,253,213,13,0,112,36,207,38,45,104,95,111,127,114,61,212,139,70,109,7,239,167,150,10,77,227,124,234,187,34,103,44,24,193,99,138,255,179,51,217,130,237,172,150,177,69,190,174,31,211,98,224,54,170,218,39,147,16,12,70,63,17,152,73,205,233,119,110,137,103,226,69,119,202,213,174,7,2,5,0,136,187,190,81,179,3,2,1,29],"type":"Buffer"}}},"defaultPort":443,"freeSockets":{"api.sandbox.africastalking.com:443:::::::::::::::::::::":[{"_SNICallback":null,"_closeAfterHandlingError":false,"_controlReleased":true,"_events":{"close":[null,null,null],"timeout":[null,null]},"_eventsCount":9,"_hadError":false,"_host":"api.sandbox.africastalking.com","_httpMessage":null,"_newSessionPending":false,"_parent":null,"_pendingData":null,"_pendingEncoding":"","_readableState":{"awaitDrainWriters":null,"buffer":[],"bufferIndex":0,"highWaterMark":16384,"length":0,"pipes":[]},"_rejectUnauthorized":true,"_requestCert":true,"_secureEstablished":true,"_securePending":false,"_server":null,"_sockname":null,"_tlsOptions":{"isServer":false,"pipe":false,"rejectUnauthorized":true,"requestCert":true,"secureContext":{"context":{}}},"_writableState":{"bufferedIndex":0,"corked":0,"highWaterMark":16384,"length":0,"pendingcb":0,"writelen":0},"allowHalfOpen":false,"alpnProtocol":false,"authorizationError":null,"authorized":true,"autoSelectFamilyAttemptedAddresses":["18.169.2.234:443"],"connecting":false,"encrypted":true,"parser":null,"secureConnecting":false,"servername":"api.sandbox.africastalking.com","ssl":{"_parent":{"onconnection":null,"reading":true},"_parentWrap":null,"_secureContext":{"context":{}},"reading":true},"timeout":5000}]},"keepAlive":true,"keepAliveMsecs":1000,"maxCachedSessions":100,"maxFreeSockets":256,"maxSockets":null,"maxTotalSockets":null,"options":{"keepAlive":true,"noDelay":true,"path":null,"scheduling":"lifo","timeout":5000},"protocol":"https:","requests":{},"scheduling":"lifo","sockets":{},"totalSocketCount":1},"chunkedEncoding":false,"destroyed":true,"finished":true,"host":"api.sandbox.africastalking.com","maxHeadersCount":null,"maxRequestsOnConnectionReached":false,"method":"POST","outputData":[],"outputSize":0,"parser":null,"path":"/version1/messaging","protocol":"https:","res":{"_consuming":false,"_dumped":false,"_events":{"end":[null,null]},"_eventsCount":4,"_readableState":{"awaitDrainWriters":null,"buffer":[],"bufferIndex":0,"highWaterMark":16384,"length":0,"pipes":[]},"aborted":false,"client":{"_SNICallback":null,"_closeAfterHandlingError":false,"_controlReleased":true,"_events":{"close":[null,null,null],"timeout":[null,null]},"_eventsCount":9,"_hadError":false,"_host":"api.sandbox.africastalking.com","_httpMessage":null,"_newSessionPending":false,"_parent":null,"_pendingData":null,"_pendingEncoding":"","_readableState":{"awaitDrainWriters":null,"buffer":[],"bufferIndex":0,"highWaterMark":16384,"length":0,"pipes":[]},"_rejectUnauthorized":true,"_requestCert":true,"_secureEstablished":true,"_securePending":false,"_server":null,"_sockname":null,"_tlsOptions":{"isServer":false,"pipe":false,"rejectUnauthorized":true,"requestCert":true,"secureContext":{"context":{}}},"_writableState":{"bufferedIndex":0,"corked":0,"highWaterMark":16384,"length":0,"pendingcb":0,"writelen":0},"allowHalfOpen":false,"alpnProtocol":false,"authorizationError":null,"authorized":true,"autoSelectFamilyAttemptedAddresses":["18.169.2.234:443"],"connecting":false,"encrypted":true,"parser":null,"secureConnecting":false,"servername":"api.sandbox.africastalking.com","ssl":{"_parent":{"onconnection":null,"reading":true},"_parentWrap":null,"_secureContext":{"context":{}},"reading":true},"timeout":5000},"complete":true,"httpVersion":"1.1","httpVersionMajor":1,"httpVersionMinor":1,"method":null,"rawHeaders":["Content-Length","38","Content-Type","text/plain; charset=UTF-8","Date","Sat, 24 Jan 2026 20:08:04 GMT","Server","akka-http/10.2.10","Www-Authenticate","Basic realm=\"api\",charset=UTF-8"],"rawTrailers":[],"redirects":[],"req":"[Circular]","responseUrl":"https://api.sandbox.africastalking.com/version1/messaging","socket":null,"statusCode":401,"statusMessage":"Unauthorized","upgrade":false,"url":""},"reusedSocket":true,"sendDate":false,"shouldKeepAlive":true,"socket":{"_SNICallback":null,"_closeAfterHandlingError":false,"_controlReleased":true,"_events":{"close":[null,null,null],"timeout":[null,null]},"_eventsCount":9,"_hadError":false,"_host":"api.sandbox.africastalking.com","_httpMessage":null,"_newSessionPending":false,"_parent":null,"_pendingData":null,"_pendingEncoding":"","_readableState":{"awaitDrainWriters":null,"buffer":[],"bufferIndex":0,"highWaterMark":16384,"length":0,"pipes":[]},"_rejectUnauthorized":true,"_requestCert":true,"_secureEstablished":true,"_securePending":false,"_server":null,"_sockname":null,"_tlsOptions":{"isServer":false,"pipe":false,"rejectUnauthorized":true,"requestCert":true,"secureContext":{"context":{}}},"_writableState":{"bufferedIndex":0,"corked":0,"highWaterMark":16384,"length":0,"pendingcb":0,"writelen":0},"allowHalfOpen":false,"alpnProtocol":false,"authorizationError":null,"authorized":true,"autoSelectFamilyAttemptedAddresses":["18.169.2.234:443"],"connecting":false,"encrypted":true,"parser":null,"secureConnecting":false,"servername":"api.sandbox.africastalking.com","ssl":{"_parent":{"onconnection":null,"reading":true},"_parentWrap":null,"_secureContext":{"context":{}},"reading":true},"timeout":5000},"strictContentLength":false,"timeoutCb":null,"upgradeOrConnect":false,"useChunkedEncodingByDefault":true,"writable":true},"status":401,"statusText":"Unauthorized"},"service":"spoken-word-chms","stack":"AxiosError: Request failed with status code 401\n    at settle (C:\\Users\\USER\\OneDrive\\Desktop\\2026 WORK\\SPOKEN\\backend\\node_modules\\axios\\dist\\node\\axios.cjs:2106:12)\n    at IncomingMessage.handleStreamEnd (C:\\Users\\USER\\OneDrive\\Desktop\\2026 WORK\\SPOKEN\\backend\\node_modules\\axios\\dist\\node\\axios.cjs:3491:11)\n    at IncomingMessage.emit (node:events:531:35)\n    at endReadableNT (node:internal/streams/readable:1696:12)\n    at process.processTicksAndRejections (node:internal/process/task_queues:82:21)\n    at Axios.request (C:\\Users\\USER\\OneDrive\\Desktop\\2026 WORK\\SPOKEN\\backend\\node_modules\\axios\\dist\\node\\axios.cjs:4731:41)\n    at process.processTicksAndRejections (node:internal/process/task_queues:95:5)","status":401,"timestamp":"2026-01-24 23:08:02"}
[31merror[39m: Request failed with status code 401 {"code":"ERR_BAD_REQUEST","config":{"adapter":["xhr","http","fetch"],"allowAbsoluteUrls":true,"data":"username=sandbox&to=%2B254743912192&message=We+are+excited+to+welcome+our+new+members+who+joined+us+this+month.+Please+introduce+yourself+after+the+service%21&bulkSMSMode=1","env":{},"headers":{"Accept":"application/json","Accept-Encoding":"gzip, compress, deflate, br","Content-Length":"172","Content-Type":"application/x-www-form-urlencoded;charset=utf-8","User-Agent":"axios/1.13.2","apikey":"atsk_14d921f6750ef9bcff13651d3d04cf40d567cbe650659c682114795c03fbea451fb9c889"},"maxBodyLength":-1,"maxContentLength":-1,"method":"post","timeout":0,"transformRequest":[null],"transformResponse":[null],"transitional":{"clarifyTimeoutError":false,"forcedJSONParsing":true,"silentJSONParsing":true},"url":"https://api.sandbox.africastalking.com/version1/messaging","xsrfCookieName":"XSRF-TOKEN","xsrfHeaderName":"X-XSRF-TOKEN"},"name":"AxiosError","request":{"_closed":true,"_contentLength":"172","_defaultKeepAlive":true,"_ended":true,"_events":{},"_eventsCount":7,"_hasBody":true,"_header":"POST /version1/messaging HTTP/1.1\r\nAccept: application/json\r\nContent-Type: application/x-www-form-urlencoded;charset=utf-8\r\napikey: atsk_14d921f6750ef9bcff13651d3d04cf40d567cbe650659c682114795c03fbea451fb9c889\r\nUser-Agent: axios/1.13.2\r\nContent-Length: 172\r\nAccept-Encoding: gzip, compress, deflate, br\r\nHost: api.sandbox.africastalking.com\r\nConnection: keep-alive\r\n\r\n","_headerSent":true,"_keepAliveTimeout":0,"_last":false,"_redirectable":{"_currentRequest":"[Circular]","_currentUrl":"https://api.sandbox.africastalking.com/version1/messaging","_ended":true,"_ending":true,"_events":{"socket":[null,null]},"_eventsCount":3,"_options":{"agents":{},"beforeRedirects":{},"headers":{"Accept":"application/json","Accept-Encoding":"gzip, compress, deflate, br","Content-Length":"172","Content-Type":"application/x-www-form-urlencoded;charset=utf-8","User-Agent":"axios/1.13.2","apikey":"atsk_14d921f6750ef9bcff13651d3d04cf40d567cbe650659c682114795c03fbea451fb9c889"},"hostname":"api.sandbox.africastalking.com","maxBodyLength":null,"maxRedirects":21,"method":"POST","nativeProtocols":{"http:":{"METHODS":["ACL","BIND","CHECKOUT","CONNECT","COPY","DELETE","GET","HEAD","LINK","LOCK","M-SEARCH","MERGE","MKACTIVITY","MKCALENDAR","MKCOL","MOVE","NOTIFY","OPTIONS","PATCH","POST","PROPFIND","PROPPATCH","PURGE","PUT","REBIND","REPORT","SEARCH","SOURCE","SUBSCRIBE","TRACE","UNBIND","UNLINK","UNLOCK","UNSUBSCRIBE"],"STATUS_CODES":{"100":"Continue","101":"Switching Protocols","102":"Processing","103":"Early Hints","200":"OK","201":"Created","202":"Accepted","203":"Non-Authoritative Information","204":"No Content","205":"Reset Content","206":"Partial Content","207":"Multi-Status","208":"Already Reported","226":"IM Used","300":"Multiple Choices","301":"Moved Permanently","302":"Found","303":"See Other","304":"Not Modified","305":"Use Proxy","307":"Temporary Redirect","308":"Permanent Redirect","400":"Bad Request","401":"Unauthorized","402":"Payment Required","403":"Forbidden","404":"Not Found","405":"Method Not Allowed","406":"Not Acceptable","407":"Proxy Authentication Required","408":"Request Timeout","409":"Conflict","410":"Gone","411":"Length Required","412":"Precondition Failed","413":"Payload Too Large","414":"URI Too Long","415":"Unsupported Media Type","416":"Range Not Satisfiable","417":"Expectation Failed","418":"I'm a Teapot","421":"Misdirected Request","422":"Unprocessable Entity","423":"Locked","424":"Failed Dependency","425":"Too Early","426":"Upgrade Required","428":"Precondition Required","429":"Too Many Requests","431":"Request Header Fields Too Large","451":"Unavailable For Legal Reasons","500":"Internal Server Error","501":"Not Implemented","502":"Bad Gateway","503":"Service Unavailable","504":"Gateway Timeout","505":"HTTP Version Not Supported","506":"Variant Also Negotiates","507":"Insufficient Storage","508":"Loop Detected","509":"Bandwidth Limit Exceeded","510":"Not Extended","511":"Network Authentication Required"},"globalAgent":{"_events":{},"_eventsCount":2,"defaultPort":80,"freeSockets":{},"keepAlive":true,"keepAliveMsecs":1000,"maxFreeSockets":256,"maxSockets":null,"maxTotalSockets":null,"options":{"keepAlive":true,"noDelay":true,"path":null,"scheduling":"lifo","timeout":5000},"protocol":"http:","requests":{},"scheduling":"lifo","sockets":{},"totalSocketCount":0},"maxHeaderSize":16384},"https:":{"globalAgent":{"_events":{},"_eventsCount":2,"_sessionCache":{"list":["api.sandbox.africastalking.com:443:::::::::::::::::::::"],"map":{"api.sandbox.africastalking.com:443:::::::::::::::::::::":{"data":[48,130,7,80,2,1,1,2,2,3,4,4,2,19,1,4,32,81,97,50,36,46,230,192,196,15,18,65,248,148,178,8,52,71,42,36,205,124,20,116,246,213,97,118,196,204,218,80,208,4,32,23,196,236,46,128,112,172,107,247,57,84,39,179,105,17,207,202,142,12,212,78,130,100,105,6,36,93,37,215,82,123,93,161,6,2,4,105,117,38,162,162,4,2,2,28,32,163,130,6,97,48,130,6,93,48,130,5,69,160,3,2,1,2,2,16,71,152,108,120,247,108,212,9,146,252,20,154,206,236,55,65,48,13,6,9,42,134,72,134,247,13,1,1,11,5,0,48,129,143,49,11,48,9,6,3,85,4,6,19,2,71,66,49,27,48,25,6,3,85,4,8,19,18,71,114,101,97,116,101,114,32,77,97,110,99,104,101,115,116,101,114,49,16,48,14,6,3,85,4,7,19,7,83,97,108,102,111,114,100,49,24,48,22,6,3,85,4,10,19,15,83,101,99,116,105,103,111,32,76,105,109,105,116,101,100,49,55,48,53,6,3,85,4,3,19,46,83,101,99,116,105,103,111,32,82,83,65,32,68,111,109,97,105,110,32,86,97,108,105,100,97,116,105,111,110,32,83,101,99,117,114,101,32,83,101,114,118,101,114,32,67,65,48,30,23,13,50,53,48,52,50,57,48,48,48,48,48,48,90,23,13,50,54,48,53,51,48,50,51,53,57,53,57,90,48,39,49,37,48,35,6,3,85,4,3,12,28,42,46,115,97,110,100,98,111,120,46,97,102,114,105,99,97,115,116,97,108,107,105,110,103,46,99,111,109,48,130,1,34,48,13,6,9,42,134,72,134,247,13,1,1,1,5,0,3,130,1,15,0,48,130,1,10,2,130,1,1,0,180,197,142,65,200,138,157,238,86,92,149,63,3,60,215,129,8,106,219,121,250,32,228,201,25,171,79,20,88,60,113,170,180,220,203,78,100,129,103,56,33,88,173,202,228,183,52,101,84,220,157,84,26,205,118,154,156,30,117,17,79,44,212,143,223,53,213,99,124,141,239,152,119,197,215,35,170,240,100,173,234,163,8,148,9,1,158,241,253,179,243,37,210,8,239,60,198,112,254,251,185,177,41,226,208,10,27,243,0,87,128,240,149,107,52,173,60,45,122,232,247,142,63,108,168,231,29,183,136,118,15,116,104,74,244,223,59,161,68,127,75,227,130,249,227,118,86,239,0,191,126,103,221,9,250,184,118,171,121,167,102,24,136,61,171,165,223,247,13,199,0,52,250,44,67,21,220,253,163,187,188,180,217,228,154,196,188,252,50,144,92,100,57,158,59,176,217,55,7,156,65,126,157,121,148,166,128,238,76,74,255,118,216,192,132,114,211,227,139,146,60,154,12,131,113,225,174,110,123,119,39,169,26,33,111,122,202,32,60,120,125,214,75,153,248,40,103,138,2,220,75,224,154,199,40,187,2,3,1,0,1,163,130,3,26,48,130,3,22,48,31,6,3,85,29,35,4,24,48,22,128,20,141,140,94,196,84,173,138,225,119,233,155,249,155,5,225,184,1,141,97,225,48,29,6,3,85,29,14,4,22,4,20,254,132,221,220,157,87,125,114,99,219,177,204,43,16,193,53,117,69,165,56,48,14,6,3,85,29,15,1,1,255,4,4,3,2,5,160,48,12,6,3,85,29,19,1,1,255,4,2,48,0,48,29,6,3,85,29,37,4,22,48,20,6,8,43,6,1,5,5,7,3,1,6,8,43,6,1,5,5,7,3,2,48,73,6,3,85,29,32,4,66,48,64,48,52,6,11,43,6,1,4,1,178,49,1,2,2,7,48,37,48,35,6,8,43,6,1,5,5,7,2,1,22,23,104,116,116,112,115,58,47,47,115,101,99,116,105,103,111,46,99,111,109,47,67,80,83,48,8,6,6,103,129,12,1,2,1,48,129,132,6,8,43,6,1,5,5,7,1,1,4,120,48,118,48,79,6,8,43,6,1,5,5,7,48,2,134,67,104,116,116,112,58,47,47,99,114,116,46,115,101,99,116,105,103,111,46,99,111,109,47,83,101,99,116,105,103,111,82,83,65,68,111,109,97,105,110,86,97,108,105,100,97,116,105,111,110,83,101,99,117,114,101,83,101,114,118,101,114,67,65,46,99,114,116,48,35,6,8,43,6,1,5,5,7,48,1,134,23,104,116,116,112,58,47,47,111,99,115,112,46,115,101,99,116,105,103,111,46,99,111,109,48,67,6,3,85,29,17,4,60,48,58,130,28,42,46,115,97,110,100,98,111,120,46,97,102,114,105,99,97,115,116,97,108,107,105,110,103,46,99,111,109,130,26,115,97,110,100,98,111,120,46,97,102,114,105,99,97,115,116,97,108,107,105,110,103,46,99,111,109,48,130,1,126,6,10,43,6,1,4,1,214,121,2,4,2,4,130,1,110,4,130,1,106,1,104,0,118,0,150,151,100,191,85,88,151,173,247,67,135,104,55,8,66,119,233,240,58,213,246,164,243,54,110,70,164,63,15,202,169,198,0,0,1,150,129,69,131,153,0,0,4,3,0,71,48,69,2,33,0,192,113,236,130,106,119,225,21,227,48,108,83,203,105,159,22,117,184,27,85,180,62,205,195,199,195,176,119,15,35,200,225,2,32,79,251,47,115,242,132,249,130,157,90,214,23,119,203,106,154,48,75,159,0,8,38,86,248,36,166,243,119,50,112,78,196,0,118,0,25,134,212,199,40,170,111,254,186,3,111,120,42,77,1,145,170,206,45,114,49,15,174,206,93,112,65,45,37,76,199,212,0,0,1,150,129,69,131,79,0,0,4,3,0,71,48,69,2,33,0,145,137,144,59,202,182,50,64,67,122,201,20,108,168,246,157,242,230,199,16,129,49,229,130,49,89,210,38,38,68,49,227,2,32,82,67,14,34,86,26,59,133,66,104,173,112,219,9,64,73,57,204,47,156,245,60,37,228,171,218,249,255,21,18,23,84,0,118,0,14,87,148,188,243,174,169,62,51,27,44,153,7,179,247,144,223,155,194,61,113,50,37,221,33,169,37,172,97,197,78,33,0,0,1,150,129,69,131,56,0,0,4,3,0,71,48,69,2,33,0,240,251,189,18,156,251,161,204,187,98,251,102,90,87,63,116,50,103,58,197,10,176,157,123,24,16,70,178,197,226,168,218,2,32,61,248,238,159,80,72,238,215,212,144,41,41,1,247,90,188,51,46,238,53,182,4,33,104,103,208,118,26,161,203,164,71,48,13,6,9,42,134,72,134,247,13,1,1,11,5,0,3,130,1,1,0,36,13,72,203,198,213,210,25,162,206,66,193,12,118,32,130,134,195,31,146,240,5,124,54,66,147,79,25,152,192,172,17,208,153,44,145,94,238,93,167,123,162,228,97,155,102,86,12,207,102,122,101,76,14,37,27,19,157,38,96,188,149,173,48,62,108,106,114,181,78,200,103,243,244,106,57,214,219,107,87,37,186,70,84,24,47,155,189,77,146,88,151,97,229,16,112,10,207,75,79,53,237,66,233,152,151,226,88,155,146,207,157,247,72,229,206,145,207,96,2,52,63,112,45,217,36,255,27,241,104,219,230,186,117,106,232,62,71,73,118,1,139,240,115,113,10,14,89,30,22,68,13,195,12,128,59,191,212,174,162,33,70,19,172,122,209,26,45,22,8,249,241,124,251,159,235,118,157,155,164,167,163,62,108,156,228,103,115,145,27,122,241,223,131,52,67,30,48,14,31,94,216,136,92,37,108,20,35,76,16,182,139,196,2,63,199,51,59,244,51,47,21,2,173,83,129,44,189,134,74,67,227,136,71,176,190,236,117,254,131,38,95,45,117,96,183,203,100,157,10,122,94,246,79,151,157,164,2,4,0,169,5,2,3,9,58,128,170,115,4,113,236,53,99,195,104,199,44,68,239,245,153,20,164,1,82,13,140,109,88,74,115,187,106,81,105,142,179,236,200,14,198,189,199,226,157,78,39,213,253,213,13,0,112,36,207,38,45,104,95,111,127,114,61,212,139,70,109,7,239,167,150,10,77,227,124,234,187,34,103,44,24,193,99,138,255,179,51,217,130,237,172,150,177,69,190,174,31,211,98,224,54,170,218,39,147,16,12,70,63,17,152,73,205,233,119,110,137,103,226,69,119,202,213,174,7,2,5,0,136,187,190,81,179,3,2,1,29],"type":"Buffer"}}},"defaultPort":443,"freeSockets":{"api.sandbox.africastalking.com:443:::::::::::::::::::::":[{"_SNICallback":null,"_closeAfterHandlingError":false,"_controlReleased":true,"_events":{"close":[null,null,null],"timeout":[null,null]},"_eventsCount":9,"_hadError":false,"_host":"api.sandbox.africastalking.com","_httpMessage":null,"_newSessionPending":false,"_parent":null,"_pendingData":null,"_pendingEncoding":"","_readableState":{"awaitDrainWriters":null,"buffer":[],"bufferIndex":0,"highWaterMark":16384,"length":0,"pipes":[]},"_rejectUnauthorized":true,"_requestCert":true,"_secureEstablished":true,"_securePending":false,"_server":null,"_sockname":null,"_tlsOptions":{"isServer":false,"pipe":false,"rejectUnauthorized":true,"requestCert":true,"secureContext":{"context":{}}},"_writableState":{"bufferedIndex":0,"corked":0,"highWaterMark":16384,"length":0,"pendingcb":0,"writelen":0},"allowHalfOpen":false,"alpnProtocol":false,"authorizationError":null,"authorized":true,"autoSelectFamilyAttemptedAddresses":["18.169.2.234:443"],"connecting":false,"encrypted":true,"parser":null,"secureConnecting":false,"servername":"api.sandbox.africastalking.com","ssl":{"_parent":{"onconnection":null,"reading":true},"_parentWrap":null,"_secureContext":{"context":{}},"reading":true},"timeout":5000}]},"keepAlive":true,"keepAliveMsecs":1000,"maxCachedSessions":100,"maxFreeSockets":256,"maxSockets":null,"maxTotalSockets":null,"options":{"keepAlive":true,"noDelay":true,"path":null,"scheduling":"lifo","timeout":5000},"protocol":"https:","requests":{},"scheduling":"lifo","sockets":{},"totalSocketCount":1}}},"path":"/version1/messaging","pathname":"/version1/messaging","port":"","protocol":"https:"},"_redirectCount":0,"_redirects":[],"_requestBodyBuffers":[],"_requestBodyLength":172,"_timeout":null,"_writableState":{"bufferedIndex":0,"corked":0,"highWaterMark":16384,"length":0,"pendingcb":0,"writelen":0}},"_removedConnection":false,"_removedContLen":false,"_removedTE":false,"_trailer":"","aborted":false,"agent":{"_events":{},"_eventsCount":2,"_sessionCache":{"list":["api.sandbox.africastalking.com:443:::::::::::::::::::::"],"map":{"api.sandbox.africastalking.com:443:::::::::::::::::::::":{"data":[48,130,7,80,2,1,1,2,2,3,4,4,2,19,1,4,32,81,97,50,36,46,230,192,196,15,18,65,248,148,178,8,52,71,42,36,205,124,20,116,246,213,97,118,196,204,218,80,208,4,32,23,196,236,46,128,112,172,107,247,57,84,39,179,105,17,207,202,142,12,212,78,130,100,105,6,36,93,37,215,82,123,93,161,6,2,4,105,117,38,162,162,4,2,2,28,32,163,130,6,97,48,130,6,93,48,130,5,69,160,3,2,1,2,2,16,71,152,108,120,247,108,212,9,146,252,20,154,206,236,55,65,48,13,6,9,42,134,72,134,247,13,1,1,11,5,0,48,129,143,49,11,48,9,6,3,85,4,6,19,2,71,66,49,27,48,25,6,3,85,4,8,19,18,71,114,101,97,116,101,114,32,77,97,110,99,104,101,115,116,101,114,49,16,48,14,6,3,85,4,7,19,7,83,97,108,102,111,114,100,49,24,48,22,6,3,85,4,10,19,15,83,101,99,116,105,103,111,32,76,105,109,105,116,101,100,49,55,48,53,6,3,85,4,3,19,46,83,101,99,116,105,103,111,32,82,83,65,32,68,111,109,97,105,110,32,86,97,108,105,100,97,116,105,111,110,32,83,101,99,117,114,101,32,83,101,114,118,101,114,32,67,65,48,30,23,13,50,53,48,52,50,57,48,48,48,48,48,48,90,23,13,50,54,48,53,51,48,50,51,53,57,53,57,90,48,39,49,37,48,35,6,3,85,4,3,12,28,42,46,115,97,110,100,98,111,120,46,97,102,114,105,99,97,115,116,97,108,107,105,110,103,46,99,111,109,48,130,1,34,48,13,6,9,42,134,72,134,247,13,1,1,1,5,0,3,130,1,15,0,48,130,1,10,2,130,1,1,0,180,197,142,65,200,138,157,238,86,92,149,63,3,60,215,129,8,106,219,121,250,32,228,201,25,171,79,20,88,60,113,170,180,220,203,78,100,129,103,56,33,88,173,202,228,183,52,101,84,220,157,84,26,205,118,154,156,30,117,17,79,44,212,143,223,53,213,99,124,141,239,152,119,197,215,35,170,240,100,173,234,163,8,148,9,1,158,241,253,179,243,37,210,8,239,60,198,112,254,251,185,177,41,226,208,10,27,243,0,87,128,240,149,107,52,173,60,45,122,232,247,142,63,108,168,231,29,183,136,118,15,116,104,74,244,223,59,161,68,127,75,227,130,249,227,118,86,239,0,191,126,103,221,9,250,184,118,171,121,167,102,24,136,61,171,165,223,247,13,199,0,52,250,44,67,21,220,253,163,187,188,180,217,228,154,196,188,252,50,144,92,100,57,158,59,176,217,55,7,156,65,126,157,121,148,166,128,238,76,74,255,118,216,192,132,114,211,227,139,146,60,154,12,131,113,225,174,110,123,119,39,169,26,33,111,122,202,32,60,120,125,214,75,153,248,40,103,138,2,220,75,224,154,199,40,187,2,3,1,0,1,163,130,3,26,48,130,3,22,48,31,6,3,85,29,35,4,24,48,22,128,20,141,140,94,196,84,173,138,225,119,233,155,249,155,5,225,184,1,141,97,225,48,29,6,3,85,29,14,4,22,4,20,254,132,221,220,157,87,125,114,99,219,177,204,43,16,193,53,117,69,165,56,48,14,6,3,85,29,15,1,1,255,4,4,3,2,5,160,48,12,6,3,85,29,19,1,1,255,4,2,48,0,48,29,6,3,85,29,37,4,22,48,20,6,8,43,6,1,5,5,7,3,1,6,8,43,6,1,5,5,7,3,2,48,73,6,3,85,29,32,4,66,48,64,48,52,6,11,43,6,1,4,1,178,49,1,2,2,7,48,37,48,35,6,8,43,6,1,5,5,7,2,1,22,23,104,116,116,112,115,58,47,47,115,101,99,116,105,103,111,46,99,111,109,47,67,80,83,48,8,6,6,103,129,12,1,2,1,48,129,132,6,8,43,6,1,5,5,7,1,1,4,120,48,118,48,79,6,8,43,6,1,5,5,7,48,2,134,67,104,116,116,112,58,47,47,99,114,116,46,115,101,99,116,105,103,111,46,99,111,109,47,83,101,99,116,105,103,111,82,83,65,68,111,109,97,105,110,86,97,108,105,100,97,116,105,111,110,83,101,99,117,114,101,83,101,114,118,101,114,67,65,46,99,114,116,48,35,6,8,43,6,1,5,5,7,48,1,134,23,104,116,116,112,58,47,47,111,99,115,112,46,115,101,99,116,105,103,111,46,99,111,109,48,67,6,3,85,29,17,4,60,48,58,130,28,42,46,115,97,110,100,98,111,120,46,97,102,114,105,99,97,115,116,97,108,107,105,110,103,46,99,111,109,130,26,115,97,110,100,98,111,120,46,97,102,114,105,99,97,115,116,97,108,107,105,110,103,46,99,111,109,48,130,1,126,6,10,43,6,1,4,1,214,121,2,4,2,4,130,1,110,4,130,1,106,1,104,0,118,0,150,151,100,191,85,88,151,173,247,67,135,104,55,8,66,119,233,240,58,213,246,164,243,54,110,70,164,63,15,202,169,198,0,0,1,150,129,69,131,153,0,0,4,3,0,71,48,69,2,33,0,192,113,236,130,106,119,225,21,227,48,108,83,203,105,159,22,117,184,27,85,180,62,205,195,199,195,176,119,15,35,200,225,2,32,79,251,47,115,242,132,249,130,157,90,214,23,119,203,106,154,48,75,159,0,8,38,86,248,36,166,243,119,50,112,78,196,0,118,0,25,134,212,199,40,170,111,254,186,3,111,120,42,77,1,145,170,206,45,114,49,15,174,206,93,112,65,45,37,76,199,212,0,0,1,150,129,69,131,79,0,0,4,3,0,71,48,69,2,33,0,145,137,144,59,202,182,50,64,67,122,201,20,108,168,246,157,242,230,199,16,129,49,229,130,49,89,210,38,38,68,49,227,2,32,82,67,14,34,86,26,59,133,66,104,173,112,219,9,64,73,57,204,47,156,245,60,37,228,171,218,249,255,21,18,23,84,0,118,0,14,87,148,188,243,174,169,62,51,27,44,153,7,179,247,144,223,155,194,61,113,50,37,221,33,169,37,172,97,197,78,33,0,0,1,150,129,69,131,56,0,0,4,3,0,71,48,69,2,33,0,240,251,189,18,156,251,161,204,187,98,251,102,90,87,63,116,50,103,58,197,10,176,157,123,24,16,70,178,197,226,168,218,2,32,61,248,238,159,80,72,238,215,212,144,41,41,1,247,90,188,51,46,238,53,182,4,33,104,103,208,118,26,161,203,164,71,48,13,6,9,42,134,72,134,247,13,1,1,11,5,0,3,130,1,1,0,36,13,72,203,198,213,210,25,162,206,66,193,12,118,32,130,134,195,31,146,240,5,124,54,66,147,79,25,152,192,172,17,208,153,44,145,94,238,93,167,123,162,228,97,155,102,86,12,207,102,122,101,76,14,37,27,19,157,38,96,188,149,173,48,62,108,106,114,181,78,200,103,243,244,106,57,214,219,107,87,37,186,70,84,24,47,155,189,77,146,88,151,97,229,16,112,10,207,75,79,53,237,66,233,152,151,226,88,155,146,207,157,247,72,229,206,145,207,96,2,52,63,112,45,217,36,255,27,241,104,219,230,186,117,106,232,62,71,73,118,1,139,240,115,113,10,14,89,30,22,68,13,195,12,128,59,191,212,174,162,33,70,19,172,122,209,26,45,22,8,249,241,124,251,159,235,118,157,155,164,167,163,62,108,156,228,103,115,145,27,122,241,223,131,52,67,30,48,14,31,94,216,136,92,37,108,20,35,76,16,182,139,196,2,63,199,51,59,244,51,47,21,2,173,83,129,44,189,134,74,67,227,136,71,176,190,236,117,254,131,38,95,45,117,96,183,203,100,157,10,122,94,246,79,151,157,164,2,4,0,169,5,2,3,9,58,128,170,115,4,113,236,53,99,195,104,199,44,68,239,245,153,20,164,1,82,13,140,109,88,74,115,187,106,81,105,142,179,236,200,14,198,189,199,226,157,78,39,213,253,213,13,0,112,36,207,38,45,104,95,111,127,114,61,212,139,70,109,7,239,167,150,10,77,227,124,234,187,34,103,44,24,193,99,138,255,179,51,217,130,237,172,150,177,69,190,174,31,211,98,224,54,170,218,39,147,16,12,70,63,17,152,73,205,233,119,110,137,103,226,69,119,202,213,174,7,2,5,0,136,187,190,81,179,3,2,1,29],"type":"Buffer"}}},"defaultPort":443,"freeSockets":{"api.sandbox.africastalking.com:443:::::::::::::::::::::":[{"_SNICallback":null,"_closeAfterHandlingError":false,"_controlReleased":true,"_events":{"close":[null,null,null],"timeout":[null,null]},"_eventsCount":9,"_hadError":false,"_host":"api.sandbox.africastalking.com","_httpMessage":null,"_newSessionPending":false,"_parent":null,"_pendingData":null,"_pendingEncoding":"","_readableState":{"awaitDrainWriters":null,"buffer":[],"bufferIndex":0,"highWaterMark":16384,"length":0,"pipes":[]},"_rejectUnauthorized":true,"_requestCert":true,"_secureEstablished":true,"_securePending":false,"_server":null,"_sockname":null,"_tlsOptions":{"isServer":false,"pipe":false,"rejectUnauthorized":true,"requestCert":true,"secureContext":{"context":{}}},"_writableState":{"bufferedIndex":0,"corked":0,"highWaterMark":16384,"length":0,"pendingcb":0,"writelen":0},"allowHalfOpen":false,"alpnProtocol":false,"authorizationError":null,"authorized":true,"autoSelectFamilyAttemptedAddresses":["18.169.2.234:443"],"connecting":false,"encrypted":true,"parser":null,"secureConnecting":false,"servername":"api.sandbox.africastalking.com","ssl":{"_parent":{"onconnection":null,"reading":true},"_parentWrap":null,"_secureContext":{"context":{}},"reading":true},"timeout":5000}]},"keepAlive":true,"keepAliveMsecs":1000,"maxCachedSessions":100,"maxFreeSockets":256,"maxSockets":null,"maxTotalSockets":null,"options":{"keepAlive":true,"noDelay":true,"path":null,"scheduling":"lifo","timeout":5000},"protocol":"https:","requests":{},"scheduling":"lifo","sockets":{},"totalSocketCount":1},"chunkedEncoding":false,"destroyed":true,"finished":true,"host":"api.sandbox.africastalking.com","maxHeadersCount":null,"maxRequestsOnConnectionReached":false,"method":"POST","outputData":[],"outputSize":0,"parser":null,"path":"/version1/messaging","protocol":"https:","res":{"_consuming":false,"_dumped":false,"_events":{"end":[null,null]},"_eventsCount":4,"_readableState":{"awaitDrainWriters":null,"buffer":[],"bufferIndex":0,"highWaterMark":16384,"length":0,"pipes":[]},"aborted":false,"client":{"_SNICallback":null,"_closeAfterHandlingError":false,"_controlReleased":true,"_events":{"close":[null,null,null],"timeout":[null,null]},"_eventsCount":9,"_hadError":false,"_host":"api.sandbox.africastalking.com","_httpMessage":null,"_newSessionPending":false,"_parent":null,"_pendingData":null,"_pendingEncoding":"","_readableState":{"awaitDrainWriters":null,"buffer":[],"bufferIndex":0,"highWaterMark":16384,"length":0,"pipes":[]},"_rejectUnauthorized":true,"_requestCert":true,"_secureEstablished":true,"_securePending":false,"_server":null,"_sockname":null,"_tlsOptions":{"isServer":false,"pipe":false,"rejectUnauthorized":true,"requestCert":true,"secureContext":{"context":{}}},"_writableState":{"bufferedIndex":0,"corked":0,"highWaterMark":16384,"length":0,"pendingcb":0,"writelen":0},"allowHalfOpen":false,"alpnProtocol":false,"authorizationError":null,"authorized":true,"autoSelectFamilyAttemptedAddresses":["18.169.2.234:443"],"connecting":false,"encrypted":true,"parser":null,"secureConnecting":false,"servername":"api.sandbox.africastalking.com","ssl":{"_parent":{"onconnection":null,"reading":true},"_parentWrap":null,"_secureContext":{"context":{}},"reading":true},"timeout":5000},"complete":true,"httpVersion":"1.1","httpVersionMajor":1,"httpVersionMinor":1,"method":null,"rawHeaders":["Content-Length","38","Content-Type","text/plain; charset=UTF-8","Date","Sat, 24 Jan 2026 20:08:04 GMT","Server","akka-http/10.2.10","Www-Authenticate","Basic realm=\"api\",charset=UTF-8"],"rawTrailers":[],"redirects":[],"req":"[Circular]","responseUrl":"https://api.sandbox.africastalking.com/version1/messaging","socket":null,"statusCode":401,"statusMessage":"Unauthorized","upgrade":false,"url":""},"reusedSocket":true,"sendDate":false,"shouldKeepAlive":true,"socket":{"_SNICallback":null,"_closeAfterHandlingError":false,"_controlReleased":true,"_events":{"close":[null,null,null],"timeout":[null,null]},"_eventsCount":9,"_hadError":false,"_host":"api.sandbox.africastalking.com","_httpMessage":null,"_newSessionPending":false,"_parent":null,"_pendingData":null,"_pendingEncoding":"","_readableState":{"awaitDrainWriters":null,"buffer":[],"bufferIndex":0,"highWaterMark":16384,"length":0,"pipes":[]},"_rejectUnauthorized":true,"_requestCert":true,"_secureEstablished":true,"_securePending":false,"_server":null,"_sockname":null,"_tlsOptions":{"isServer":false,"pipe":false,"rejectUnauthorized":true,"requestCert":true,"secureContext":{"context":{}}},"_writableState":{"bufferedIndex":0,"corked":0,"highWaterMark":16384,"length":0,"pendingcb":0,"writelen":0},"allowHalfOpen":false,"alpnProtocol":false,"authorizationError":null,"authorized":true,"autoSelectFamilyAttemptedAddresses":["18.169.2.234:443"],"connecting":false,"encrypted":true,"parser":null,"secureConnecting":false,"servername":"api.sandbox.africastalking.com","ssl":{"_parent":{"onconnection":null,"reading":true},"_parentWrap":null,"_secureContext":{"context":{}},"reading":true},"timeout":5000},"strictContentLength":false,"timeoutCb":null,"upgradeOrConnect":false,"useChunkedEncodingByDefault":true,"writable":true},"response":{"config":{"adapter":["xhr","http","fetch"],"allowAbsoluteUrls":true,"data":"username=sandbox&to=%2B254743912192&message=We+are+excited+to+welcome+our+new+members+who+joined+us+this+month.+Please+introduce+yourself+after+the+service%21&bulkSMSMode=1","env":{},"headers":{"Accept":"application/json","Accept-Encoding":"gzip, compress, deflate, br","Content-Length":"172","Content-Type":"application/x-www-form-urlencoded;charset=utf-8","User-Agent":"axios/1.13.2","apikey":"atsk_14d921f6750ef9bcff13651d3d04cf40d567cbe650659c682114795c03fbea451fb9c889"},"maxBodyLength":-1,"maxContentLength":-1,"method":"post","timeout":0,"transformRequest":[null],"transformResponse":[null],"transitional":{"clarifyTimeoutError":false,"forcedJSONParsing":true,"silentJSONParsing":true},"url":"https://api.sandbox.africastalking.com/version1/messaging","xsrfCookieName":"XSRF-TOKEN","xsrfHeaderName":"X-XSRF-TOKEN"},"data":"The supplied authentication is invalid","headers":{"content-length":"38","content-type":"text/plain; charset=UTF-8","date":"Sat, 24 Jan 2026 20:08:04 GMT","server":"akka-http/10.2.10","www-authenticate":"Basic realm=\"api\",charset=UTF-8"},"request":{"_closed":true,"_contentLength":"172","_defaultKeepAlive":true,"_ended":true,"_events":{},"_eventsCount":7,"_hasBody":true,"_header":"POST /version1/messaging HTTP/1.1\r\nAccept: application/json\r\nContent-Type: application/x-www-form-urlencoded;charset=utf-8\r\napikey: atsk_14d921f6750ef9bcff13651d3d04cf40d567cbe650659c682114795c03fbea451fb9c889\r\nUser-Agent: axios/1.13.2\r\nContent-Length: 172\r\nAccept-Encoding: gzip, compress, deflate, br\r\nHost: api.sandbox.africastalking.com\r\nConnection: keep-alive\r\n\r\n","_headerSent":true,"_keepAliveTimeout":0,"_last":false,"_redirectable":{"_currentRequest":"[Circular]","_currentUrl":"https://api.sandbox.africastalking.com/version1/messaging","_ended":true,"_ending":true,"_events":{"socket":[null,null]},"_eventsCount":3,"_options":{"agents":{},"beforeRedirects":{},"headers":{"Accept":"application/json","Accept-Encoding":"gzip, compress, deflate, br","Content-Length":"172","Content-Type":"application/x-www-form-urlencoded;charset=utf-8","User-Agent":"axios/1.13.2","apikey":"atsk_14d921f6750ef9bcff13651d3d04cf40d567cbe650659c682114795c03fbea451fb9c889"},"hostname":"api.sandbox.africastalking.com","maxBodyLength":null,"maxRedirects":21,"method":"POST","nativeProtocols":{"http:":{"METHODS":["ACL","BIND","CHECKOUT","CONNECT","COPY","DELETE","GET","HEAD","LINK","LOCK","M-SEARCH","MERGE","MKACTIVITY","MKCALENDAR","MKCOL","MOVE","NOTIFY","OPTIONS","PATCH","POST","PROPFIND","PROPPATCH","PURGE","PUT","REBIND","REPORT","SEARCH","SOURCE","SUBSCRIBE","TRACE","UNBIND","UNLINK","UNLOCK","UNSUBSCRIBE"],"STATUS_CODES":{"100":"Continue","101":"Switching Protocols","102":"Processing","103":"Early Hints","200":"OK","201":"Created","202":"Accepted","203":"Non-Authoritative Information","204":"No Content","205":"Reset Content","206":"Partial Content","207":"Multi-Status","208":"Already Reported","226":"IM Used","300":"Multiple Choices","301":"Moved Permanently","302":"Found","303":"See Other","304":"Not Modified","305":"Use Proxy","307":"Temporary Redirect","308":"Permanent Redirect","400":"Bad Request","401":"Unauthorized","402":"Payment Required","403":"Forbidden","404":"Not Found","405":"Method Not Allowed","406":"Not Acceptable","407":"Proxy Authentication Required","408":"Request Timeout","409":"Conflict","410":"Gone","411":"Length Required","412":"Precondition Failed","413":"Payload Too Large","414":"URI Too Long","415":"Unsupported Media Type","416":"Range Not Satisfiable","417":"Expectation Failed","418":"I'm a Teapot","421":"Misdirected Request","422":"Unprocessable Entity","423":"Locked","424":"Failed Dependency","425":"Too Early","426":"Upgrade Required","428":"Precondition Required","429":"Too Many Requests","431":"Request Header Fields Too Large","451":"Unavailable For Legal Reasons","500":"Internal Server Error","501":"Not Implemented","502":"Bad Gateway","503":"Service Unavailable","504":"Gateway Timeout","505":"HTTP Version Not Supported","506":"Variant Also Negotiates","507":"Insufficient Storage","508":"Loop Detected","509":"Bandwidth Limit Exceeded","510":"Not Extended","511":"Network Authentication Required"},"globalAgent":{"_events":{},"_eventsCount":2,"defaultPort":80,"freeSockets":{},"keepAlive":true,"keepAliveMsecs":1000,"maxFreeSockets":256,"maxSockets":null,"maxTotalSockets":null,"options":{"keepAlive":true,"noDelay":true,"path":null,"scheduling":"lifo","timeout":5000},"protocol":"http:","requests":{},"scheduling":"lifo","sockets":{},"totalSocketCount":0},"maxHeaderSize":16384},"https:":{"globalAgent":{"_events":{},"_eventsCount":2,"_sessionCache":{"list":["api.sandbox.africastalking.com:443:::::::::::::::::::::"],"map":{"api.sandbox.africastalking.com:443:::::::::::::::::::::":{"data":[48,130,7,80,2,1,1,2,2,3,4,4,2,19,1,4,32,81,97,50,36,46,230,192,196,15,18,65,248,148,178,8,52,71,42,36,205,124,20,116,246,213,97,118,196,204,218,80,208,4,32,23,196,236,46,128,112,172,107,247,57,84,39,179,105,17,207,202,142,12,212,78,130,100,105,6,36,93,37,215,82,123,93,161,6,2,4,105,117,38,162,162,4,2,2,28,32,163,130,6,97,48,130,6,93,48,130,5,69,160,3,2,1,2,2,16,71,152,108,120,247,108,212,9,146,252,20,154,206,236,55,65,48,13,6,9,42,134,72,134,247,13,1,1,11,5,0,48,129,143,49,11,48,9,6,3,85,4,6,19,2,71,66,49,27,48,25,6,3,85,4,8,19,18,71,114,101,97,116,101,114,32,77,97,110,99,104,101,115,116,101,114,49,16,48,14,6,3,85,4,7,19,7,83,97,108,102,111,114,100,49,24,48,22,6,3,85,4,10,19,15,83,101,99,116,105,103,111,32,76,105,109,105,116,101,100,49,55,48,53,6,3,85,4,3,19,46,83,101,99,116,105,103,111,32,82,83,65,32,68,111,109,97,105,110,32,86,97,108,105,100,97,116,105,111,110,32,83,101,99,117,114,101,32,83,101,114,118,101,114,32,67,65,48,30,23,13,50,53,48,52,50,57,48,48,48,48,48,48,90,23,13,50,54,48,53,51,48,50,51,53,57,53,57,90,48,39,49,37,48,35,6,3,85,4,3,12,28,42,46,115,97,110,100,98,111,120,46,97,102,114,105,99,97,115,116,97,108,107,105,110,103,46,99,111,109,48,130,1,34,48,13,6,9,42,134,72,134,247,13,1,1,1,5,0,3,130,1,15,0,48,130,1,10,2,130,1,1,0,180,197,142,65,200,138,157,238,86,92,149,63,3,60,215,129,8,106,219,121,250,32,228,201,25,171,79,20,88,60,113,170,180,220,203,78,100,129,103,56,33,88,173,202,228,183,52,101,84,220,157,84,26,205,118,154,156,30,117,17,79,44,212,143,223,53,213,99,124,141,239,152,119,197,215,35,170,240,100,173,234,163,8,148,9,1,158,241,253,179,243,37,210,8,239,60,198,112,254,251,185,177,41,226,208,10,27,243,0,87,128,240,149,107,52,173,60,45,122,232,247,142,63,108,168,231,29,183,136,118,15,116,104,74,244,223,59,161,68,127,75,227,130,249,227,118,86,239,0,191,126,103,221,9,250,184,118,171,121,167,102,24,136,61,171,165,223,247,13,199,0,52,250,44,67,21,220,253,163,187,188,180,217,228,154,196,188,252,50,144,92,100,57,158,59,176,217,55,7,156,65,126,157,121,148,166,128,238,76,74,255,118,216,192,132,114,211,227,139,146,60,154,12,131,113,225,174,110,123,119,39,169,26,33,111,122,202,32,60,120,125,214,75,153,248,40,103,138,2,220,75,224,154,199,40,187,2,3,1,0,1,163,130,3,26,48,130,3,22,48,31,6,3,85,29,35,4,24,48,22,128,20,141,140,94,196,84,173,138,225,119,233,155,249,155,5,225,184,1,141,97,225,48,29,6,3,85,29,14,4,22,4,20,254,132,221,220,157,87,125,114,99,219,177,204,43,16,193,53,117,69,165,56,48,14,6,3,85,29,15,1,1,255,4,4,3,2,5,160,48,12,6,3,85,29,19,1,1,255,4,2,48,0,48,29,6,3,85,29,37,4,22,48,20,6,8,43,6,1,5,5,7,3,1,6,8,43,6,1,5,5,7,3,2,48,73,6,3,85,29,32,4,66,48,64,48,52,6,11,43,6,1,4,1,178,49,1,2,2,7,48,37,48,35,6,8,43,6,1,5,5,7,2,1,22,23,104,116,116,112,115,58,47,47,115,101,99,116,105,103,111,46,99,111,109,47,67,80,83,48,8,6,6,103,129,12,1,2,1,48,129,132,6,8,43,6,1,5,5,7,1,1,4,120,48,118,48,79,6,8,43,6,1,5,5,7,48,2,134,67,104,116,116,112,58,47,47,99,114,116,46,115,101,99,116,105,103,111,46,99,111,109,47,83,101,99,116,105,103,111,82,83,65,68,111,109,97,105,110,86,97,108,105,100,97,116,105,111,110,83,101,99,117,114,101,83,101,114,118,101,114,67,65,46,99,114,116,48,35,6,8,43,6,1,5,5,7,48,1,134,23,104,116,116,112,58,47,47,111,99,115,112,46,115,101,99,116,105,103,111,46,99,111,109,48,67,6,3,85,29,17,4,60,48,58,130,28,42,46,115,97,110,100,98,111,120,46,97,102,114,105,99,97,115,116,97,108,107,105,110,103,46,99,111,109,130,26,115,97,110,100,98,111,120,46,97,102,114,105,99,97,115,116,97,108,107,105,110,103,46,99,111,109,48,130,1,126,6,10,43,6,1,4,1,214,121,2,4,2,4,130,1,110,4,130,1,106,1,104,0,118,0,150,151,100,191,85,88,151,173,247,67,135,104,55,8,66,119,233,240,58,213,246,164,243,54,110,70,164,63,15,202,169,198,0,0,1,150,129,69,131,153,0,0,4,3,0,71,48,69,2,33,0,192,113,236,130,106,119,225,21,227,48,108,83,203,105,159,22,117,184,27,85,180,62,205,195,199,195,176,119,15,35,200,225,2,32,79,251,47,115,242,132,249,130,157,90,214,23,119,203,106,154,48,75,159,0,8,38,86,248,36,166,243,119,50,112,78,196,0,118,0,25,134,212,199,40,170,111,254,186,3,111,120,42,77,1,145,170,206,45,114,49,15,174,206,93,112,65,45,37,76,199,212,0,0,1,150,129,69,131,79,0,0,4,3,0,71,48,69,2,33,0,145,137,144,59,202,182,50,64,67,122,201,20,108,168,246,157,242,230,199,16,129,49,229,130,49,89,210,38,38,68,49,227,2,32,82,67,14,34,86,26,59,133,66,104,173,112,219,9,64,73,57,204,47,156,245,60,37,228,171,218,249,255,21,18,23,84,0,118,0,14,87,148,188,243,174,169,62,51,27,44,153,7,179,247,144,223,155,194,61,113,50,37,221,33,169,37,172,97,197,78,33,0,0,1,150,129,69,131,56,0,0,4,3,0,71,48,69,2,33,0,240,251,189,18,156,251,161,204,187,98,251,102,90,87,63,116,50,103,58,197,10,176,157,123,24,16,70,178,197,226,168,218,2,32,61,248,238,159,80,72,238,215,212,144,41,41,1,247,90,188,51,46,238,53,182,4,33,104,103,208,118,26,161,203,164,71,48,13,6,9,42,134,72,134,247,13,1,1,11,5,0,3,130,1,1,0,36,13,72,203,198,213,210,25,162,206,66,193,12,118,32,130,134,195,31,146,240,5,124,54,66,147,79,25,152,192,172,17,208,153,44,145,94,238,93,167,123,162,228,97,155,102,86,12,207,102,122,101,76,14,37,27,19,157,38,96,188,149,173,48,62,108,106,114,181,78,200,103,243,244,106,57,214,219,107,87,37,186,70,84,24,47,155,189,77,146,88,151,97,229,16,112,10,207,75,79,53,237,66,233,152,151,226,88,155,146,207,157,247,72,229,206,145,207,96,2,52,63,112,45,217,36,255,27,241,104,219,230,186,117,106,232,62,71,73,118,1,139,240,115,113,10,14,89,30,22,68,13,195,12,128,59,191,212,174,162,33,70,19,172,122,209,26,45,22,8,249,241,124,251,159,235,118,157,155,164,167,163,62,108,156,228,103,115,145,27,122,241,223,131,52,67,30,48,14,31,94,216,136,92,37,108,20,35,76,16,182,139,196,2,63,199,51,59,244,51,47,21,2,173,83,129,44,189,134,74,67,227,136,71,176,190,236,117,254,131,38,95,45,117,96,183,203,100,157,10,122,94,246,79,151,157,164,2,4,0,169,5,2,3,9,58,128,170,115,4,113,236,53,99,195,104,199,44,68,239,245,153,20,164,1,82,13,140,109,88,74,115,187,106,81,105,142,179,236,200,14,198,189,199,226,157,78,39,213,253,213,13,0,112,36,207,38,45,104,95,111,127,114,61,212,139,70,109,7,239,167,150,10,77,227,124,234,187,34,103,44,24,193,99,138,255,179,51,217,130,237,172,150,177,69,190,174,31,211,98,224,54,170,218,39,147,16,12,70,63,17,152,73,205,233,119,110,137,103,226,69,119,202,213,174,7,2,5,0,136,187,190,81,179,3,2,1,29],"type":"Buffer"}}},"defaultPort":443,"freeSockets":{"api.sandbox.africastalking.com:443:::::::::::::::::::::":[{"_SNICallback":null,"_closeAfterHandlingError":false,"_controlReleased":true,"_events":{"close":[null,null,null],"timeout":[null,null]},"_eventsCount":9,"_hadError":false,"_host":"api.sandbox.africastalking.com","_httpMessage":null,"_newSessionPending":false,"_parent":null,"_pendingData":null,"_pendingEncoding":"","_readableState":{"awaitDrainWriters":null,"buffer":[],"bufferIndex":0,"highWaterMark":16384,"length":0,"pipes":[]},"_rejectUnauthorized":true,"_requestCert":true,"_secureEstablished":true,"_securePending":false,"_server":null,"_sockname":null,"_tlsOptions":{"isServer":false,"pipe":false,"rejectUnauthorized":true,"requestCert":true,"secureContext":{"context":{}}},"_writableState":{"bufferedIndex":0,"corked":0,"highWaterMark":16384,"length":0,"pendingcb":0,"writelen":0},"allowHalfOpen":false,"alpnProtocol":false,"authorizationError":null,"authorized":true,"autoSelectFamilyAttemptedAddresses":["18.169.2.234:443"],"connecting":false,"encrypted":true,"parser":null,"secureConnecting":false,"servername":"api.sandbox.africastalking.com","ssl":{"_parent":{"onconnection":null,"reading":true},"_parentWrap":null,"_secureContext":{"context":{}},"reading":true},"timeout":5000}]},"keepAlive":true,"keepAliveMsecs":1000,"maxCachedSessions":100,"maxFreeSockets":256,"maxSockets":null,"maxTotalSockets":null,"options":{"keepAlive":true,"noDelay":true,"path":null,"scheduling":"lifo","timeout":5000},"protocol":"https:","requests":{},"scheduling":"lifo","sockets":{},"totalSocketCount":1}}},"path":"/version1/messaging","pathname":"/version1/messaging","port":"","protocol":"https:"},"_redirectCount":0,"_redirects":[],"_requestBodyBuffers":[],"_requestBodyLength":172,"_timeout":null,"_writableState":{"bufferedIndex":0,"corked":0,"highWaterMark":16384,"length":0,"pendingcb":0,"writelen":0}},"_removedConnection":false,"_removedContLen":false,"_removedTE":false,"_trailer":"","aborted":false,"agent":{"_events":{},"_eventsCount":2,"_sessionCache":{"list":["api.sandbox.africastalking.com:443:::::::::::::::::::::"],"map":{"api.sandbox.africastalking.com:443:::::::::::::::::::::":{"data":[48,130,7,80,2,1,1,2,2,3,4,4,2,19,1,4,32,81,97,50,36,46,230,192,196,15,18,65,248,148,178,8,52,71,42,36,205,124,20,116,246,213,97,118,196,204,218,80,208,4,32,23,196,236,46,128,112,172,107,247,57,84,39,179,105,17,207,202,142,12,212,78,130,100,105,6,36,93,37,215,82,123,93,161,6,2,4,105,117,38,162,162,4,2,2,28,32,163,130,6,97,48,130,6,93,48,130,5,69,160,3,2,1,2,2,16,71,152,108,120,247,108,212,9,146,252,20,154,206,236,55,65,48,13,6,9,42,134,72,134,247,13,1,1,11,5,0,48,129,143,49,11,48,9,6,3,85,4,6,19,2,71,66,49,27,48,25,6,3,85,4,8,19,18,71,114,101,97,116,101,114,32,77,97,110,99,104,101,115,116,101,114,49,16,48,14,6,3,85,4,7,19,7,83,97,108,102,111,114,100,49,24,48,22,6,3,85,4,10,19,15,83,101,99,116,105,103,111,32,76,105,109,105,116,101,100,49,55,48,53,6,3,85,4,3,19,46,83,101,99,116,105,103,111,32,82,83,65,32,68,111,109,97,105,110,32,86,97,108,105,100,97,116,105,111,110,32,83,101,99,117,114,101,32,83,101,114,118,101,114,32,67,65,48,30,23,13,50,53,48,52,50,57,48,48,48,48,48,48,90,23,13,50,54,48,53,51,48,50,51,53,57,53,57,90,48,39,49,37,48,35,6,3,85,4,3,12,28,42,46,115,97,110,100,98,111,120,46,97,102,114,105,99,97,115,116,97,108,107,105,110,103,46,99,111,109,48,130,1,34,48,13,6,9,42,134,72,134,247,13,1,1,1,5,0,3,130,1,15,0,48,130,1,10,2,130,1,1,0,180,197,142,65,200,138,157,238,86,92,149,63,3,60,215,129,8,106,219,121,250,32,228,201,25,171,79,20,88,60,113,170,180,220,203,78,100,129,103,56,33,88,173,202,228,183,52,101,84,220,157,84,26,205,118,154,156,30,117,17,79,44,212,143,223,53,213,99,124,141,239,152,119,197,215,35,170,240,100,173,234,163,8,148,9,1,158,241,253,179,243,37,210,8,239,60,198,112,254,251,185,177,41,226,208,10,27,243,0,87,128,240,149,107,52,173,60,45,122,232,247,142,63,108,168,231,29,183,136,118,15,116,104,74,244,223,59,161,68,127,75,227,130,249,227,118,86,239,0,191,126,103,221,9,250,184,118,171,121,167,102,24,136,61,171,165,223,247,13,199,0,52,250,44,67,21,220,253,163,187,188,180,217,228,154,196,188,252,50,144,92,100,57,158,59,176,217,55,7,156,65,126,157,121,148,166,128,238,76,74,255,118,216,192,132,114,211,227,139,146,60,154,12,131,113,225,174,110,123,119,39,169,26,33,111,122,202,32,60,120,125,214,75,153,248,40,103,138,2,220,75,224,154,199,40,187,2,3,1,0,1,163,130,3,26,48,130,3,22,48,31,6,3,85,29,35,4,24,48,22,128,20,141,140,94,196,84,173,138,225,119,233,155,249,155,5,225,184,1,141,97,225,48,29,6,3,85,29,14,4,22,4,20,254,132,221,220,157,87,125,114,99,219,177,204,43,16,193,53,117,69,165,56,48,14,6,3,85,29,15,1,1,255,4,4,3,2,5,160,48,12,6,3,85,29,19,1,1,255,4,2,48,0,48,29,6,3,85,29,37,4,22,48,20,6,8,43,6,1,5,5,7,3,1,6,8,43,6,1,5,5,7,3,2,48,73,6,3,85,29,32,4,66,48,64,48,52,6,11,43,6,1,4,1,178,49,1,2,2,7,48,37,48,35,6,8,43,6,1,5,5,7,2,1,22,23,104,116,116,112,115,58,47,47,115,101,99,116,105,103,111,46,99,111,109,47,67,80,83,48,8,6,6,103,129,12,1,2,1,48,129,132,6,8,43,6,1,5,5,7,1,1,4,120,48,118,48,79,6,8,43,6,1,5,5,7,48,2,134,67,104,116,116,112,58,47,47,99,114,116,46,115,101,99,116,105,103,111,46,99,111,109,47,83,101,99,116,105,103,111,82,83,65,68,111,109,97,105,110,86,97,108,105,100,97,116,105,111,110,83,101,99,117,114,101,83,101,114,118,101,114,67,65,46,99,114,116,48,35,6,8,43,6,1,5,5,7,48,1,134,23,104,116,116,112,58,47,47,111,99,115,112,46,115,101,99,116,105,103,111,46,99,111,109,48,67,6,3,85,29,17,4,60,48,58,130,28,42,46,115,97,110,100,98,111,120,46,97,102,114,105,99,97,115,116,97,108,107,105,110,103,46,99,111,109,130,26,115,97,110,100,98,111,120,46,97,102,114,105,99,97,115,116,97,108,107,105,110,103,46,99,111,109,48,130,1,126,6,10,43,6,1,4,1,214,121,2,4,2,4,130,1,110,4,130,1,106,1,104,0,118,0,150,151,100,191,85,88,151,173,247,67,135,104,55,8,66,119,233,240,58,213,246,164,243,54,110,70,164,63,15,202,169,198,0,0,1,150,129,69,131,153,0,0,4,3,0,71,48,69,2,33,0,192,113,236,130,106,119,225,21,227,48,108,83,203,105,159,22,117,184,27,85,180,62,205,195,199,195,176,119,15,35,200,225,2,32,79,251,47,115,242,132,249,130,157,90,214,23,119,203,106,154,48,75,159,0,8,38,86,248,36,166,243,119,50,112,78,196,0,118,0,25,134,212,199,40,170,111,254,186,3,111,120,42,77,1,145,170,206,45,114,49,15,174,206,93,112,65,45,37,76,199,212,0,0,1,150,129,69,131,79,0,0,4,3,0,71,48,69,2,33,0,145,137,144,59,202,182,50,64,67,122,201,20,108,168,246,157,242,230,199,16,129,49,229,130,49,89,210,38,38,68,49,227,2,32,82,67,14,34,86,26,59,133,66,104,173,112,219,9,64,73,57,204,47,156,245,60,37,228,171,218,249,255,21,18,23,84,0,118,0,14,87,148,188,243,174,169,62,51,27,44,153,7,179,247,144,223,155,194,61,113,50,37,221,33,169,37,172,97,197,78,33,0,0,1,150,129,69,131,56,0,0,4,3,0,71,48,69,2,33,0,240,251,189,18,156,251,161,204,187,98,251,102,90,87,63,116,50,103,58,197,10,176,157,123,24,16,70,178,197,226,168,218,2,32,61,248,238,159,80,72,238,215,212,144,41,41,1,247,90,188,51,46,238,53,182,4,33,104,103,208,118,26,161,203,164,71,48,13,6,9,42,134,72,134,247,13,1,1,11,5,0,3,130,1,1,0,36,13,72,203,198,213,210,25,162,206,66,193,12,118,32,130,134,195,31,146,240,5,124,54,66,147,79,25,152,192,172,17,208,153,44,145,94,238,93,167,123,162,228,97,155,102,86,12,207,102,122,101,76,14,37,27,19,157,38,96,188,149,173,48,62,108,106,114,181,78,200,103,243,244,106,57,214,219,107,87,37,186,70,84,24,47,155,189,77,146,88,151,97,229,16,112,10,207,75,79,53,237,66,233,152,151,226,88,155,146,207,157,247,72,229,206,145,207,96,2,52,63,112,45,217,36,255,27,241,104,219,230,186,117,106,232,62,71,73,118,1,139,240,115,113,10,14,89,30,22,68,13,195,12,128,59,191,212,174,162,33,70,19,172,122,209,26,45,22,8,249,241,124,251,159,235,118,157,155,164,167,163,62,108,156,228,103,115,145,27,122,241,223,131,52,67,30,48,14,31,94,216,136,92,37,108,20,35,76,16,182,139,196,2,63,199,51,59,244,51,47,21,2,173,83,129,44,189,134,74,67,227,136,71,176,190,236,117,254,131,38,95,45,117,96,183,203,100,157,10,122,94,246,79,151,157,164,2,4,0,169,5,2,3,9,58,128,170,115,4,113,236,53,99,195,104,199,44,68,239,245,153,20,164,1,82,13,140,109,88,74,115,187,106,81,105,142,179,236,200,14,198,189,199,226,157,78,39,213,253,213,13,0,112,36,207,38,45,104,95,111,127,114,61,212,139,70,109,7,239,167,150,10,77,227,124,234,187,34,103,44,24,193,99,138,255,179,51,217,130,237,172,150,177,69,190,174,31,211,98,224,54,170,218,39,147,16,12,70,63,17,152,73,205,233,119,110,137,103,226,69,119,202,213,174,7,2,5,0,136,187,190,81,179,3,2,1,29],"type":"Buffer"}}},"defaultPort":443,"freeSockets":{"api.sandbox.africastalking.com:443:::::::::::::::::::::":[{"_SNICallback":null,"_closeAfterHandlingError":false,"_controlReleased":true,"_events":{"close":[null,null,null],"timeout":[null,null]},"_eventsCount":9,"_hadError":false,"_host":"api.sandbox.africastalking.com","_httpMessage":null,"_newSessionPending":false,"_parent":null,"_pendingData":null,"_pendingEncoding":"","_readableState":{"awaitDrainWriters":null,"buffer":[],"bufferIndex":0,"highWaterMark":16384,"length":0,"pipes":[]},"_rejectUnauthorized":true,"_requestCert":true,"_secureEstablished":true,"_securePending":false,"_server":null,"_sockname":null,"_tlsOptions":{"isServer":false,"pipe":false,"rejectUnauthorized":true,"requestCert":true,"secureContext":{"context":{}}},"_writableState":{"bufferedIndex":0,"corked":0,"highWaterMark":16384,"length":0,"pendingcb":0,"writelen":0},"allowHalfOpen":false,"alpnProtocol":false,"authorizationError":null,"authorized":true,"autoSelectFamilyAttemptedAddresses":["18.169.2.234:443"],"connecting":false,"encrypted":true,"parser":null,"secureConnecting":false,"servername":"api.sandbox.africastalking.com","ssl":{"_parent":{"onconnection":null,"reading":true},"_parentWrap":null,"_secureContext":{"context":{}},"reading":true},"timeout":5000}]},"keepAlive":true,"keepAliveMsecs":1000,"maxCachedSessions":100,"maxFreeSockets":256,"maxSockets":null,"maxTotalSockets":null,"options":{"keepAlive":true,"noDelay":true,"path":null,"scheduling":"lifo","timeout":5000},"protocol":"https:","requests":{},"scheduling":"lifo","sockets":{},"totalSocketCount":1},"chunkedEncoding":false,"destroyed":true,"finished":true,"host":"api.sandbox.africastalking.com","maxHeadersCount":null,"maxRequestsOnConnectionReached":false,"method":"POST","outputData":[],"outputSize":0,"parser":null,"path":"/version1/messaging","protocol":"https:","res":{"_consuming":false,"_dumped":false,"_events":{"end":[null,null]},"_eventsCount":4,"_readableState":{"awaitDrainWriters":null,"buffer":[],"bufferIndex":0,"highWaterMark":16384,"length":0,"pipes":[]},"aborted":false,"client":{"_SNICallback":null,"_closeAfterHandlingError":false,"_controlReleased":true,"_events":{"close":[null,null,null],"timeout":[null,null]},"_eventsCount":9,"_hadError":false,"_host":"api.sandbox.africastalking.com","_httpMessage":null,"_newSessionPending":false,"_parent":null,"_pendingData":null,"_pendingEncoding":"","_readableState":{"awaitDrainWriters":null,"buffer":[],"bufferIndex":0,"highWaterMark":16384,"length":0,"pipes":[]},"_rejectUnauthorized":true,"_requestCert":true,"_secureEstablished":true,"_securePending":false,"_server":null,"_sockname":null,"_tlsOptions":{"isServer":false,"pipe":false,"rejectUnauthorized":true,"requestCert":true,"secureContext":{"context":{}}},"_writableState":{"bufferedIndex":0,"corked":0,"highWaterMark":16384,"length":0,"pendingcb":0,"writelen":0},"allowHalfOpen":false,"alpnProtocol":false,"authorizationError":null,"authorized":true,"autoSelectFamilyAttemptedAddresses":["18.169.2.234:443"],"connecting":false,"encrypted":true,"parser":null,"secureConnecting":false,"servername":"api.sandbox.africastalking.com","ssl":{"_parent":{"onconnection":null,"reading":true},"_parentWrap":null,"_secureContext":{"context":{}},"reading":true},"timeout":5000},"complete":true,"httpVersion":"1.1","httpVersionMajor":1,"httpVersionMinor":1,"method":null,"rawHeaders":["Content-Length","38","Content-Type","text/plain; charset=UTF-8","Date","Sat, 24 Jan 2026 20:08:04 GMT","Server","akka-http/10.2.10","Www-Authenticate","Basic realm=\"api\",charset=UTF-8"],"rawTrailers":[],"redirects":[],"req":"[Circular]","responseUrl":"https://api.sandbox.africastalking.com/version1/messaging","socket":null,"statusCode":401,"statusMessage":"Unauthorized","upgrade":false,"url":""},"reusedSocket":true,"sendDate":false,"shouldKeepAlive":true,"socket":{"_SNICallback":null,"_closeAfterHandlingError":false,"_controlReleased":true,"_events":{"close":[null,null,null],"timeout":[null,null]},"_eventsCount":9,"_hadError":false,"_host":"api.sandbox.africastalking.com","_httpMessage":null,"_newSessionPending":false,"_parent":null,"_pendingData":null,"_pendingEncoding":"","_readableState":{"awaitDrainWriters":null,"buffer":[],"bufferIndex":0,"highWaterMark":16384,"length":0,"pipes":[]},"_rejectUnauthorized":true,"_requestCert":true,"_secureEstablished":true,"_securePending":false,"_server":null,"_sockname":null,"_tlsOptions":{"isServer":false,"pipe":false,"rejectUnauthorized":true,"requestCert":true,"secureContext":{"context":{}}},"_writableState":{"bufferedIndex":0,"corked":0,"highWaterMark":16384,"length":0,"pendingcb":0,"writelen":0},"allowHalfOpen":false,"alpnProtocol":false,"authorizationError":null,"authorized":true,"autoSelectFamilyAttemptedAddresses":["18.169.2.234:443"],"connecting":false,"encrypted":true,"parser":null,"secureConnecting":false,"servername":"api.sandbox.africastalking.com","ssl":{"_parent":{"onconnection":null,"reading":true},"_parentWrap":null,"_secureContext":{"context":{}},"reading":true},"timeout":5000},"strictContentLength":false,"timeoutCb":null,"upgradeOrConnect":false,"useChunkedEncodingByDefault":true,"writable":true},"status":401,"statusText":"Unauthorized"},"service":"spoken-word-chms","stack":"AxiosError: Request failed with status code 401\n    at settle (C:\\Users\\USER\\OneDrive\\Desktop\\2026 WORK\\SPOKEN\\backend\\node_modules\\axios\\dist\\node\\axios.cjs:2106:12)\n    at IncomingMessage.handleStreamEnd (C:\\Users\\USER\\OneDrive\\Desktop\\2026 WORK\\SPOKEN\\backend\\node_modules\\axios\\dist\\node\\axios.cjs:3491:11)\n    at IncomingMessage.emit (node:events:531:35)\n    at endReadableNT (node:internal/streams/readable:1696:12)\n    at process.processTicksAndRejections (node:internal/process/task_queues:82:21)\n    at Axios.request (C:\\Users\\USER\\OneDrive\\Desktop\\2026 WORK\\SPOKEN\\backend\\node_modules\\axios\\dist\\node\\axios.cjs:4731:41)\n    at process.processTicksAndRejections (node:internal/process/task_queues:95:5)","status":401,"timestamp":"2026-01-24 23:08:02"}
[32minfo[39m: Broadcast completed: {"announcementId":"d279173a-7275-42b5-9f66-deed148396ef","results":{"email":{"failed":0,"skipped":0,"success":2},"sms":{"failed":2,"skipped":0,"success":0},"total":2},"service":"spoken-word-chms","timestamp":"2026-01-24 23:08:02"}
Broadcast finished with results: {
  "message": "Broadcast completed",
  "results": {
    "total": 2,
    "email": {
      "success": 2,
      "failed": 0,
      "skipped": 0
    },
    "sms": {
      "success": 0,
      "failed": 2,
      "skipped": 0
    }
  }
}
